Archive member included to satisfy reference by file (symbol)

C:/ST/STM32CubeIDE_1.19.0/STM32CubeIDE/plugins/com.st.stm32cube.ide.mcu.externaltools.gnu-tools-for-stm32.13.3.rel1.win32_1.0.0.202411081344/tools/bin/../lib/gcc/arm-none-eabi/13.3.1/../../../../arm-none-eabi/lib/thumb/v7-m/nofp\libc_nano.a(libc_a-exit.o)
                              C:/ST/STM32CubeIDE_1.19.0/STM32CubeIDE/plugins/com.st.stm32cube.ide.mcu.externaltools.gnu-tools-for-stm32.13.3.rel1.win32_1.0.0.202411081344/tools/bin/../lib/gcc/arm-none-eabi/13.3.1/../../../../arm-none-eabi/lib/thumb/v7-m/nofp/crt0.o (exit)
C:/ST/STM32CubeIDE_1.19.0/STM32CubeIDE/plugins/com.st.stm32cube.ide.mcu.externaltools.gnu-tools-for-stm32.13.3.rel1.win32_1.0.0.202411081344/tools/bin/../lib/gcc/arm-none-eabi/13.3.1/../../../../arm-none-eabi/lib/thumb/v7-m/nofp\libc_nano.a(libc_a-findfp.o)
                              C:/ST/STM32CubeIDE_1.19.0/STM32CubeIDE/plugins/com.st.stm32cube.ide.mcu.externaltools.gnu-tools-for-stm32.13.3.rel1.win32_1.0.0.202411081344/tools/bin/../lib/gcc/arm-none-eabi/13.3.1/../../../../arm-none-eabi/lib/thumb/v7-m/nofp\libc_nano.a(libc_a-exit.o) (__stdio_exit_handler)
C:/ST/STM32CubeIDE_1.19.0/STM32CubeIDE/plugins/com.st.stm32cube.ide.mcu.externaltools.gnu-tools-for-stm32.13.3.rel1.win32_1.0.0.202411081344/tools/bin/../lib/gcc/arm-none-eabi/13.3.1/../../../../arm-none-eabi/lib/thumb/v7-m/nofp\libc_nano.a(libc_a-fwalk.o)
                              C:/ST/STM32CubeIDE_1.19.0/STM32CubeIDE/plugins/com.st.stm32cube.ide.mcu.externaltools.gnu-tools-for-stm32.13.3.rel1.win32_1.0.0.202411081344/tools/bin/../lib/gcc/arm-none-eabi/13.3.1/../../../../arm-none-eabi/lib/thumb/v7-m/nofp\libc_nano.a(libc_a-findfp.o) (_fwalk_sglue)
C:/ST/STM32CubeIDE_1.19.0/STM32CubeIDE/plugins/com.st.stm32cube.ide.mcu.externaltools.gnu-tools-for-stm32.13.3.rel1.win32_1.0.0.202411081344/tools/bin/../lib/gcc/arm-none-eabi/13.3.1/../../../../arm-none-eabi/lib/thumb/v7-m/nofp\libc_nano.a(libc_a-stdio.o)
                              C:/ST/STM32CubeIDE_1.19.0/STM32CubeIDE/plugins/com.st.stm32cube.ide.mcu.externaltools.gnu-tools-for-stm32.13.3.rel1.win32_1.0.0.202411081344/tools/bin/../lib/gcc/arm-none-eabi/13.3.1/../../../../arm-none-eabi/lib/thumb/v7-m/nofp\libc_nano.a(libc_a-findfp.o) (__sread)
C:/ST/STM32CubeIDE_1.19.0/STM32CubeIDE/plugins/com.st.stm32cube.ide.mcu.externaltools.gnu-tools-for-stm32.13.3.rel1.win32_1.0.0.202411081344/tools/bin/../lib/gcc/arm-none-eabi/13.3.1/../../../../arm-none-eabi/lib/thumb/v7-m/nofp\libc_nano.a(libc_a-memcmp.o)
                              ./Core/Src/App/comm.o (memcmp)
C:/ST/STM32CubeIDE_1.19.0/STM32CubeIDE/plugins/com.st.stm32cube.ide.mcu.externaltools.gnu-tools-for-stm32.13.3.rel1.win32_1.0.0.202411081344/tools/bin/../lib/gcc/arm-none-eabi/13.3.1/../../../../arm-none-eabi/lib/thumb/v7-m/nofp\libc_nano.a(libc_a-memset.o)
                              C:/ST/STM32CubeIDE_1.19.0/STM32CubeIDE/plugins/com.st.stm32cube.ide.mcu.externaltools.gnu-tools-for-stm32.13.3.rel1.win32_1.0.0.202411081344/tools/bin/../lib/gcc/arm-none-eabi/13.3.1/../../../../arm-none-eabi/lib/thumb/v7-m/nofp/crt0.o (memset)
C:/ST/STM32CubeIDE_1.19.0/STM32CubeIDE/plugins/com.st.stm32cube.ide.mcu.externaltools.gnu-tools-for-stm32.13.3.rel1.win32_1.0.0.202411081344/tools/bin/../lib/gcc/arm-none-eabi/13.3.1/../../../../arm-none-eabi/lib/thumb/v7-m/nofp\libc_nano.a(libc_a-closer.o)
                              C:/ST/STM32CubeIDE_1.19.0/STM32CubeIDE/plugins/com.st.stm32cube.ide.mcu.externaltools.gnu-tools-for-stm32.13.3.rel1.win32_1.0.0.202411081344/tools/bin/../lib/gcc/arm-none-eabi/13.3.1/../../../../arm-none-eabi/lib/thumb/v7-m/nofp\libc_nano.a(libc_a-stdio.o) (_close_r)
C:/ST/STM32CubeIDE_1.19.0/STM32CubeIDE/plugins/com.st.stm32cube.ide.mcu.externaltools.gnu-tools-for-stm32.13.3.rel1.win32_1.0.0.202411081344/tools/bin/../lib/gcc/arm-none-eabi/13.3.1/../../../../arm-none-eabi/lib/thumb/v7-m/nofp\libc_nano.a(libc_a-reent.o)
                              C:/ST/STM32CubeIDE_1.19.0/STM32CubeIDE/plugins/com.st.stm32cube.ide.mcu.externaltools.gnu-tools-for-stm32.13.3.rel1.win32_1.0.0.202411081344/tools/bin/../lib/gcc/arm-none-eabi/13.3.1/../../../../arm-none-eabi/lib/thumb/v7-m/nofp\libc_nano.a(libc_a-closer.o) (errno)
C:/ST/STM32CubeIDE_1.19.0/STM32CubeIDE/plugins/com.st.stm32cube.ide.mcu.externaltools.gnu-tools-for-stm32.13.3.rel1.win32_1.0.0.202411081344/tools/bin/../lib/gcc/arm-none-eabi/13.3.1/../../../../arm-none-eabi/lib/thumb/v7-m/nofp\libc_nano.a(libc_a-impure.o)
                              C:/ST/STM32CubeIDE_1.19.0/STM32CubeIDE/plugins/com.st.stm32cube.ide.mcu.externaltools.gnu-tools-for-stm32.13.3.rel1.win32_1.0.0.202411081344/tools/bin/../lib/gcc/arm-none-eabi/13.3.1/../../../../arm-none-eabi/lib/thumb/v7-m/nofp\libc_nano.a(libc_a-reent.o) (_impure_ptr)
[...]
Memory Configuration

Name             Origin             Length             Attributes
RAM              0x20000000         0x00005000         xrw
FLASH            0x08000000         0x00010000         xr
*default*        0x00000000         0xffffffff

Linker script and memory map

LOAD C:/ST/STM32CubeIDE_1.19.0/STM32CubeIDE/plugins/com.st.stm32cube.ide.mcu.externaltools.gnu-tools-for-stm32.13.3.rel1.win32_1.0.0.202411081344/tools/bin/../lib/gcc/arm-none-eabi/13.3.1/thumb/v7-m/nofp/crti.o
LOAD C:/ST/STM32CubeIDE_1.19.0/STM32CubeIDE/plugins/com.st.stm32cube.ide.mcu.externaltools.gnu-tools-for-stm32.13.3.rel1.win32_1.0.0.202411081344/tools/bin/../lib/gcc/arm-none-eabi/13.3.1/thumb/v7-m/nofp/crtbegin.o
LOAD C:/ST/STM32CubeIDE_1.19.0/STM32CubeIDE/plugins/com.st.stm32cube.ide.mcu.externaltools.gnu-tools-for-stm32.13.3.rel1.win32_1.0.0.202411081344/tools/bin/../lib/gcc/arm-none-eabi/13.3.1/../../../../arm-none-eabi/lib/thumb/v7-m/nofp/crt0.o
LOAD ./Core/Src/App/comm.o
LOAD ./Core/Src/App/config.o
LOAD ./Core/Src/App/input_proto.o
LOAD ./Core/Src/App/state_machine.o
LOAD ./Core/Src/Drivers/flash_drv.o
LOAD ./Core/Src/Drivers/heater_drv.o
LOAD ./Core/Src/Drivers/pwm_drv.o
LOAD ./Core/Src/Drivers/servo_drv.o
LOAD ./Core/Src/Drivers/switches_drv.o
LOAD ./Core/Src/Drivers/thermo_drv.o
LOAD ./Core/Src/Drivers/uart_drv.o
LOAD ./Core/Src/Drivers/voltage_drv.o
LOAD ./Core/Src/adc.o
LOAD ./Core/Src/app.o
LOAD ./Core/Src/dma.o
LOAD ./Core/Src/ds18b20.o
LOAD ./Core/Src/gpio.o
LOAD ./Core/Src/main.o
LOAD ./Core/Src/ow.o
LOAD ./Core/Src/spi.o
LOAD ./Core/Src/stm32f1xx_hal_msp.o
LOAD ./Core/Src/stm32f1xx_it.o
LOAD ./Core/Src/syscalls.o
LOAD ./Core/Src/sysmem.o
LOAD ./Core/Src/system_stm32f1xx.o
LOAD ./Core/Src/temparature.o
LOAD ./Core/Src/tim.o
LOAD ./Core/Src/usart.o
LOAD ./Core/Startup/startup_stm32f103c8tx.o
LOAD ./Drivers/STM32F1xx_HAL_Driver/Src/stm32f1xx_hal.o
LOAD ./Drivers/STM32F1xx_HAL_Driver/Src/stm32f1xx_hal_adc.o
LOAD ./Drivers/STM32F1xx_HAL_Driver/Src/stm32f1xx_hal_adc_ex.o
LOAD ./Drivers/STM32F1xx_HAL_Driver/Src/stm32f1xx_hal_cortex.o
LOAD ./Drivers/STM32F1xx_HAL_Driver/Src/stm32f1xx_hal_dma.o
LOAD ./Drivers/STM32F1xx_HAL_Driver/Src/stm32f1xx_hal_exti.o
LOAD ./Drivers/STM32F1xx_HAL_Driver/Src/stm32f1xx_hal_flash.o
LOAD ./Drivers/STM32F1xx_HAL_Driver/Src/stm32f1xx_hal_flash_ex.o
LOAD ./Drivers/STM32F1xx_HAL_Driver/Src/stm32f1xx_hal_gpio.o
LOAD ./Drivers/STM32F1xx_HAL_Driver/Src/stm32f1xx_hal_gpio_ex.o
LOAD ./Drivers/STM32F1xx_HAL_Driver/Src/stm32f1xx_hal_pwr.o
LOAD ./Drivers/STM32F1xx_HAL_Driver/Src/stm32f1xx_hal_rcc.o
LOAD ./Drivers/STM32F1xx_HAL_Driver/Src/stm32f1xx_hal_rcc_ex.o
LOAD ./Drivers/STM32F1xx_HAL_Driver/Src/stm32f1xx_hal_spi.o
LOAD ./Drivers/STM32F1xx_HAL_Driver/Src/stm32f1xx_hal_tim.o
LOAD ./Drivers/STM32F1xx_HAL_Driver/Src/stm32f1xx_hal_tim_ex.o
LOAD ./Drivers/STM32F1xx_HAL_Driver/Src/stm32f1xx_hal_uart.o
START GROUP
LOAD C:/ST/STM32CubeIDE_1.19.0/STM32CubeIDE/plugins/com.st.stm32cube.ide.mcu.externaltools.gnu-tools-for-stm32.13.3.rel1.win32_1.0.0.202411081344/tools/bin/../lib/gcc/arm-none-eabi/13.3.1/../../../../arm-none-eabi/lib/thumb/v7-m/nofp\libc_nano.a
LOAD C:/ST/STM32CubeIDE_1.19.0/STM32CubeIDE/plugins/com.st.stm32cube.ide.mcu.externaltools.gnu-tools-for-stm32.13.3.rel1.win32_1.0.0.202411081344/tools/bin/../lib/gcc/arm-none-eabi/13.3.1/../../../../arm-none-eabi/lib/thumb/v7-m/nofp\libm.a
END GROUP
START GROUP
LOAD C:/ST/STM32CubeIDE_1.19.0/STM32CubeIDE/plugins/com.st.stm32cube.ide.mcu.externaltools.gnu-tools-for-stm32.13.3.rel1.win32_1.0.0.202411081344/tools/bin/../lib/gcc/arm-none-eabi/13.3.1/thumb/v7-m/nofp\libgcc.a
LOAD C:/ST/STM32CubeIDE_1.19.0/STM32CubeIDE/plugins/com.st.stm32cube.ide.mcu.externaltools.gnu-tools-for-stm32.13.3.rel1.win32_1.0.0.202411081344/tools/bin/../lib/gcc/arm-none-eabi/13.3.1/../../../../arm-none-eabi/lib/thumb/v7-m/nofp\libc_nano.a
END GROUP
START GROUP
LOAD C:/ST/STM32CubeIDE_1.19.0/STM32CubeIDE/plugins/com.st.stm32cube.ide.mcu.externaltools.gnu-tools-for-stm32.13.3.rel1.win32_1.0.0.202411081344/tools/bin/../lib/gcc/arm-none-eabi/13.3.1/thumb/v7-m/nofp\libgcc.a
LOAD C:/ST/STM32CubeIDE_1.19.0/STM32CubeIDE/plugins/com.st.stm32cube.ide.mcu.externaltools.gnu-tools-for-stm32.13.3.rel1.win32_1.0.0.202411081344/tools/bin/../lib/gcc/arm-none-eabi/13.3.1/../../../../arm-none-eabi/lib/thumb/v7-m/nofp\libc_nano.a
LOAD C:/ST/STM32CubeIDE_1.19.0/STM32CubeIDE/plugins/com.st.stm32cube.ide.mcu.externaltools.gnu-tools-for-stm32.13.3.rel1.win32_1.0.0.202411081344/tools/bin/../lib/gcc/arm-none-eabi/13.3.1/../../../../arm-none-eabi/lib/thumb/v7-m/nofp\libnosys.a
END GROUP
START GROUP
LOAD C:/ST/STM32CubeIDE_1.19.0/STM32CubeIDE/plugins/com.st.stm32cube.ide.mcu.externaltools.gnu-tools-for-stm32.13.3.rel1.win32_1.0.0.202411081344/tools/bin/../lib/gcc/arm-none-eabi/13.3.1/thumb/v7-m/nofp\libgcc.a
LOAD C:/ST/STM32CubeIDE_1.19.0/STM32CubeIDE/plugins/com.st.stm32cube.ide.mcu.externaltools.gnu-tools-for-stm32.13.3.rel1.win32_1.0.0.202411081344/tools/bin/../lib/gcc/arm-none-eabi/13.3.1/../../../../arm-none-eabi/lib/thumb/v7-m/nofp\libc_nano.a
LOAD C:/ST/STM32CubeIDE_1.19.0/STM32CubeIDE/plugins/com.st.stm32cube.ide.mcu.externaltools.gnu-tools-for-stm32.13.3.rel1.win32_1.0.0.202411081344/tools/bin/../lib/gcc/arm-none-eabi/13.3.1/../../../../arm-none-eabi/lib/thumb/v7-m/nofp\libnosys.a
END GROUP
LOAD C:/ST/STM32CubeIDE_1.19.0/STM32CubeIDE/plugins/com.st.stm32cube.ide.mcu.externaltools.gnu-tools-for-stm32.13.3.rel1.win32_1.0.0.202411081344/tools/bin/../lib/gcc/arm-none-eabi/13.3.1/thumb/v7-m/nofp/crtend.o
LOAD C:/ST/STM32CubeIDE_1.19.0/STM32CubeIDE/plugins/com.st.stm32cube.ide.mcu.externaltools.gnu-tools-for-stm32.13.3.rel1.win32_1.0.0.202411081344/tools/bin/../lib/gcc/arm-none-eabi/13.3.1/thumb/v7-m/nofp/crtn.o
                0x20005000                        _estack = (ORIGIN (RAM) + LENGTH (RAM))
                0x00000200                        _Min_Heap_Size = 0x200
                0x00000400                        _Min_Stack_Size = 0x400

.isr_vector     0x08000000      0x10c
                0x08000000                        . = ALIGN (0x4)
 *(.isr_vector)
 .isr_vector    0x08000000      0x10c ./Core/Startup/startup_stm32f103c8tx.o
                0x08000000                g_pfnVectors
                0x0800010c                        . = ALIGN (0x4)

.text           0x0800010c     0xc06c
                0x0800010c                        . = ALIGN (0x4)
 *(.text)
 .text          0x0800010c       0x40 C:/ST/STM32CubeIDE_1.19.0/STM32CubeIDE/plugins/com.st.stm32cube.ide.mcu.externaltools.gnu-tools-for-stm32.13.3.rel1.win32_1.0.0.202411081344/tools/bin/../lib/gcc/arm-none-eabi/13.3.1/thumb/v7-m/nofp/crtbegin.o
 .text          0x0800014c      0x21c C:/ST/STM32CubeIDE_1.19.0/STM32CubeIDE/plugins/com.st.stm32cube.ide.mcu.externaltools.gnu-tools-for-stm32.13.3.rel1.win32_1.0.0.202411081344/tools/bin/../lib/gcc/arm-none-eabi/13.3.1/thumb/v7-m/nofp\libgcc.a(_arm_addsubsf3.o)
                0x0800014c                __aeabi_frsub
                0x08000154                __subsf3
                0x08000154                __aeabi_fsub
                0x08000158                __aeabi_fadd
                0x08000158                __addsf3
                0x080002b8                __aeabi_ui2f
                0x080002b8                __floatunsisf
                0x080002c0                __aeabi_i2f
                0x080002c0                __floatsisf
                0x080002dc                __aeabi_ul2f
                0x080002dc                __floatundisf
                0x080002ec                __aeabi_l2f
                0x080002ec                __floatdisf
 .text          0x08000368      0x2a0 C:/ST/STM32CubeIDE_1.19.0/STM32CubeIDE/plugins/com.st.stm32cube.ide.mcu.externaltools.gnu-tools-for-stm32.13.3.rel1.win32_1.0.0.202411081344/tools/bin/../lib/gcc/arm-none-eabi/13.3.1/thumb/v7-m/nofp\libgcc.a(_arm_muldivsf3.o)
                0x08000368                __mulsf3
                0x08000368                __aeabi_fmul
                0x080004d0                __aeabi_fdiv
                0x080004d0                __divsf3
 .text          0x08000608       0xec C:/ST/STM32CubeIDE_1.19.0/STM32CubeIDE/plugins/com.st.stm32cube.ide.mcu.externaltools.gnu-tools-for-stm32.13.3.rel1.win32_1.0.0.202411081344/tools/bin/../lib/gcc/arm-none-eabi/13.3.1/thumb/v7-m/nofp\libgcc.a(_arm_cmpsf2.o)
                0x08000608                __gesf2
                0x08000608                __gtsf2
                0x08000610                __lesf2
                0x08000610                __ltsf2
                0x08000618                __nesf2
                0x08000618                __eqsf2
                0x08000618                __cmpsf2
                0x08000678                __aeabi_cfrcmple
                0x08000680                __aeabi_cfcmpeq
                0x08000680                __aeabi_cfcmple
                0x08000690                __aeabi_fcmpeq
                0x080006a4                __aeabi_fcmplt
                0x080006b8                __aeabi_fcmple
                0x080006cc                __aeabi_fcmpge
                0x080006e0                __aeabi_fcmpgt
 .text          0x080006f4       0x40 C:/ST/STM32CubeIDE_1.19.0/STM32CubeIDE/plugins/com.st.stm32cube.ide.mcu.externaltools.gnu-tools-for-stm32.13.3.rel1.win32_1.0.0.202411081344/tools/bin/../lib/gcc/arm-none-eabi/13.3.1/thumb/v7-m/nofp\libgcc.a(_arm_fixunssfsi.o)
                0x080006f4                __fixunssfsi
                0x080006f4                __aeabi_f2uiz
 *(.text*)
 .text.crc_accumulate
                0x08000734       0x68 ./Core/Src/App/comm.o
 .text.crc_init
                0x0800079c       0x1a ./Core/Src/App/comm.o
 .text.crc_calculate
                0x080007b6       0x40 ./Core/Src/App/comm.o
 .text.crc_accumulate_buffer
                0x080007f6       0x38 ./Core/Src/App/comm.o
 *fill*         0x0800082e        0x2 
 .text.mavlink_sha256_init
                0x08000830       0x70 ./Core/Src/App/comm.o
 .text.mavlink_sha256_calc
                0x080008a0      0x3c0 ./Core/Src/App/comm.o
 .text.mavlink_sha256_update
                0x08000c60      0x104 ./Core/Src/App/comm.o
 .text.mavlink_sha256_final_48
                0x08000d64      0x12e ./Core/Src/App/comm.o
 *fill*         0x08000e92        0x2 
 .text.mavlink_get_channel_status
                0x08000e94       0x28 ./Core/Src/App/comm.o
 .text.mavlink_get_channel_buffer
                0x08000ebc       0x28 ./Core/Src/App/comm.o
 .text.mavlink_sign_packet
                0x08000ee4       0xcc ./Core/Src/App/comm.o
 .text._mav_trim_payload
                0x08000fb0       0x34 ./Core/Src/App/comm.o
 .text.mavlink_signature_check
                0x08000fe4      0x2a0 ./Core/Src/App/comm.o
 .text.mavlink_finalize_message_buffer
                0x08001284      0x26e ./Core/Src/App/comm.o
 .text.mavlink_finalize_message_chan
                0x080014f2       0x48 ./Core/Src/App/comm.o
 .text.mavlink_finalize_message
                0x0800153a       0x3c ./Core/Src/App/comm.o
 .text._mav_parse_error
                0x08001576       0x1e ./Core/Src/App/comm.o
 .text.mavlink_msg_to_send_buffer
                0x08001594      0x1be ./Core/Src/App/comm.o
 .text.mavlink_start_checksum
                0x08001752       0x24 ./Core/Src/App/comm.o
 .text.mavlink_update_checksum
                0x08001776       0x30 ./Core/Src/App/comm.o
 *fill*         0x080017a6        0x2 
 .text.mavlink_get_msg_entry
                0x080017a8       0x9c ./Core/Src/App/comm.o
 .text.mavlink_frame_char_buffer
                0x08001844      0x5d0 ./Core/Src/App/comm.o
 .text.mavlink_frame_char
                0x08001e14       0x3e ./Core/Src/App/comm.o
 .text.mavlink_parse_char
                0x08001e52       0x7a ./Core/Src/App/comm.o
 .text.mavlink_msg_heartbeat_decode
                0x08001ecc       0x36 ./Core/Src/App/comm.o
 .text.mavlink_msg_command_long_pack
                0x08001f02       0x8c ./Core/Src/App/comm.o
 .text.mavlink_msg_command_long_decode
                0x08001f8e       0x36 ./Core/Src/App/comm.o
 .text.mavlink_msg_debug_transmit_pack
                0x08001fc4       0x94 ./Core/Src/App/comm.o
 .text.mavlink_msg_debug_set_pack
                0x08002058       0x62 ./Core/Src/App/comm.o
 .text.mavlink_msg_debug_set_decode
                0x080020ba       0x36 ./Core/Src/App/comm.o
 .text.mavlink_msg_debug_do_pack
                0x080020f0       0x56 ./Core/Src/App/comm.o
 .text.mavlink_msg_debug_do_decode
                0x08002146       0x36 ./Core/Src/App/comm.o
 .text.mavlink_msg_skynet_pack
                0x0800217c       0x66 ./Core/Src/App/comm.o
 .text.mavlink_msg_skynet_decode
                0x080021e2       0x36 ./Core/Src/App/comm.o
 .text.comm_process_pending
                0x08002218       0x58 ./Core/Src/App/comm.o
                0x08002218                comm_process_pending
 .text.comm_systick
                0x08002270       0x6c ./Core/Src/App/comm.o
                0x08002270                comm_systick
 .text.comm_heartbeat_tick
                0x080022dc       0x4c ./Core/Src/App/comm.o
                0x080022dc                comm_heartbeat_tick
 .text.comm_debug_stream_tick
                0x08002328       0x48 ./Core/Src/App/comm.o
                0x08002328                comm_debug_stream_tick
 .text.comm_status_tick
                0x08002370       0x74 ./Core/Src/App/comm.o
                0x08002370                comm_status_tick
 .text.comm_set_pwm_mode
                0x080023e4       0x10 ./Core/Src/App/comm.o
                0x080023e4                comm_set_pwm_mode
 .text.comm_notify_pwm_command
                0x080023f4       0x34 ./Core/Src/App/comm.o
                0x080023f4                comm_notify_pwm_command
 .text.comm_get_mode
                0x08002428       0x14 ./Core/Src/App/comm.o
                0x08002428                comm_get_mode
 .text.comm_update_local_bit
                0x0800243c       0x40 ./Core/Src/App/comm.o
                0x0800243c                comm_update_local_bit
 .text.comm_send_status
                0x0800247c       0xac ./Core/Src/App/comm.o
                0x0800247c                comm_send_status
 .text.comm_send_skynet
                0x08002528       0xbc ./Core/Src/App/comm.o
                0x08002528                comm_send_skynet
 .text.comm_on_msg_up
                0x080025e4       0x38 ./Core/Src/App/comm.o
                0x080025e4                comm_on_msg_up
 .text.comm_on_msg_down
                0x0800261c       0x44 ./Core/Src/App/comm.o
                0x0800261c                comm_on_msg_down
 .text.handle_message_up
                0x08002660       0xf8 ./Core/Src/App/comm.o
 .text.handle_message_down
                0x08002758       0x30 ./Core/Src/App/comm.o
 .text.handle_heartbeat
                0x08002788       0x38 ./Core/Src/App/comm.o
 .text.handle_skynet
                0x080027c0      0x15c ./Core/Src/App/comm.o
 .text.handle_command_long
                0x0800291c      0x100 ./Core/Src/App/comm.o
 .text.handle_debug_request
                0x08002a1c       0x30 ./Core/Src/App/comm.o
 .text.handle_debug_set
                0x08002a4c       0xc8 ./Core/Src/App/comm.o
 .text.handle_debug_do
                0x08002b14       0xc0 ./Core/Src/App/comm.o
 .text.send_debug_ack_do
                0x08002bd4       0x5e ./Core/Src/App/comm.o
 .text.send_debug_ack_set
                0x08002c32       0x76 ./Core/Src/App/comm.o
 .text.send_data_stream
                0x08002ca8       0xfe ./Core/Src/App/comm.o
 *fill*         0x08002da6        0x2 
 .text.apply_drop_command
                0x08002da8       0x64 ./Core/Src/App/comm.o
 .text.set_mode_and_seq
                0x08002e0c       0x30 ./Core/Src/App/comm.o
 .text.update_bitmask_set
                0x08002e3c       0x30 ./Core/Src/App/comm.o
 .text.update_bitmask_clear
                0x08002e6c       0x38 ./Core/Src/App/comm.o
 .text.config_load
                0x08002ea4       0x38 ./Core/Src/App/config.o
                0x08002ea4                config_load
 .text.config_get
                0x08002edc       0x24 ./Core/Src/App/config.o
                0x08002edc                config_get
 .text.config_set
                0x08002f00       0x24 ./Core/Src/App/config.o
                0x08002f00                config_set
 .text.config_save
                0x08002f24       0x34 ./Core/Src/App/config.o
                0x08002f24                config_save
 .text.input_proto_tick
                0x08002f58       0xa8 ./Core/Src/App/input_proto.o
                0x08002f58                input_proto_tick
 .text.input_proto_get_mode
                0x08003000        0xe ./Core/Src/App/input_proto.o
                0x08003000                input_proto_get_mode
 .text.sm_init  0x0800300e       0x48 ./Core/Src/App/state_machine.o
                0x0800300e                sm_init
 *fill*         0x08003056        0x2 
 .text.sm_update
                0x08003058       0xd4 ./Core/Src/App/state_machine.o
                0x08003058                sm_update
 .text.sm_request_transition
                0x0800312c       0x22 ./Core/Src/App/state_machine.o
                0x0800312c                sm_request_transition
 .text.sm_get_state
                0x0800314e       0x16 ./Core/Src/App/state_machine.o
                0x0800314e                sm_get_state
 .text.sm_is_loaded
                0x08003164       0x20 ./Core/Src/App/state_machine.o
                0x08003164                sm_is_loaded
 .text.state_boot
                0x08003184       0x4c ./Core/Src/App/state_machine.o
 .text.state_debug
                0x080031d0       0x68 ./Core/Src/App/state_machine.o
 .text.state_clip_loading
                0x08003238       0x62 ./Core/Src/App/state_machine.o
 *fill*         0x0800329a        0x2 
 .text.state_check_load
                0x0800329c      0x150 ./Core/Src/App/state_machine.o
 .text.state_loaded
                0x080033ec       0x60 ./Core/Src/App/state_machine.o
 .text.state_drop_one
                0x0800344c       0x18 ./Core/Src/App/state_machine.o
 .text.state_drop_all
                0x08003464       0x18 ./Core/Src/App/state_machine.o
 .text.state_unloaded
                0x0800347c       0xaa ./Core/Src/App/state_machine.o
 *fill*         0x08003526        0x2 
 .text.state_error
                0x08003528       0x40 ./Core/Src/App/state_machine.o
 .text.drop_sequence_update
                0x08003568      0x20c ./Core/Src/App/state_machine.o
 .text.reset_substates
                0x08003774       0x32 ./Core/Src/App/state_machine.o
 .text.transition_to
                0x080037a6       0x20 ./Core/Src/App/state_machine.o
 *fill*         0x080037c6        0x2 
 .text.flash_drv_load
                0x080037c8       0x38 ./Core/Src/Drivers/flash_drv.o
                0x080037c8                flash_drv_load
 .text.flash_drv_save
                0x08003800       0x88 ./Core/Src/Drivers/flash_drv.o
                0x08003800                flash_drv_save
 .text.set_pwm  0x08003888       0x2c ./Core/Src/Drivers/heater_drv.o
 .text.apply_reverse
                0x080038b4       0x2c ./Core/Src/Drivers/heater_drv.o
 .text.heater_update
                0x080038e0       0x8c ./Core/Src/Drivers/heater_drv.o
                0x080038e0                heater_update
 .text.heater_set_reverse
                0x0800396c       0x34 ./Core/Src/Drivers/heater_drv.o
                0x0800396c                heater_set_reverse
 .text.heater_debug_set
                0x080039a0       0x44 ./Core/Src/Drivers/heater_drv.o
                0x080039a0                heater_debug_set
 .text.heater_get_switching
                0x080039e4       0x14 ./Core/Src/Drivers/heater_drv.o
                0x080039e4                heater_get_switching
 .text.pwm_drv_init
                0x080039f8       0x28 ./Core/Src/Drivers/pwm_drv.o
                0x080039f8                pwm_drv_init
 .text.pwm_drv_deinit
                0x08003a20       0x3c ./Core/Src/Drivers/pwm_drv.o
                0x08003a20                pwm_drv_deinit
 .text.pwm_capture_callback
                0x08003a5c       0x94 ./Core/Src/Drivers/pwm_drv.o
                0x08003a5c                pwm_capture_callback
 .text.handle_pulse
                0x08003af0      0x144 ./Core/Src/Drivers/pwm_drv.o
 .text.pulse_in_range
                0x08003c34       0x4e ./Core/Src/Drivers/pwm_drv.o
 *fill*         0x08003c82        0x2 
 .text.tim4_init
                0x08003c84      0x14c ./Core/Src/Drivers/pwm_drv.o
 .text.servo_init
                0x08003dd0       0x40 ./Core/Src/Drivers/servo_drv.o
                0x08003dd0                servo_init
 .text.servo_pusher_set
                0x08003e10       0x3c ./Core/Src/Drivers/servo_drv.o
                0x08003e10                servo_pusher_set
 .text.servo_stoper_set
                0x08003e4c       0x3c ./Core/Src/Drivers/servo_drv.o
                0x08003e4c                servo_stoper_set
 .text.servo_pusher_get
                0x08003e88       0x14 ./Core/Src/Drivers/servo_drv.o
                0x08003e88                servo_pusher_get
 .text.servo_stoper_get
                0x08003e9c       0x14 ./Core/Src/Drivers/servo_drv.o
                0x08003e9c                servo_stoper_get
 .text.servo_stoper_update_trim
                0x08003eb0       0x64 ./Core/Src/Drivers/servo_drv.o
                0x08003eb0                servo_stoper_update_trim
 .text.switches_tick
                0x08003f14      0x16c ./Core/Src/Drivers/switches_drv.o
                0x08003f14                switches_tick
 .text.switches_get
                0x08004080       0x34 ./Core/Src/Drivers/switches_drv.o
                0x08004080                switches_get
 .text.thermo_init
                0x080040b4       0x78 ./Core/Src/Drivers/thermo_drv.o
                0x080040b4                thermo_init
 .text.thermo_blocking_measure
                0x0800412c       0x80 ./Core/Src/Drivers/thermo_drv.o
                0x0800412c                thermo_blocking_measure
 .text.thermo_tick
                0x080041ac      0x110 ./Core/Src/Drivers/thermo_drv.o
                0x080041ac                thermo_tick
 .text.thermo_systick
                0x080042bc        0xc ./Core/Src/Drivers/thermo_drv.o
                0x080042bc                thermo_systick
 .text.thermo_tim_callback
                0x080042c8       0x1c ./Core/Src/Drivers/thermo_drv.o
                0x080042c8                thermo_tim_callback
 .text.thermo_is_valid
                0x080042e4       0x34 ./Core/Src/Drivers/thermo_drv.o
                0x080042e4                thermo_is_valid
 .text.thermo_get_celsius
                0x08004318       0x38 ./Core/Src/Drivers/thermo_drv.o
                0x08004318                thermo_get_celsius
 .text.ds18_tim_cb
                0x08004350       0x1c ./Core/Src/Drivers/thermo_drv.o
 .text.uart_init
                0x0800436c       0x48 ./Core/Src/Drivers/uart_drv.o
                0x0800436c                uart_init
 .text.uart_reinit_up
                0x080043b4       0x28 ./Core/Src/Drivers/uart_drv.o
                0x080043b4                uart_reinit_up
 .text.uart_send_up
                0x080043dc       0x74 ./Core/Src/Drivers/uart_drv.o
                0x080043dc                uart_send_up
 .text.uart_send_down
                0x08004450       0x74 ./Core/Src/Drivers/uart_drv.o
                0x08004450                uart_send_down
 .text.uart_rx_callback
                0x080044c4       0x68 ./Core/Src/Drivers/uart_drv.o
                0x080044c4                uart_rx_callback
 .text.uart_tx_callback
                0x0800452c       0x44 ./Core/Src/Drivers/uart_drv.o
                0x0800452c                uart_tx_callback
 .text.uart_error_callback
                0x08004570       0xcc ./Core/Src/Drivers/uart_drv.o
                0x08004570                uart_error_callback
 .text.uart_safe_init
                0x0800463c       0xac ./Core/Src/Drivers/uart_drv.o
 .text.voltage_init
                0x080046e8       0x18 ./Core/Src/Drivers/voltage_drv.o
                0x080046e8                voltage_init
 .text.voltage_configure_power_rail
                0x08004700      0x118 ./Core/Src/Drivers/voltage_drv.o
                0x08004700                voltage_configure_power_rail
 .text.voltage_drv_get
                0x08004818       0x14 ./Core/Src/Drivers/voltage_drv.o
                0x08004818                voltage_drv_get
 .text.MX_ADC1_Init
                0x0800482c       0x7c ./Core/Src/adc.o
                0x0800482c                MX_ADC1_Init
 .text.HAL_ADC_MspInit
                0x080048a8       0x78 ./Core/Src/adc.o
                0x080048a8                HAL_ADC_MspInit
 .text.Read_ADC
                0x08004920       0x24 ./Core/Src/adc.o
                0x08004920                Read_ADC
 .text.app_init
                0x08004944       0x30 ./Core/Src/app.o
                0x08004944                app_init
 .text.app_update
                0x08004974       0x50 ./Core/Src/app.o
                0x08004974                app_update
 .text.HAL_SYSTICK_Callback
                0x080049c4       0x5c ./Core/Src/app.o
                0x080049c4                HAL_SYSTICK_Callback
 .text.HAL_UART_RxCpltCallback
                0x08004a20       0x16 ./Core/Src/app.o
                0x08004a20                HAL_UART_RxCpltCallback
 .text.HAL_UART_TxCpltCallback
                0x08004a36       0x16 ./Core/Src/app.o
                0x08004a36                HAL_UART_TxCpltCallback
 .text.HAL_UART_ErrorCallback
                0x08004a4c       0x16 ./Core/Src/app.o
                0x08004a4c                HAL_UART_ErrorCallback
 .text.HAL_TIM_IC_CaptureCallback
                0x08004a62       0x16 ./Core/Src/app.o
                0x08004a62                HAL_TIM_IC_CaptureCallback
 .text.HAL_TIM_PeriodElapsedCallback
                0x08004a78       0x16 ./Core/Src/app.o
                0x08004a78                HAL_TIM_PeriodElapsedCallback
 *fill*         0x08004a8e        0x2 
 .text.MX_DMA_Init
                0x08004a90       0x4c ./Core/Src/dma.o
                0x08004a90                MX_DMA_Init
 .text.ds18b20_init
                0x08004adc       0x26 ./Core/Src/ds18b20.o
                0x08004adc                ds18b20_init
 .text.ds18b20_is_busy
                0x08004b02       0x1a ./Core/Src/ds18b20.o
                0x08004b02                ds18b20_is_busy
 .text.ds18b20_update_rom_id
                0x08004b1c       0x1a ./Core/Src/ds18b20.o
                0x08004b1c                ds18b20_update_rom_id
 .text.ds18b20_cnv
                0x08004b36       0x2c ./Core/Src/ds18b20.o
                0x08004b36                ds18b20_cnv
 .text.ds18b20_conf
                0x08004b62       0xd8 ./Core/Src/ds18b20.o
                0x08004b62                ds18b20_conf
 .text.ds18b20_is_cnv_done
                0x08004c3a       0x2c ./Core/Src/ds18b20.o
                0x08004c3a                ds18b20_is_cnv_done
 .text.ds18b20_req_read
                0x08004c66       0x2a ./Core/Src/ds18b20.o
                0x08004c66                ds18b20_req_read
 .text.ds18b20_read_c
                0x08004c90      0x144 ./Core/Src/ds18b20.o
                0x08004c90                ds18b20_read_c
 .text.MX_GPIO_Init
                0x08004dd4      0x170 ./Core/Src/gpio.o
                0x08004dd4                MX_GPIO_Init
 .text.main     0x08004f44       0x36 ./Core/Src/main.o
                0x08004f44                main
 .text.SystemClock_Config
                0x08004f7a       0xae ./Core/Src/main.o
                0x08004f7a                SystemClock_Config
 .text.Error_Handler
                0x08005028        0xc ./Core/Src/main.o
                0x08005028                Error_Handler
 .text.ow_init  0x08005034       0x82 ./Core/Src/ow.o
                0x08005034                ow_init
 *fill*         0x080050b6        0x2 
 .text.ow_callback
                0x080050b8      0xba8 ./Core/Src/ow.o
                0x080050b8                ow_callback
 .text.ow_crc   0x08005c60       0x6e ./Core/Src/ow.o
                0x08005c60                ow_crc
 .text.ow_is_busy
                0x08005cce       0x22 ./Core/Src/ow.o
                0x08005cce                ow_is_busy
 .text.ow_update_rom_id
                0x08005cf0       0x6a ./Core/Src/ow.o
                0x08005cf0                ow_update_rom_id
 .text.ow_xfer  0x08005d5a       0xd4 ./Core/Src/ow.o
                0x08005d5a                ow_xfer
 .text.ow_xfer_by_id
                0x08005e2e      0x128 ./Core/Src/ow.o
                0x08005e2e                ow_xfer_by_id
 .text.ow_read_resp
                0x08005f56       0x7e ./Core/Src/ow.o
                0x08005f56                ow_read_resp
 .text.ow_start
                0x08005fd4       0xa8 ./Core/Src/ow.o
                0x08005fd4                ow_start
 .text.ow_stop  0x0800607c       0x58 ./Core/Src/ow.o
                0x0800607c                ow_stop
 .text.MX_SPI1_Init
                0x080060d4       0x64 ./Core/Src/spi.o
                0x080060d4                MX_SPI1_Init
 .text.HAL_SPI_MspInit
                0x08006138       0xb4 ./Core/Src/spi.o
                0x08006138                HAL_SPI_MspInit
 .text.HAL_MspInit
                0x080061ec       0x64 ./Core/Src/stm32f1xx_hal_msp.o
                0x080061ec                HAL_MspInit
 .text.NMI_Handler
                0x08006250        0x8 ./Core/Src/stm32f1xx_it.o
                0x08006250                NMI_Handler
 .text.HardFault_Handler
                0x08006258        0x8 ./Core/Src/stm32f1xx_it.o
                0x08006258                HardFault_Handler
 .text.MemManage_Handler
                0x08006260        0x8 ./Core/Src/stm32f1xx_it.o
                0x08006260                MemManage_Handler
 .text.BusFault_Handler
                0x08006268        0x8 ./Core/Src/stm32f1xx_it.o
                0x08006268                BusFault_Handler
 .text.UsageFault_Handler
                0x08006270        0x8 ./Core/Src/stm32f1xx_it.o
                0x08006270                UsageFault_Handler
 .text.SVC_Handler
                0x08006278        0xc ./Core/Src/stm32f1xx_it.o
                0x08006278                SVC_Handler
 .text.DebugMon_Handler
                0x08006284        0xc ./Core/Src/stm32f1xx_it.o
                0x08006284                DebugMon_Handler
 .text.PendSV_Handler
                0x08006290        0xc ./Core/Src/stm32f1xx_it.o
                0x08006290                PendSV_Handler
 .text.SysTick_Handler
                0x0800629c       0x10 ./Core/Src/stm32f1xx_it.o
                0x0800629c                SysTick_Handler
 .text.DMA1_Channel4_IRQHandler
                0x080062ac       0x14 ./Core/Src/stm32f1xx_it.o
                0x080062ac                DMA1_Channel4_IRQHandler
 .text.DMA1_Channel7_IRQHandler
                0x080062c0       0x14 ./Core/Src/stm32f1xx_it.o
                0x080062c0                DMA1_Channel7_IRQHandler
 .text.TIM2_IRQHandler
                0x080062d4       0x14 ./Core/Src/stm32f1xx_it.o
                0x080062d4                TIM2_IRQHandler
 .text.TIM4_IRQHandler
                0x080062e8       0x14 ./Core/Src/stm32f1xx_it.o
                0x080062e8                TIM4_IRQHandler
 .text.USART1_IRQHandler
                0x080062fc       0x14 ./Core/Src/stm32f1xx_it.o
                0x080062fc                USART1_IRQHandler
 .text.USART2_IRQHandler
                0x08006310       0x14 ./Core/Src/stm32f1xx_it.o
                0x08006310                USART2_IRQHandler
 .text.SystemInit
                0x08006324        0xc ./Core/Src/system_stm32f1xx.o
                0x08006324                SystemInit
 .text.MX_TIM1_Init
                0x08006330      0x184 ./Core/Src/tim.o
                0x08006330                MX_TIM1_Init
 .text.MX_TIM2_Init
                0x080064b4       0x98 ./Core/Src/tim.o
                0x080064b4                MX_TIM2_Init
 .text.HAL_TIM_Base_MspInit
                0x0800654c       0xa8 ./Core/Src/tim.o
                0x0800654c                HAL_TIM_Base_MspInit
 .text.HAL_TIM_MspPostInit
                0x080065f4       0x80 ./Core/Src/tim.o
                0x080065f4                HAL_TIM_MspPostInit
 .text.HAL_TIM_Base_MspDeInit
                0x08006674       0x70 ./Core/Src/tim.o
                0x08006674                HAL_TIM_Base_MspDeInit
 .text.TIM1_Reinit_Channel2
                0x080066e4       0xd4 ./Core/Src/tim.o
                0x080066e4                TIM1_Reinit_Channel2
 .text.MX_USART1_UART_Init
                0x080067b8       0x54 ./Core/Src/usart.o
                0x080067b8                MX_USART1_UART_Init
 .text.MX_USART2_UART_Init
                0x0800680c       0x54 ./Core/Src/usart.o
                0x0800680c                MX_USART2_UART_Init
 .text.HAL_UART_MspInit
                0x08006860      0x1f0 ./Core/Src/usart.o
                0x08006860                HAL_UART_MspInit
 .text.HAL_UART_MspDeInit
                0x08006a50       0x84 ./Core/Src/usart.o
                0x08006a50                HAL_UART_MspDeInit
 .text.Reset_Handler
                0x08006ad4       0x48 ./Core/Startup/startup_stm32f103c8tx.o
                0x08006ad4                Reset_Handler
 .text.Default_Handler
                0x08006b1c        0x2 ./Core/Startup/startup_stm32f103c8tx.o
                0x08006b1c                RTC_Alarm_IRQHandler
                0x08006b1c                EXTI2_IRQHandler
                0x08006b1c                TIM1_CC_IRQHandler
                0x08006b1c                PVD_IRQHandler
                0x08006b1c                EXTI3_IRQHandler
                0x08006b1c                EXTI0_IRQHandler
                0x08006b1c                I2C2_EV_IRQHandler
                0x08006b1c                ADC1_2_IRQHandler
                0x08006b1c                SPI1_IRQHandler
                0x08006b1c                TAMPER_IRQHandler
                0x08006b1c                USART3_IRQHandler
                0x08006b1c                RTC_IRQHandler
                0x08006b1c                CAN1_RX1_IRQHandler
                0x08006b1c                I2C1_EV_IRQHandler
                0x08006b1c                DMA1_Channel6_IRQHandler
                0x08006b1c                TIM3_IRQHandler
                0x08006b1c                RCC_IRQHandler
                0x08006b1c                TIM1_TRG_COM_IRQHandler
                0x08006b1c                DMA1_Channel1_IRQHandler
                0x08006b1c                Default_Handler
                0x08006b1c                EXTI15_10_IRQHandler
                0x08006b1c                EXTI9_5_IRQHandler
                0x08006b1c                SPI2_IRQHandler
                0x08006b1c                DMA1_Channel5_IRQHandler
                0x08006b1c                EXTI4_IRQHandler
                0x08006b1c                USB_LP_CAN1_RX0_IRQHandler
                0x08006b1c                USB_HP_CAN1_TX_IRQHandler
                0x08006b1c                DMA1_Channel3_IRQHandler
                0x08006b1c                TIM1_UP_IRQHandler
                0x08006b1c                WWDG_IRQHandler
                0x08006b1c                TIM1_BRK_IRQHandler
                0x08006b1c                EXTI1_IRQHandler
                0x08006b1c                I2C2_ER_IRQHandler
                0x08006b1c                DMA1_Channel2_IRQHandler
                0x08006b1c                CAN1_SCE_IRQHandler
                0x08006b1c                FLASH_IRQHandler
                0x08006b1c                I2C1_ER_IRQHandler
                0x08006b1c                USBWakeUp_IRQHandler
 *fill*         0x08006b1e        0x2 
 .text.HAL_Init
                0x08006b20       0x2c ./Drivers/STM32F1xx_HAL_Driver/Src/stm32f1xx_hal.o
                0x08006b20                HAL_Init
 .text.HAL_InitTick
                0x08006b4c       0x60 ./Drivers/STM32F1xx_HAL_Driver/Src/stm32f1xx_hal.o
                0x08006b4c                HAL_InitTick
 .text.HAL_IncTick
                0x08006bac       0x24 ./Drivers/STM32F1xx_HAL_Driver/Src/stm32f1xx_hal.o
                0x08006bac                HAL_IncTick
 .text.HAL_GetTick
                0x08006bd0       0x14 ./Drivers/STM32F1xx_HAL_Driver/Src/stm32f1xx_hal.o
                0x08006bd0                HAL_GetTick
 .text.HAL_Delay
                0x08006be4       0x48 ./Drivers/STM32F1xx_HAL_Driver/Src/stm32f1xx_hal.o
                0x08006be4                HAL_Delay
 .text.HAL_ADC_Init
                0x08006c2c      0x1b0 ./Drivers/STM32F1xx_HAL_Driver/Src/stm32f1xx_hal_adc.o
                0x08006c2c                HAL_ADC_Init
 .text.HAL_ADC_Start
                0x08006ddc      0x15c ./Drivers/STM32F1xx_HAL_Driver/Src/stm32f1xx_hal_adc.o
                0x08006ddc                HAL_ADC_Start
 .text.HAL_ADC_PollForConversion
                0x08006f38      0x20c ./Drivers/STM32F1xx_HAL_Driver/Src/stm32f1xx_hal_adc.o
                0x08006f38                HAL_ADC_PollForConversion
 .text.HAL_ADC_GetValue
                0x08007144       0x18 ./Drivers/STM32F1xx_HAL_Driver/Src/stm32f1xx_hal_adc.o
                0x08007144                HAL_ADC_GetValue
 .text.HAL_ADC_ConfigChannel
                0x0800715c      0x1f0 ./Drivers/STM32F1xx_HAL_Driver/Src/stm32f1xx_hal_adc.o
                0x0800715c                HAL_ADC_ConfigChannel
 .text.ADC_Enable
                0x0800734c       0xb4 ./Drivers/STM32F1xx_HAL_Driver/Src/stm32f1xx_hal_adc.o
                0x0800734c                ADC_Enable
 .text.ADC_ConversionStop_Disable
                0x08007400       0x82 ./Drivers/STM32F1xx_HAL_Driver/Src/stm32f1xx_hal_adc.o
                0x08007400                ADC_ConversionStop_Disable
 *fill*         0x08007482        0x2 
 .text.__NVIC_SetPriorityGrouping
                0x08007484       0x48 ./Drivers/STM32F1xx_HAL_Driver/Src/stm32f1xx_hal_cortex.o
 .text.__NVIC_GetPriorityGrouping
                0x080074cc       0x1c ./Drivers/STM32F1xx_HAL_Driver/Src/stm32f1xx_hal_cortex.o
 .text.__NVIC_EnableIRQ
                0x080074e8       0x38 ./Drivers/STM32F1xx_HAL_Driver/Src/stm32f1xx_hal_cortex.o
 .text.__NVIC_DisableIRQ
                0x08007520       0x48 ./Drivers/STM32F1xx_HAL_Driver/Src/stm32f1xx_hal_cortex.o
 .text.__NVIC_SetPriority
                0x08007568       0x54 ./Drivers/STM32F1xx_HAL_Driver/Src/stm32f1xx_hal_cortex.o
 .text.NVIC_EncodePriority
                0x080075bc       0x64 ./Drivers/STM32F1xx_HAL_Driver/Src/stm32f1xx_hal_cortex.o
 .text.SysTick_Config
                0x08007620       0x44 ./Drivers/STM32F1xx_HAL_Driver/Src/stm32f1xx_hal_cortex.o
 .text.HAL_NVIC_SetPriorityGrouping
                0x08007664       0x16 ./Drivers/STM32F1xx_HAL_Driver/Src/stm32f1xx_hal_cortex.o
                0x08007664                HAL_NVIC_SetPriorityGrouping
 .text.HAL_NVIC_SetPriority
                0x0800767a       0x38 ./Drivers/STM32F1xx_HAL_Driver/Src/stm32f1xx_hal_cortex.o
                0x0800767a                HAL_NVIC_SetPriority
 .text.HAL_NVIC_EnableIRQ
                0x080076b2       0x1c ./Drivers/STM32F1xx_HAL_Driver/Src/stm32f1xx_hal_cortex.o
                0x080076b2                HAL_NVIC_EnableIRQ
 .text.HAL_NVIC_DisableIRQ
                0x080076ce       0x1c ./Drivers/STM32F1xx_HAL_Driver/Src/stm32f1xx_hal_cortex.o
                0x080076ce                HAL_NVIC_DisableIRQ
 .text.HAL_SYSTICK_Config
                0x080076ea       0x18 ./Drivers/STM32F1xx_HAL_Driver/Src/stm32f1xx_hal_cortex.o
                0x080076ea                HAL_SYSTICK_Config
 .text.HAL_SYSTICK_IRQHandler
                0x08007702        0xc ./Drivers/STM32F1xx_HAL_Driver/Src/stm32f1xx_hal_cortex.o
                0x08007702                HAL_SYSTICK_IRQHandler
 *fill*         0x0800770e        0x2 
 .text.HAL_DMA_Init
                0x08007710       0xb4 ./Drivers/STM32F1xx_HAL_Driver/Src/stm32f1xx_hal_dma.o
                0x08007710                HAL_DMA_Init
 .text.HAL_DMA_DeInit
                0x080077c4       0xb8 ./Drivers/STM32F1xx_HAL_Driver/Src/stm32f1xx_hal_dma.o
                0x080077c4                HAL_DMA_DeInit
 .text.HAL_DMA_Start_IT
                0x0800787c       0xc0 ./Drivers/STM32F1xx_HAL_Driver/Src/stm32f1xx_hal_dma.o
                0x0800787c                HAL_DMA_Start_IT
 .text.HAL_DMA_Abort
                0x0800793c       0x76 ./Drivers/STM32F1xx_HAL_Driver/Src/stm32f1xx_hal_dma.o
                0x0800793c                HAL_DMA_Abort
 *fill*         0x080079b2        0x2 
 .text.HAL_DMA_Abort_IT
                0x080079b4       0xf0 ./Drivers/STM32F1xx_HAL_Driver/Src/stm32f1xx_hal_dma.o
                0x080079b4                HAL_DMA_Abort_IT
 .text.HAL_DMA_IRQHandler
                0x08007aa4      0x20c ./Drivers/STM32F1xx_HAL_Driver/Src/stm32f1xx_hal_dma.o
                0x08007aa4                HAL_DMA_IRQHandler
 .text.DMA_SetConfig
                0x08007cb0       0x5a ./Drivers/STM32F1xx_HAL_Driver/Src/stm32f1xx_hal_dma.o
 *fill*         0x08007d0a        0x2 
 .text.HAL_FLASH_Program
                0x08007d0c       0xe0 ./Drivers/STM32F1xx_HAL_Driver/Src/stm32f1xx_hal_flash.o
                0x08007d0c                HAL_FLASH_Program
 .text.HAL_FLASH_Unlock
                0x08007dec       0x4c ./Drivers/STM32F1xx_HAL_Driver/Src/stm32f1xx_hal_flash.o
                0x08007dec                HAL_FLASH_Unlock
 .text.HAL_FLASH_Lock
                0x08007e38       0x20 ./Drivers/STM32F1xx_HAL_Driver/Src/stm32f1xx_hal_flash.o
                0x08007e38                HAL_FLASH_Lock
 .text.FLASH_Program_HalfWord
                0x08007e58       0x38 ./Drivers/STM32F1xx_HAL_Driver/Src/stm32f1xx_hal_flash.o
 .text.FLASH_WaitForLastOperation
                0x08007e90       0x8c ./Drivers/STM32F1xx_HAL_Driver/Src/stm32f1xx_hal_flash.o
                0x08007e90                FLASH_WaitForLastOperation
 .text.FLASH_SetErrorCode
                0x08007f1c       0xa0 ./Drivers/STM32F1xx_HAL_Driver/Src/stm32f1xx_hal_flash.o
 .text.HAL_FLASHEx_Erase
                0x08007fbc       0xd8 ./Drivers/STM32F1xx_HAL_Driver/Src/stm32f1xx_hal_flash_ex.o
                0x08007fbc                HAL_FLASHEx_Erase
 .text.FLASH_MassErase
                0x08008094       0x38 ./Drivers/STM32F1xx_HAL_Driver/Src/stm32f1xx_hal_flash_ex.o
 .text.FLASH_PageErase
                0x080080cc       0x40 ./Drivers/STM32F1xx_HAL_Driver/Src/stm32f1xx_hal_flash_ex.o
                0x080080cc                FLASH_PageErase
 .text.HAL_GPIO_Init
                0x0800810c      0x308 ./Drivers/STM32F1xx_HAL_Driver/Src/stm32f1xx_hal_gpio.o
                0x0800810c                HAL_GPIO_Init
 .text.HAL_GPIO_DeInit
                0x08008414      0x178 ./Drivers/STM32F1xx_HAL_Driver/Src/stm32f1xx_hal_gpio.o
                0x08008414                HAL_GPIO_DeInit
 .text.HAL_GPIO_ReadPin
                0x0800858c       0x2e ./Drivers/STM32F1xx_HAL_Driver/Src/stm32f1xx_hal_gpio.o
                0x0800858c                HAL_GPIO_ReadPin
 .text.HAL_GPIO_WritePin
                0x080085ba       0x30 ./Drivers/STM32F1xx_HAL_Driver/Src/stm32f1xx_hal_gpio.o
                0x080085ba                HAL_GPIO_WritePin
 .text.HAL_GPIO_TogglePin
                0x080085ea       0x32 ./Drivers/STM32F1xx_HAL_Driver/Src/stm32f1xx_hal_gpio.o
                0x080085ea                HAL_GPIO_TogglePin
 .text.HAL_RCC_OscConfig
                0x0800861c      0x504 ./Drivers/STM32F1xx_HAL_Driver/Src/stm32f1xx_hal_rcc.o
                0x0800861c                HAL_RCC_OscConfig
 .text.HAL_RCC_ClockConfig
                0x08008b20      0x1d4 ./Drivers/STM32F1xx_HAL_Driver/Src/stm32f1xx_hal_rcc.o
                0x08008b20                HAL_RCC_ClockConfig
 .text.HAL_RCC_GetSysClockFreq
                0x08008cf4       0xa8 ./Drivers/STM32F1xx_HAL_Driver/Src/stm32f1xx_hal_rcc.o
                0x08008cf4                HAL_RCC_GetSysClockFreq
 .text.HAL_RCC_GetHCLKFreq
                0x08008d9c       0x14 ./Drivers/STM32F1xx_HAL_Driver/Src/stm32f1xx_hal_rcc.o
                0x08008d9c                HAL_RCC_GetHCLKFreq
 .text.HAL_RCC_GetPCLK1Freq
                0x08008db0       0x28 ./Drivers/STM32F1xx_HAL_Driver/Src/stm32f1xx_hal_rcc.o
                0x08008db0                HAL_RCC_GetPCLK1Freq
 .text.HAL_RCC_GetPCLK2Freq
                0x08008dd8       0x28 ./Drivers/STM32F1xx_HAL_Driver/Src/stm32f1xx_hal_rcc.o
                0x08008dd8                HAL_RCC_GetPCLK2Freq
 .text.RCC_Delay
                0x08008e00       0x3c ./Drivers/STM32F1xx_HAL_Driver/Src/stm32f1xx_hal_rcc.o
 .text.HAL_RCCEx_PeriphCLKConfig
                0x08008e3c      0x16c ./Drivers/STM32F1xx_HAL_Driver/Src/stm32f1xx_hal_rcc_ex.o
                0x08008e3c                HAL_RCCEx_PeriphCLKConfig
 .text.HAL_RCCEx_GetPeriphCLKFreq
                0x08008fa8      0x16c ./Drivers/STM32F1xx_HAL_Driver/Src/stm32f1xx_hal_rcc_ex.o
                0x08008fa8                HAL_RCCEx_GetPeriphCLKFreq
 .text.HAL_SPI_Init
                0x08009114      0x108 ./Drivers/STM32F1xx_HAL_Driver/Src/stm32f1xx_hal_spi.o
                0x08009114                HAL_SPI_Init
 .text.HAL_TIM_Base_Init
                0x0800921c       0xb8 ./Drivers/STM32F1xx_HAL_Driver/Src/stm32f1xx_hal_tim.o
                0x0800921c                HAL_TIM_Base_Init
 .text.HAL_TIM_Base_DeInit
                0x080092d4       0xbc ./Drivers/STM32F1xx_HAL_Driver/Src/stm32f1xx_hal_tim.o
                0x080092d4                HAL_TIM_Base_DeInit
 .text.HAL_TIM_Base_Start_IT
                0x08009390       0xa4 ./Drivers/STM32F1xx_HAL_Driver/Src/stm32f1xx_hal_tim.o
                0x08009390                HAL_TIM_Base_Start_IT
 .text.HAL_TIM_Base_Stop_IT
                0x08009434       0x5c ./Drivers/STM32F1xx_HAL_Driver/Src/stm32f1xx_hal_tim.o
                0x08009434                HAL_TIM_Base_Stop_IT
 .text.HAL_TIM_PWM_Init
                0x08009490       0xb8 ./Drivers/STM32F1xx_HAL_Driver/Src/stm32f1xx_hal_tim.o
                0x08009490                HAL_TIM_PWM_Init
 .text.HAL_TIM_PWM_MspInit
                0x08009548       0x12 ./Drivers/STM32F1xx_HAL_Driver/Src/stm32f1xx_hal_tim.o
                0x08009548                HAL_TIM_PWM_MspInit
 *fill*         0x0800955a        0x2 
 .text.HAL_TIM_PWM_Start
                0x0800955c      0x144 ./Drivers/STM32F1xx_HAL_Driver/Src/stm32f1xx_hal_tim.o
                0x0800955c                HAL_TIM_PWM_Start
 .text.HAL_TIM_PWM_Stop
                0x080096a0       0xc8 ./Drivers/STM32F1xx_HAL_Driver/Src/stm32f1xx_hal_tim.o
                0x080096a0                HAL_TIM_PWM_Stop
 .text.HAL_TIM_IC_Init
                0x08009768       0xb8 ./Drivers/STM32F1xx_HAL_Driver/Src/stm32f1xx_hal_tim.o
                0x08009768                HAL_TIM_IC_Init
 .text.HAL_TIM_IC_MspInit
                0x08009820       0x12 ./Drivers/STM32F1xx_HAL_Driver/Src/stm32f1xx_hal_tim.o
                0x08009820                HAL_TIM_IC_MspInit
 *fill*         0x08009832        0x2 
 .text.HAL_TIM_IC_Start
                0x08009834      0x180 ./Drivers/STM32F1xx_HAL_Driver/Src/stm32f1xx_hal_tim.o
                0x08009834                HAL_TIM_IC_Start
 .text.HAL_TIM_IC_Start_IT
                0x080099b4      0x218 ./Drivers/STM32F1xx_HAL_Driver/Src/stm32f1xx_hal_tim.o
                0x080099b4                HAL_TIM_IC_Start_IT
 .text.HAL_TIM_IRQHandler
                0x08009bcc      0x220 ./Drivers/STM32F1xx_HAL_Driver/Src/stm32f1xx_hal_tim.o
                0x08009bcc                HAL_TIM_IRQHandler
 .text.HAL_TIM_IC_ConfigChannel
                0x08009dec      0x138 ./Drivers/STM32F1xx_HAL_Driver/Src/stm32f1xx_hal_tim.o
                0x08009dec                HAL_TIM_IC_ConfigChannel
 .text.HAL_TIM_PWM_ConfigChannel
                0x08009f24      0x184 ./Drivers/STM32F1xx_HAL_Driver/Src/stm32f1xx_hal_tim.o
                0x08009f24                HAL_TIM_PWM_ConfigChannel
 .text.HAL_TIM_ConfigClockSource
                0x0800a0a8      0x18e ./Drivers/STM32F1xx_HAL_Driver/Src/stm32f1xx_hal_tim.o
                0x0800a0a8                HAL_TIM_ConfigClockSource
 .text.HAL_TIM_SlaveConfigSynchro
                0x0800a236       0x84 ./Drivers/STM32F1xx_HAL_Driver/Src/stm32f1xx_hal_tim.o
                0x0800a236                HAL_TIM_SlaveConfigSynchro
 *fill*         0x0800a2ba        0x2 
 .text.HAL_TIM_ReadCapturedValue
                0x0800a2bc       0x88 ./Drivers/STM32F1xx_HAL_Driver/Src/stm32f1xx_hal_tim.o
                0x0800a2bc                HAL_TIM_ReadCapturedValue
 .text.HAL_TIM_PeriodElapsedHalfCpltCallback
                0x0800a344       0x12 ./Drivers/STM32F1xx_HAL_Driver/Src/stm32f1xx_hal_tim.o
                0x0800a344                HAL_TIM_PeriodElapsedHalfCpltCallback
 .text.HAL_TIM_OC_DelayElapsedCallback
                0x0800a356       0x12 ./Drivers/STM32F1xx_HAL_Driver/Src/stm32f1xx_hal_tim.o
                0x0800a356                HAL_TIM_OC_DelayElapsedCallback
 .text.HAL_TIM_IC_CaptureHalfCpltCallback
                0x0800a368       0x12 ./Drivers/STM32F1xx_HAL_Driver/Src/stm32f1xx_hal_tim.o
                0x0800a368                HAL_TIM_IC_CaptureHalfCpltCallback
 .text.HAL_TIM_PWM_PulseFinishedCallback
                0x0800a37a       0x12 ./Drivers/STM32F1xx_HAL_Driver/Src/stm32f1xx_hal_tim.o
                0x0800a37a                HAL_TIM_PWM_PulseFinishedCallback
 .text.HAL_TIM_PWM_PulseFinishedHalfCpltCallback
                0x0800a38c       0x12 ./Drivers/STM32F1xx_HAL_Driver/Src/stm32f1xx_hal_tim.o
                0x0800a38c                HAL_TIM_PWM_PulseFinishedHalfCpltCallback
 .text.HAL_TIM_TriggerCallback
                0x0800a39e       0x12 ./Drivers/STM32F1xx_HAL_Driver/Src/stm32f1xx_hal_tim.o
                0x0800a39e                HAL_TIM_TriggerCallback
 .text.HAL_TIM_TriggerHalfCpltCallback
                0x0800a3b0       0x12 ./Drivers/STM32F1xx_HAL_Driver/Src/stm32f1xx_hal_tim.o
                0x0800a3b0                HAL_TIM_TriggerHalfCpltCallback
 .text.HAL_TIM_ErrorCallback
                0x0800a3c2       0x12 ./Drivers/STM32F1xx_HAL_Driver/Src/stm32f1xx_hal_tim.o
                0x0800a3c2                HAL_TIM_ErrorCallback
 .text.HAL_TIM_RegisterCallback
                0x0800a3d4      0x274 ./Drivers/STM32F1xx_HAL_Driver/Src/stm32f1xx_hal_tim.o
                0x0800a3d4                HAL_TIM_RegisterCallback
 .text.TIM_Base_SetConfig
                0x0800a648       0xdc ./Drivers/STM32F1xx_HAL_Driver/Src/stm32f1xx_hal_tim.o
                0x0800a648                TIM_Base_SetConfig
 .text.TIM_OC1_SetConfig
                0x0800a724       0xcc ./Drivers/STM32F1xx_HAL_Driver/Src/stm32f1xx_hal_tim.o
 .text.TIM_OC2_SetConfig
                0x0800a7f0       0xd4 ./Drivers/STM32F1xx_HAL_Driver/Src/stm32f1xx_hal_tim.o
                0x0800a7f0                TIM_OC2_SetConfig
 .text.TIM_OC3_SetConfig
                0x0800a8c4       0xd4 ./Drivers/STM32F1xx_HAL_Driver/Src/stm32f1xx_hal_tim.o
 .text.TIM_OC4_SetConfig
                0x0800a998       0x9c ./Drivers/STM32F1xx_HAL_Driver/Src/stm32f1xx_hal_tim.o
 .text.TIM_SlaveTimer_SetConfig
                0x0800aa34      0x122 ./Drivers/STM32F1xx_HAL_Driver/Src/stm32f1xx_hal_tim.o
 *fill*         0x0800ab56        0x2 
 .text.TIM_TI1_SetConfig
                0x0800ab58       0xb4 ./Drivers/STM32F1xx_HAL_Driver/Src/stm32f1xx_hal_tim.o
                0x0800ab58                TIM_TI1_SetConfig
 .text.TIM_TI1_ConfigInputStage
                0x0800ac0c       0x5c ./Drivers/STM32F1xx_HAL_Driver/Src/stm32f1xx_hal_tim.o
 .text.TIM_TI2_SetConfig
                0x0800ac68       0x78 ./Drivers/STM32F1xx_HAL_Driver/Src/stm32f1xx_hal_tim.o
 .text.TIM_TI2_ConfigInputStage
                0x0800ace0       0x5e ./Drivers/STM32F1xx_HAL_Driver/Src/stm32f1xx_hal_tim.o
 .text.TIM_TI3_SetConfig
                0x0800ad3e       0x76 ./Drivers/STM32F1xx_HAL_Driver/Src/stm32f1xx_hal_tim.o
 .text.TIM_TI4_SetConfig
                0x0800adb4       0x78 ./Drivers/STM32F1xx_HAL_Driver/Src/stm32f1xx_hal_tim.o
 .text.TIM_ITRx_SetConfig
                0x0800ae2c       0x34 ./Drivers/STM32F1xx_HAL_Driver/Src/stm32f1xx_hal_tim.o
 .text.TIM_ETR_SetConfig
                0x0800ae60       0x3e ./Drivers/STM32F1xx_HAL_Driver/Src/stm32f1xx_hal_tim.o
                0x0800ae60                TIM_ETR_SetConfig
 .text.TIM_CCxChannelCmd
                0x0800ae9e       0x48 ./Drivers/STM32F1xx_HAL_Driver/Src/stm32f1xx_hal_tim.o
                0x0800ae9e                TIM_CCxChannelCmd
 *fill*         0x0800aee6        0x2 
 .text.TIM_ResetCallback
                0x0800aee8       0xb0 ./Drivers/STM32F1xx_HAL_Driver/Src/stm32f1xx_hal_tim.o
                0x0800aee8                TIM_ResetCallback
 .text.HAL_TIMEx_MasterConfigSynchronization
                0x0800af98       0xbc ./Drivers/STM32F1xx_HAL_Driver/Src/stm32f1xx_hal_tim_ex.o
                0x0800af98                HAL_TIMEx_MasterConfigSynchronization
 .text.HAL_TIMEx_ConfigBreakDeadTime
                0x0800b054       0xa2 ./Drivers/STM32F1xx_HAL_Driver/Src/stm32f1xx_hal_tim_ex.o
                0x0800b054                HAL_TIMEx_ConfigBreakDeadTime
 .text.HAL_TIMEx_CommutCallback
                0x0800b0f6       0x12 ./Drivers/STM32F1xx_HAL_Driver/Src/stm32f1xx_hal_tim_ex.o
                0x0800b0f6                HAL_TIMEx_CommutCallback
 .text.HAL_TIMEx_CommutHalfCpltCallback
                0x0800b108       0x12 ./Drivers/STM32F1xx_HAL_Driver/Src/stm32f1xx_hal_tim_ex.o
                0x0800b108                HAL_TIMEx_CommutHalfCpltCallback
 .text.HAL_TIMEx_BreakCallback
                0x0800b11a       0x12 ./Drivers/STM32F1xx_HAL_Driver/Src/stm32f1xx_hal_tim_ex.o
                0x0800b11a                HAL_TIMEx_BreakCallback
 .text.HAL_UART_Init
                0x0800b12c       0xa0 ./Drivers/STM32F1xx_HAL_Driver/Src/stm32f1xx_hal_uart.o
                0x0800b12c                HAL_UART_Init
 .text.HAL_UART_DeInit
                0x0800b1cc       0x64 ./Drivers/STM32F1xx_HAL_Driver/Src/stm32f1xx_hal_uart.o
                0x0800b1cc                HAL_UART_DeInit
 .text.HAL_UART_Transmit
                0x0800b230      0x116 ./Drivers/STM32F1xx_HAL_Driver/Src/stm32f1xx_hal_uart.o
                0x0800b230                HAL_UART_Transmit
 .text.HAL_UART_Receive_IT
                0x0800b346       0x4a ./Drivers/STM32F1xx_HAL_Driver/Src/stm32f1xx_hal_uart.o
                0x0800b346                HAL_UART_Receive_IT
 .text.HAL_UART_Transmit_DMA
                0x0800b390       0xe0 ./Drivers/STM32F1xx_HAL_Driver/Src/stm32f1xx_hal_uart.o
                0x0800b390                HAL_UART_Transmit_DMA
 .text.HAL_UART_IRQHandler
                0x0800b470      0x524 ./Drivers/STM32F1xx_HAL_Driver/Src/stm32f1xx_hal_uart.o
                0x0800b470                HAL_UART_IRQHandler
 .text.HAL_UART_TxHalfCpltCallback
                0x0800b994       0x12 ./Drivers/STM32F1xx_HAL_Driver/Src/stm32f1xx_hal_uart.o
                0x0800b994                HAL_UART_TxHalfCpltCallback
 .text.HAL_UARTEx_RxEventCallback
                0x0800b9a6       0x16 ./Drivers/STM32F1xx_HAL_Driver/Src/stm32f1xx_hal_uart.o
                0x0800b9a6                HAL_UARTEx_RxEventCallback
 .text.UART_DMATransmitCplt
                0x0800b9bc       0x9a ./Drivers/STM32F1xx_HAL_Driver/Src/stm32f1xx_hal_uart.o
 .text.UART_DMATxHalfCplt
                0x0800ba56       0x1c ./Drivers/STM32F1xx_HAL_Driver/Src/stm32f1xx_hal_uart.o
 .text.UART_DMAError
                0x0800ba72       0x94 ./Drivers/STM32F1xx_HAL_Driver/Src/stm32f1xx_hal_uart.o
 .text.UART_WaitOnFlagUntilTimeout
                0x0800bb06       0xb2 ./Drivers/STM32F1xx_HAL_Driver/Src/stm32f1xx_hal_uart.o
 .text.UART_Start_Receive_IT
                0x0800bbb8       0x72 ./Drivers/STM32F1xx_HAL_Driver/Src/stm32f1xx_hal_uart.o
                0x0800bbb8                UART_Start_Receive_IT
 .text.UART_EndTxTransfer
                0x0800bc2a       0x4e ./Drivers/STM32F1xx_HAL_Driver/Src/stm32f1xx_hal_uart.o
 .text.UART_EndRxTransfer
                0x0800bc78       0xc4 ./Drivers/STM32F1xx_HAL_Driver/Src/stm32f1xx_hal_uart.o
 .text.UART_DMAAbortOnError
                0x0800bd3c       0x28 ./Drivers/STM32F1xx_HAL_Driver/Src/stm32f1xx_hal_uart.o
 .text.UART_Transmit_IT
                0x0800bd64       0x9e ./Drivers/STM32F1xx_HAL_Driver/Src/stm32f1xx_hal_uart.o
 .text.UART_EndTransmit_IT
                0x0800be02       0x30 ./Drivers/STM32F1xx_HAL_Driver/Src/stm32f1xx_hal_uart.o
 .text.UART_Receive_IT
                0x0800be32      0x17c ./Drivers/STM32F1xx_HAL_Driver/Src/stm32f1xx_hal_uart.o
 *fill*         0x0800bfae        0x2 
 .text.UART_SetConfig
                0x0800bfb0      0x11c ./Drivers/STM32F1xx_HAL_Driver/Src/stm32f1xx_hal_uart.o
 .text.memcmp   0x0800c0cc       0x20 C:/ST/STM32CubeIDE_1.19.0/STM32CubeIDE/plugins/com.st.stm32cube.ide.mcu.externaltools.gnu-tools-for-stm32.13.3.rel1.win32_1.0.0.202411081344/tools/bin/../lib/gcc/arm-none-eabi/13.3.1/../../../../arm-none-eabi/lib/thumb/v7-m/nofp\libc_nano.a(libc_a-memcmp.o)
                0x0800c0cc                memcmp
 .text.memset   0x0800c0ec       0x10 C:/ST/STM32CubeIDE_1.19.0/STM32CubeIDE/plugins/com.st.stm32cube.ide.mcu.externaltools.gnu-tools-for-stm32.13.3.rel1.win32_1.0.0.202411081344/tools/bin/../lib/gcc/arm-none-eabi/13.3.1/../../../../arm-none-eabi/lib/thumb/v7-m/nofp\libc_nano.a(libc_a-memset.o)
                0x0800c0ec                memset
 .text.__libc_init_array
                0x0800c0fc       0x48 C:/ST/STM32CubeIDE_1.19.0/STM32CubeIDE/plugins/com.st.stm32cube.ide.mcu.externaltools.gnu-tools-for-stm32.13.3.rel1.win32_1.0.0.202411081344/tools/bin/../lib/gcc/arm-none-eabi/13.3.1/../../../../arm-none-eabi/lib/thumb/v7-m/nofp\libc_nano.a(libc_a-init.o)
                0x0800c0fc                __libc_init_array
 .text.memcpy   0x0800c144       0x1c C:/ST/STM32CubeIDE_1.19.0/STM32CubeIDE/plugins/com.st.stm32cube.ide.mcu.externaltools.gnu-tools-for-stm32.13.3.rel1.win32_1.0.0.202411081344/tools/bin/../lib/gcc/arm-none-eabi/13.3.1/../../../../arm-none-eabi/lib/thumb/v7-m/nofp\libc_nano.a(libc_a-memcpy-stub.o)
                0x0800c144                memcpy
 *(.glue_7)
 .glue_7        0x0800c160        0x0 linker stubs
 *(.glue_7t)
 .glue_7t       0x0800c160        0x0 linker stubs
 *(.eh_frame)
 .eh_frame      0x0800c160        0x0 C:/ST/STM32CubeIDE_1.19.0/STM32CubeIDE/plugins/com.st.stm32cube.ide.mcu.externaltools.gnu-tools-for-stm32.13.3.rel1.win32_1.0.0.202411081344/tools/bin/../lib/gcc/arm-none-eabi/13.3.1/thumb/v7-m/nofp/crtbegin.o
 *(.init)
 .init          0x0800c160        0x4 C:/ST/STM32CubeIDE_1.19.0/STM32CubeIDE/plugins/com.st.stm32cube.ide.mcu.externaltools.gnu-tools-for-stm32.13.3.rel1.win32_1.0.0.202411081344/tools/bin/../lib/gcc/arm-none-eabi/13.3.1/thumb/v7-m/nofp/crti.o
                0x0800c160                _init
 .init          0x0800c164        0x8 C:/ST/STM32CubeIDE_1.19.0/STM32CubeIDE/plugins/com.st.stm32cube.ide.mcu.externaltools.gnu-tools-for-stm32.13.3.rel1.win32_1.0.0.202411081344/tools/bin/../lib/gcc/arm-none-eabi/13.3.1/thumb/v7-m/nofp/crtn.o
 *(.fini)
 .fini          0x0800c16c        0x4 C:/ST/STM32CubeIDE_1.19.0/STM32CubeIDE/plugins/com.st.stm32cube.ide.mcu.externaltools.gnu-tools-for-stm32.13.3.rel1.win32_1.0.0.202411081344/tools/bin/../lib/gcc/arm-none-eabi/13.3.1/thumb/v7-m/nofp/crti.o
                0x0800c16c                _fini
 .fini          0x0800c170        0x8 C:/ST/STM32CubeIDE_1.19.0/STM32CubeIDE/plugins/com.st.stm32cube.ide.mcu.externaltools.gnu-tools-for-stm32.13.3.rel1.win32_1.0.0.202411081344/tools/bin/../lib/gcc/arm-none-eabi/13.3.1/thumb/v7-m/nofp/crtn.o
                0x0800c178                        . = ALIGN (0x4)
                0x0800c178                        _etext = .

.vfp11_veneer   0x0800c178        0x0
 .vfp11_veneer  0x0800c178        0x0 linker stubs

.v4_bx          0x0800c178        0x0
 .v4_bx         0x0800c178        0x0 linker stubs

.iplt           0x0800c178        0x0
 .iplt          0x0800c178        0x0 C:/ST/STM32CubeIDE_1.19.0/STM32CubeIDE/plugins/com.st.stm32cube.ide.mcu.externaltools.gnu-tools-for-stm32.13.3.rel1.win32_1.0.0.202411081344/tools/bin/../lib/gcc/arm-none-eabi/13.3.1/thumb/v7-m/nofp/crtbegin.o

.rodata         0x0800c178      0x1b0
                0x0800c178                        . = ALIGN (0x4)
 *(.rodata)
 .rodata        0x0800c178       0x1b ./Core/Src/Drivers/thermo_drv.o
 *(.rodata*)
 *fill*         0x0800c193        0x1 
 .rodata.mavlink_sha256_constant_256
                0x0800c194      0x100 ./Core/Src/App/comm.o
 .rodata.mavlink_message_crcs.1
                0x0800c294       0x54 ./Core/Src/App/comm.o
 .rodata.AHBPrescTable
                0x0800c2e8       0x10 ./Core/Src/system_stm32f1xx.o
                0x0800c2e8                AHBPrescTable
 .rodata.APBPrescTable
                0x0800c2f8        0x8 ./Core/Src/system_stm32f1xx.o
                0x0800c2f8                APBPrescTable
 .rodata.aPLLMULFactorTable.1
                0x0800c300       0x10 ./Drivers/STM32F1xx_HAL_Driver/Src/stm32f1xx_hal_rcc.o
 .rodata.aPredivFactorTable.0
                0x0800c310        0x2 ./Drivers/STM32F1xx_HAL_Driver/Src/stm32f1xx_hal_rcc.o
 *fill*         0x0800c312        0x2 
 .rodata.aPLLMULFactorTable.1
                0x0800c314       0x10 ./Drivers/STM32F1xx_HAL_Driver/Src/stm32f1xx_hal_rcc_ex.o
 .rodata.aPredivFactorTable.0
                0x0800c324        0x2 ./Drivers/STM32F1xx_HAL_Driver/Src/stm32f1xx_hal_rcc_ex.o
                0x0800c328                        . = ALIGN (0x4)
 *fill*         0x0800c326        0x2 

.ARM.extab      0x0800c328        0x0
                0x0800c328                        . = ALIGN (0x4)
 *(.ARM.extab* .gnu.linkonce.armextab.*)
                0x0800c328                        . = ALIGN (0x4)

.ARM            0x0800c328        0x0
                0x0800c328                        . = ALIGN (0x4)
                0x0800c328                        __exidx_start = .
 *(.ARM.exidx*)
                0x0800c328                        __exidx_end = .
                0x0800c328                        . = ALIGN (0x4)

.preinit_array  0x0800c328        0x0
                0x0800c328                        . = ALIGN (0x4)
                0x0800c328                        PROVIDE (__preinit_array_start = .)
 *(.preinit_array*)
                0x0800c328                        PROVIDE (__preinit_array_end = .)
                0x0800c328                        . = ALIGN (0x4)

.init_array     0x0800c328        0x4
                0x0800c328                        . = ALIGN (0x4)
                0x0800c328                        PROVIDE (__init_array_start = .)
 *(SORT_BY_NAME(.init_array.*))
 *(.init_array*)
 .init_array    0x0800c328        0x4 C:/ST/STM32CubeIDE_1.19.0/STM32CubeIDE/plugins/com.st.stm32cube.ide.mcu.externaltools.gnu-tools-for-stm32.13.3.rel1.win32_1.0.0.202411081344/tools/bin/../lib/gcc/arm-none-eabi/13.3.1/thumb/v7-m/nofp/crtbegin.o
                0x0800c32c                        PROVIDE (__init_array_end = .)
                0x0800c32c                        . = ALIGN (0x4)

.fini_array     0x0800c32c        0x4
                0x0800c32c                        . = ALIGN (0x4)
                [!provide]                        PROVIDE (__fini_array_start = .)
 *(SORT_BY_NAME(.fini_array.*))
 *(.fini_array*)
 .fini_array    0x0800c32c        0x4 C:/ST/STM32CubeIDE_1.19.0/STM32CubeIDE/plugins/com.st.stm32cube.ide.mcu.externaltools.gnu-tools-for-stm32.13.3.rel1.win32_1.0.0.202411081344/tools/bin/../lib/gcc/arm-none-eabi/13.3.1/thumb/v7-m/nofp/crtbegin.o
                [!provide]                        PROVIDE (__fini_array_end = .)
                0x0800c330                        . = ALIGN (0x4)
                0x0800c330                        _sidata = LOADADDR (.data)

.rel.dyn        0x0800c330        0x0
 .rel.iplt      0x0800c330        0x0 C:/ST/STM32CubeIDE_1.19.0/STM32CubeIDE/plugins/com.st.stm32cube.ide.mcu.externaltools.gnu-tools-for-stm32.13.3.rel1.win32_1.0.0.202411081344/tools/bin/../lib/gcc/arm-none-eabi/13.3.1/thumb/v7-m/nofp/crtbegin.o

.data           0x20000000       0x20 load address 0x0800c330
                0x20000000                        . = ALIGN (0x4)
                0x20000000                        _sdata = .
 *(.data)
 *(.data*)
 .data.s_seq_num
                0x20000000        0x1 ./Core/Src/App/comm.o
 *fill*         0x20000001        0x1 
 .data.s_slave_timeout
                0x20000002        0x2 ./Core/Src/App/comm.o
 .data.s_debug_timer
                0x20000004        0x2 ./Core/Src/App/comm.o
 .data.s_status_timer
                0x20000006        0x2 ./Core/Src/App/comm.o
 .data.s_config
                0x20000008        0x6 ./Core/Src/App/config.o
 .data.s_pusher_cmd
                0x2000000e        0x2 ./Core/Src/Drivers/servo_drv.o
 .data.s_stoper_cmd
                0x20000010        0x2 ./Core/Src/Drivers/servo_drv.o
 .data.s_temp_x100
                0x20000012        0x2 ./Core/Src/Drivers/thermo_drv.o
 .data.SystemCoreClock
                0x20000014        0x4 ./Core/Src/system_stm32f1xx.o
                0x20000014                SystemCoreClock
 .data.uwTickPrio
                0x20000018        0x4 ./Drivers/STM32F1xx_HAL_Driver/Src/stm32f1xx_hal.o
                0x20000018                uwTickPrio
 .data.uwTickFreq
                0x2000001c        0x1 ./Drivers/STM32F1xx_HAL_Driver/Src/stm32f1xx_hal.o
                0x2000001c                uwTickFreq
 *(.RamFunc)
 *(.RamFunc*)
                0x20000020                        . = ALIGN (0x4)
 *fill*         0x2000001d        0x3 
                0x20000020                        _edata = .

.igot.plt       0x20000020        0x0 load address 0x0800c350
 .igot.plt      0x20000020        0x0 C:/ST/STM32CubeIDE_1.19.0/STM32CubeIDE/plugins/com.st.stm32cube.ide.mcu.externaltools.gnu-tools-for-stm32.13.3.rel1.win32_1.0.0.202411081344/tools/bin/../lib/gcc/arm-none-eabi/13.3.1/thumb/v7-m/nofp/crtbegin.o
                0x20000020                        . = ALIGN (0x4)

.bss            0x20000020      0xe70 load address 0x0800c350
                0x20000020                        _sbss = .
                0x20000020                        __bss_start__ = _sbss
 *(.bss)
 .bss           0x20000020       0x1c C:/ST/STM32CubeIDE_1.19.0/STM32CubeIDE/plugins/com.st.stm32cube.ide.mcu.externaltools.gnu-tools-for-stm32.13.3.rel1.win32_1.0.0.202411081344/tools/bin/../lib/gcc/arm-none-eabi/13.3.1/thumb/v7-m/nofp/crtbegin.o
 *(.bss*)
 .bss.s_mode    0x2000003c        0x1 ./Core/Src/App/comm.o
 *fill*         0x2000003d        0x3 
 .bss.s_bitmask
                0x20000040        0x4 ./Core/Src/App/comm.o
 .bss.s_sm      0x20000044        0x4 ./Core/Src/App/comm.o
 .bss.s_msg_ready_up
                0x20000048        0x1 ./Core/Src/App/comm.o
 .bss.s_msg_ready_down
                0x20000049        0x1 ./Core/Src/App/comm.o
 *fill*         0x2000004a        0x2 
 .bss.s_msg_up  0x2000004c      0x123 ./Core/Src/App/comm.o
 *fill*         0x2000016f        0x1 
 .bss.s_msg_down
                0x20000170      0x123 ./Core/Src/App/comm.o
 *fill*         0x20000293        0x1 
 .bss.s_status_up
                0x20000294       0x18 ./Core/Src/App/comm.o
 .bss.s_status_down
                0x200002ac       0x18 ./Core/Src/App/comm.o
 .bss.m_mavlink_status.2
                0x200002c4       0x60 ./Core/Src/App/comm.o
 .bss.m_mavlink_buffer.0
                0x20000324      0x48c ./Core/Src/App/comm.o
 .bss.s_phase   0x200007b0        0x1 ./Core/Src/App/input_proto.o
 *fill*         0x200007b1        0x3 
 .bss.s_ts      0x200007b4        0x4 ./Core/Src/App/input_proto.o
 .bss.entered.2
                0x200007b8        0x1 ./Core/Src/App/state_machine.o
 *fill*         0x200007b9        0x3 
 .bss.blink_ts.1
                0x200007bc        0x4 ./Core/Src/App/state_machine.o
 .bss.counter_edge.0
                0x200007c0        0x1 ./Core/Src/App/state_machine.o
 .bss.s_reverse
                0x200007c1        0x1 ./Core/Src/Drivers/heater_drv.o
 .bss.s_switching
                0x200007c2        0x2 ./Core/Src/Drivers/heater_drv.o
 .bss.s_armed   0x200007c4        0x1 ./Core/Src/Drivers/pwm_drv.o
 .bss.s_detect_count.2
                0x200007c5        0x1 ./Core/Src/Drivers/pwm_drv.o
 *fill*         0x200007c6        0x2 
 .bss.s_last_pulse.1
                0x200007c8        0x4 ./Core/Src/Drivers/pwm_drv.o
 .bss.s_stable_count.0
                0x200007cc        0x1 ./Core/Src/Drivers/pwm_drv.o
 *fill*         0x200007cd        0x1 
 .bss.s_stoper_open
                0x200007ce        0x2 ./Core/Src/Drivers/servo_drv.o
 .bss.s_stoper_close
                0x200007d0        0x2 ./Core/Src/Drivers/servo_drv.o
 .bss.s_fixator_hist
                0x200007d2        0x1 ./Core/Src/Drivers/switches_drv.o
 .bss.s_counter_hist
                0x200007d3        0x1 ./Core/Src/Drivers/switches_drv.o
 .bss.s_finish_hist
                0x200007d4        0x1 ./Core/Src/Drivers/switches_drv.o
 .bss.s_start_hist
                0x200007d5        0x1 ./Core/Src/Drivers/switches_drv.o
 *fill*         0x200007d6        0x2 
 .bss.s_state   0x200007d8        0x4 ./Core/Src/Drivers/switches_drv.o
 .bss.s_ds18    0x200007dc       0x7c ./Core/Src/Drivers/thermo_drv.o
 .bss.s_state   0x20000858        0x1 ./Core/Src/Drivers/thermo_drv.o
 *fill*         0x20000859        0x3 
 .bss.s_ts      0x2000085c        0x4 ./Core/Src/Drivers/thermo_drv.o
 .bss.s_last_start
                0x20000860        0x4 ./Core/Src/Drivers/thermo_drv.o
 .bss.s_rx_byte_up
                0x20000864        0x1 ./Core/Src/Drivers/uart_drv.o
 .bss.s_rx_byte_down
                0x20000865        0x1 ./Core/Src/Drivers/uart_drv.o
 .bss.s_tx_busy_up
                0x20000866        0x1 ./Core/Src/Drivers/uart_drv.o
 .bss.s_tx_busy_down
                0x20000867        0x1 ./Core/Src/Drivers/uart_drv.o
 .bss.s_tx_buf_up
                0x20000868      0x118 ./Core/Src/Drivers/uart_drv.o
 .bss.s_tx_buf_down
                0x20000980      0x118 ./Core/Src/Drivers/uart_drv.o
 .bss.s_voltage
                0x20000a98        0x4 ./Core/Src/Drivers/voltage_drv.o
 .bss.hadc1     0x20000a9c       0x30 ./Core/Src/adc.o
                0x20000a9c                hadc1
 .bss.g_sm      0x20000acc       0x10 ./Core/Src/app.o
 .bss.g_tick_counter
                0x20000adc        0x2 ./Core/Src/app.o
 *fill*         0x20000ade        0x2 
 .bss.hspi1     0x20000ae0       0x58 ./Core/Src/spi.o
                0x20000ae0                hspi1
 .bss.htim1     0x20000b38       0xb4 ./Core/Src/tim.o
                0x20000b38                htim1
 .bss.htim2     0x20000bec       0xb4 ./Core/Src/tim.o
                0x20000bec                htim2
 .bss.htim4     0x20000ca0       0xb4 ./Core/Src/tim.o
                0x20000ca0                htim4
 .bss.huart1    0x20000d54       0x48 ./Core/Src/usart.o
                0x20000d54                huart1
 .bss.huart2    0x20000d9c       0x48 ./Core/Src/usart.o
                0x20000d9c                huart2
 .bss.hdma_usart1_tx
                0x20000de4       0x44 ./Core/Src/usart.o
                0x20000de4                hdma_usart1_tx
 .bss.hdma_usart2_tx
                0x20000e28       0x44 ./Core/Src/usart.o
                0x20000e28                hdma_usart2_tx
 .bss.uwTick    0x20000e6c        0x4 ./Drivers/STM32F1xx_HAL_Driver/Src/stm32f1xx_hal.o
                0x20000e6c                uwTick
 .bss.pFlash    0x20000e70       0x20 ./Drivers/STM32F1xx_HAL_Driver/Src/stm32f1xx_hal_flash.o
                0x20000e70                pFlash
 *(COMMON)
                0x20000e90                        . = ALIGN (0x4)
                0x20000e90                        _ebss = .
                0x20000e90                        __bss_end__ = _ebss

._user_heap_stack
                0x20000e90      0x600 load address 0x0800c350
                0x20000e90                        . = ALIGN (0x8)
                [!provide]                        PROVIDE (end = .)
                0x20000e90                        PROVIDE (_end = .)
                0x20001090                        . = (. + _Min_Heap_Size)
 *fill*         0x20000e90      0x200 
                0x20001490                        . = (. + _Min_Stack_Size)
 *fill*         0x20001090      0x400 
                0x20001490                        . = ALIGN (0x8)

/DISCARD/
 libc.a(*)
 libm.a(*)
 libgcc.a(*)

.ARM.attributes
                0x00000000       0x29
 *(.ARM.attributes)
 .ARM.attributes
                0x00000000       0x1d C:/ST/STM32CubeIDE_1.19.0/STM32CubeIDE/plugins/com.st.stm32cube.ide.mcu.externaltools.gnu-tools-for-stm32.13.3.rel1.win32_1.0.0.202411081344/tools/bin/../lib/gcc/arm-none-eabi/13.3.1/thumb/v7-m/nofp/crti.o
 .ARM.attributes
                0x0000001d       0x2d C:/ST/STM32CubeIDE_1.19.0/STM32CubeIDE/plugins/com.st.stm32cube.ide.mcu.externaltools.gnu-tools-for-stm32.13.3.rel1.win32_1.0.0.202411081344/tools/bin/../lib/gcc/arm-none-eabi/13.3.1/thumb/v7-m/nofp/crtbegin.o
 .ARM.attributes
                0x0000004a       0x2d ./Core/Src/App/comm.o
 .ARM.attributes
                0x00000077       0x2d ./Core/Src/App/config.o
 .ARM.attributes
                0x000000a4       0x2d ./Core/Src/App/input_proto.o
 .ARM.attributes
                0x000000d1       0x2d ./Core/Src/App/state_machine.o
 .ARM.attributes
                0x000000fe       0x2d ./Core/Src/Drivers/flash_drv.o
 .ARM.attributes
                0x0000012b       0x2d ./Core/Src/Drivers/heater_drv.o
 .ARM.attributes
                0x00000158       0x2d ./Core/Src/Drivers/pwm_drv.o
 .ARM.attributes
                0x00000185       0x2d ./Core/Src/Drivers/servo_drv.o
 .ARM.attributes
                0x000001b2       0x2d ./Core/Src/Drivers/switches_drv.o
 .ARM.attributes
                0x000001df       0x2d ./Core/Src/Drivers/thermo_drv.o
 .ARM.attributes
                0x0000020c       0x2d ./Core/Src/Drivers/uart_drv.o
 .ARM.attributes
                0x00000239       0x2d ./Core/Src/Drivers/voltage_drv.o
 .ARM.attributes
                0x00000266       0x2d ./Core/Src/adc.o
 .ARM.attributes
                0x00000293       0x2d ./Core/Src/app.o
 .ARM.attributes
                0x000002c0       0x2d ./Core/Src/dma.o
 .ARM.attributes
                0x000002ed       0x2d ./Core/Src/ds18b20.o
 .ARM.attributes
                0x0000031a       0x2d ./Core/Src/gpio.o
 .ARM.attributes
                0x00000347       0x2d ./Core/Src/main.o
 .ARM.attributes
                0x00000374       0x2d ./Core/Src/ow.o
 .ARM.attributes
                0x000003a1       0x2d ./Core/Src/spi.o
 .ARM.attributes
                0x000003ce       0x2d ./Core/Src/stm32f1xx_hal_msp.o
 .ARM.attributes
                0x000003fb       0x2d ./Core/Src/stm32f1xx_it.o
 .ARM.attributes
                0x00000428       0x2d ./Core/Src/system_stm32f1xx.o
 .ARM.attributes
                0x00000455       0x2d ./Core/Src/tim.o
 .ARM.attributes
                0x00000482       0x2d ./Core/Src/usart.o
 .ARM.attributes
                0x000004af       0x21 ./Core/Startup/startup_stm32f103c8tx.o
 .ARM.attributes
                0x000004d0       0x2d ./Drivers/STM32F1xx_HAL_Driver/Src/stm32f1xx_hal.o
 .ARM.attributes
                0x000004fd       0x2d ./Drivers/STM32F1xx_HAL_Driver/Src/stm32f1xx_hal_adc.o
 .ARM.attributes
                0x0000052a       0x2d ./Drivers/STM32F1xx_HAL_Driver/Src/stm32f1xx_hal_cortex.o
 .ARM.attributes
                0x00000557       0x2d ./Drivers/STM32F1xx_HAL_Driver/Src/stm32f1xx_hal_dma.o
 .ARM.attributes
                0x00000584       0x2d ./Drivers/STM32F1xx_HAL_Driver/Src/stm32f1xx_hal_flash.o
 .ARM.attributes
                0x000005b1       0x2d ./Drivers/STM32F1xx_HAL_Driver/Src/stm32f1xx_hal_flash_ex.o
 .ARM.attributes
                0x000005de       0x2d ./Drivers/STM32F1xx_HAL_Driver/Src/stm32f1xx_hal_gpio.o
 .ARM.attributes
                0x0000060b       0x2d ./Drivers/STM32F1xx_HAL_Driver/Src/stm32f1xx_hal_rcc.o
 .ARM.attributes
                0x00000638       0x2d ./Drivers/STM32F1xx_HAL_Driver/Src/stm32f1xx_hal_rcc_ex.o
 .ARM.attributes
                0x00000665       0x2d ./Drivers/STM32F1xx_HAL_Driver/Src/stm32f1xx_hal_spi.o
 .ARM.attributes
                0x00000692       0x2d ./Drivers/STM32F1xx_HAL_Driver/Src/stm32f1xx_hal_tim.o
 .ARM.attributes
                0x000006bf       0x2d ./Drivers/STM32F1xx_HAL_Driver/Src/stm32f1xx_hal_tim_ex.o
 .ARM.attributes
                0x000006ec       0x2d ./Drivers/STM32F1xx_HAL_Driver/Src/stm32f1xx_hal_uart.o
 .ARM.attributes
                0x00000719       0x2d C:/ST/STM32CubeIDE_1.19.0/STM32CubeIDE/plugins/com.st.stm32cube.ide.mcu.externaltools.gnu-tools-for-stm32.13.3.rel1.win32_1.0.0.202411081344/tools/bin/../lib/gcc/arm-none-eabi/13.3.1/../../../../arm-none-eabi/lib/thumb/v7-m/nofp\libc_nano.a(libc_a-memcmp.o)
 .ARM.attributes
                0x00000746       0x2d C:/ST/STM32CubeIDE_1.19.0/STM32CubeIDE/plugins/com.st.stm32cube.ide.mcu.externaltools.gnu-tools-for-stm32.13.3.rel1.win32_1.0.0.202411081344/tools/bin/../lib/gcc/arm-none-eabi/13.3.1/../../../../arm-none-eabi/lib/thumb/v7-m/nofp\libc_nano.a(libc_a-memset.o)
 .ARM.attributes
                0x00000773       0x2d C:/ST/STM32CubeIDE_1.19.0/STM32CubeIDE/plugins/com.st.stm32cube.ide.mcu.externaltools.gnu-tools-for-stm32.13.3.rel1.win32_1.0.0.202411081344/tools/bin/../lib/gcc/arm-none-eabi/13.3.1/../../../../arm-none-eabi/lib/thumb/v7-m/nofp\libc_nano.a(libc_a-init.o)
 .ARM.attributes
                0x000007a0       0x2d C:/ST/STM32CubeIDE_1.19.0/STM32CubeIDE/plugins/com.st.stm32cube.ide.mcu.externaltools.gnu-tools-for-stm32.13.3.rel1.win32_1.0.0.202411081344/tools/bin/../lib/gcc/arm-none-eabi/13.3.1/../../../../arm-none-eabi/lib/thumb/v7-m/nofp\libc_nano.a(libc_a-memcpy-stub.o)
 .ARM.attributes
                0x000007cd       0x1d C:/ST/STM32CubeIDE_1.19.0/STM32CubeIDE/plugins/com.st.stm32cube.ide.mcu.externaltools.gnu-tools-for-stm32.13.3.rel1.win32_1.0.0.202411081344/tools/bin/../lib/gcc/arm-none-eabi/13.3.1/thumb/v7-m/nofp\libgcc.a(_arm_addsubsf3.o)
 .ARM.attributes
                0x000007ea       0x1d C:/ST/STM32CubeIDE_1.19.0/STM32CubeIDE/plugins/com.st.stm32cube.ide.mcu.externaltools.gnu-tools-for-stm32.13.3.rel1.win32_1.0.0.202411081344/tools/bin/../lib/gcc/arm-none-eabi/13.3.1/thumb/v7-m/nofp\libgcc.a(_arm_muldivsf3.o)
 .ARM.attributes
                0x00000807       0x1d C:/ST/STM32CubeIDE_1.19.0/STM32CubeIDE/plugins/com.st.stm32cube.ide.mcu.externaltools.gnu-tools-for-stm32.13.3.rel1.win32_1.0.0.202411081344/tools/bin/../lib/gcc/arm-none-eabi/13.3.1/thumb/v7-m/nofp\libgcc.a(_arm_cmpsf2.o)
 .ARM.attributes
                0x00000824       0x1d C:/ST/STM32CubeIDE_1.19.0/STM32CubeIDE/plugins/com.st.stm32cube.ide.mcu.externaltools.gnu-tools-for-stm32.13.3.rel1.win32_1.0.0.202411081344/tools/bin/../lib/gcc/arm-none-eabi/13.3.1/thumb/v7-m/nofp\libgcc.a(_arm_fixunssfsi.o)
 .ARM.attributes
                0x00000841       0x1d C:/ST/STM32CubeIDE_1.19.0/STM32CubeIDE/plugins/com.st.stm32cube.ide.mcu.externaltools.gnu-tools-for-stm32.13.3.rel1.win32_1.0.0.202411081344/tools/bin/../lib/gcc/arm-none-eabi/13.3.1/thumb/v7-m/nofp/crtn.o
OUTPUT(SKYD 3.0.2.elf elf32-littlearm)
LOAD linker stubs
LOAD C:/ST/STM32CubeIDE_1.19.0/STM32CubeIDE/plugins/com.st.stm32cube.ide.mcu.externaltools.gnu-tools-for-stm32.13.3.rel1.win32_1.0.0.202411081344/tools/bin/../lib/gcc/arm-none-eabi/13.3.1/../../../../arm-none-eabi/lib/thumb/v7-m/nofp\libc.a
LOAD C:/ST/STM32CubeIDE_1.19.0/STM32CubeIDE/plugins/com.st.stm32cube.ide.mcu.externaltools.gnu-tools-for-stm32.13.3.rel1.win32_1.0.0.202411081344/tools/bin/../lib/gcc/arm-none-eabi/13.3.1/../../../../arm-none-eabi/lib/thumb/v7-m/nofp\libm.a
LOAD C:/ST/STM32CubeIDE_1.19.0/STM32CubeIDE/plugins/com.st.stm32cube.ide.mcu.externaltools.gnu-tools-for-stm32.13.3.rel1.win32_1.0.0.202411081344/tools/bin/../lib/gcc/arm-none-eabi/13.3.1/thumb/v7-m/nofp\libgcc.a

.debug_info     0x00000000    0x1b32c
 .debug_info    0x00000000     0x266f ./Core/Src/App/comm.o
 .debug_info    0x0000266f      0x211 ./Core/Src/App/config.o
 .debug_info    0x00002880      0x16a ./Core/Src/App/input_proto.o
 .debug_info    0x000029ea      0x71f ./Core/Src/App/state_machine.o
 .debug_info    0x00003109      0x2a5 ./Core/Src/Drivers/flash_drv.o
 .debug_info    0x000033ae      0x91c ./Core/Src/Drivers/heater_drv.o
 .debug_info    0x00003cca     0x1082 ./Core/Src/Drivers/pwm_drv.o
 .debug_info    0x00004d4c      0x99c ./Core/Src/Drivers/servo_drv.o
 .debug_info    0x000056e8      0x233 ./Core/Src/Drivers/switches_drv.o
 .debug_info    0x0000591b      0xf1f ./Core/Src/Drivers/thermo_drv.o
 .debug_info    0x0000683a      0xa02 ./Core/Src/Drivers/uart_drv.o
 .debug_info    0x0000723c      0x20b ./Core/Src/Drivers/voltage_drv.o
 .debug_info    0x00007447      0x812 ./Core/Src/adc.o
 .debug_info    0x00007c59      0xddd ./Core/Src/app.o
 .debug_info    0x00008a36      0x2cf ./Core/Src/dma.o
 .debug_info    0x00008d05     0x1049 ./Core/Src/ds18b20.o
 .debug_info    0x00009d4e      0x362 ./Core/Src/gpio.o
 .debug_info    0x0000a0b0      0x33a ./Core/Src/main.o
 .debug_info    0x0000a3ea     0x1522 ./Core/Src/ow.o
 .debug_info    0x0000b90c      0x853 ./Core/Src/spi.o
 .debug_info    0x0000c15f      0x1f1 ./Core/Src/stm32f1xx_hal_msp.o
 .debug_info    0x0000c350      0xb63 ./Core/Src/stm32f1xx_it.o
 .debug_info    0x0000ceb3      0x222 ./Core/Src/system_stm32f1xx.o
 .debug_info    0x0000d0d5      0xf7b ./Core/Src/tim.o
 .debug_info    0x0000e050      0xa61 ./Core/Src/usart.o
 .debug_info    0x0000eab1       0x30 ./Core/Startup/startup_stm32f103c8tx.o
 .debug_info    0x0000eae1      0x704 ./Drivers/STM32F1xx_HAL_Driver/Src/stm32f1xx_hal.o
 .debug_info    0x0000f1e5      0xc50 ./Drivers/STM32F1xx_HAL_Driver/Src/stm32f1xx_hal_adc.o
 .debug_info    0x0000fe35      0xa87 ./Drivers/STM32F1xx_HAL_Driver/Src/stm32f1xx_hal_cortex.o
 .debug_info    0x000108bc      0x6d2 ./Drivers/STM32F1xx_HAL_Driver/Src/stm32f1xx_hal_dma.o
 .debug_info    0x00010f8e      0x4f8 ./Drivers/STM32F1xx_HAL_Driver/Src/stm32f1xx_hal_flash.o
 .debug_info    0x00011486      0x777 ./Drivers/STM32F1xx_HAL_Driver/Src/stm32f1xx_hal_flash_ex.o
 .debug_info    0x00011bfd      0x5ab ./Drivers/STM32F1xx_HAL_Driver/Src/stm32f1xx_hal_gpio.o
 .debug_info    0x000121a8      0x7d5 ./Drivers/STM32F1xx_HAL_Driver/Src/stm32f1xx_hal_rcc.o
 .debug_info    0x0001297d      0x3c0 ./Drivers/STM32F1xx_HAL_Driver/Src/stm32f1xx_hal_rcc_ex.o
 .debug_info    0x00012d3d     0x142d ./Drivers/STM32F1xx_HAL_Driver/Src/stm32f1xx_hal_spi.o
 .debug_info    0x0001416a     0x2cb7 ./Drivers/STM32F1xx_HAL_Driver/Src/stm32f1xx_hal_tim.o
 .debug_info    0x00016e21     0x161e ./Drivers/STM32F1xx_HAL_Driver/Src/stm32f1xx_hal_tim_ex.o
 .debug_info    0x0001843f     0x2eed ./Drivers/STM32F1xx_HAL_Driver/Src/stm32f1xx_hal_uart.o

.debug_abbrev   0x00000000     0x5166
 .debug_abbrev  0x00000000      0x499 ./Core/Src/App/comm.o
 .debug_abbrev  0x00000499      0x140 ./Core/Src/App/config.o
 .debug_abbrev  0x000005d9       0xf0 ./Core/Src/App/input_proto.o
 .debug_abbrev  0x000006c9      0x2a6 ./Core/Src/App/state_machine.o
 .debug_abbrev  0x0000096f      0x146 ./Core/Src/Drivers/flash_drv.o
 .debug_abbrev  0x00000ab5      0x221 ./Core/Src/Drivers/heater_drv.o
 .debug_abbrev  0x00000cd6      0x289 ./Core/Src/Drivers/pwm_drv.o
 .debug_abbrev  0x00000f5f      0x213 ./Core/Src/Drivers/servo_drv.o
 .debug_abbrev  0x00001172      0x132 ./Core/Src/Drivers/switches_drv.o
 .debug_abbrev  0x000012a4      0x310 ./Core/Src/Drivers/thermo_drv.o
 .debug_abbrev  0x000015b4      0x283 ./Core/Src/Drivers/uart_drv.o
 .debug_abbrev  0x00001837      0x170 ./Core/Src/Drivers/voltage_drv.o
 .debug_abbrev  0x000019a7      0x1fc ./Core/Src/adc.o
 .debug_abbrev  0x00001ba3      0x1fe ./Core/Src/app.o
 .debug_abbrev  0x00001da1       0xfc ./Core/Src/dma.o
 .debug_abbrev  0x00001e9d      0x2c4 ./Core/Src/ds18b20.o
 .debug_abbrev  0x00002161      0x150 ./Core/Src/gpio.o
 .debug_abbrev  0x000022b1      0x194 ./Core/Src/main.o
 .debug_abbrev  0x00002445      0x404 ./Core/Src/ow.o
 .debug_abbrev  0x00002849      0x1f8 ./Core/Src/spi.o
 .debug_abbrev  0x00002a41       0xdb ./Core/Src/stm32f1xx_hal_msp.o
 .debug_abbrev  0x00002b1c      0x1c9 ./Core/Src/stm32f1xx_it.o
 .debug_abbrev  0x00002ce5      0x13f ./Core/Src/system_stm32f1xx.o
 .debug_abbrev  0x00002e24      0x299 ./Core/Src/tim.o
 .debug_abbrev  0x000030bd      0x232 ./Core/Src/usart.o
 .debug_abbrev  0x000032ef       0x24 ./Core/Startup/startup_stm32f103c8tx.o
 .debug_abbrev  0x00003313      0x201 ./Drivers/STM32F1xx_HAL_Driver/Src/stm32f1xx_hal.o
 .debug_abbrev  0x00003514      0x225 ./Drivers/STM32F1xx_HAL_Driver/Src/stm32f1xx_hal_adc.o
 .debug_abbrev  0x00003739      0x2f8 ./Drivers/STM32F1xx_HAL_Driver/Src/stm32f1xx_hal_cortex.o
 .debug_abbrev  0x00003a31      0x20b ./Drivers/STM32F1xx_HAL_Driver/Src/stm32f1xx_hal_dma.o
 .debug_abbrev  0x00003c3c      0x250 ./Drivers/STM32F1xx_HAL_Driver/Src/stm32f1xx_hal_flash.o
 .debug_abbrev  0x00003e8c      0x247 ./Drivers/STM32F1xx_HAL_Driver/Src/stm32f1xx_hal_flash_ex.o
 .debug_abbrev  0x000040d3      0x1ca ./Drivers/STM32F1xx_HAL_Driver/Src/stm32f1xx_hal_gpio.o
 .debug_abbrev  0x0000429d      0x2b3 ./Drivers/STM32F1xx_HAL_Driver/Src/stm32f1xx_hal_rcc.o
 .debug_abbrev  0x00004550      0x188 ./Drivers/STM32F1xx_HAL_Driver/Src/stm32f1xx_hal_rcc_ex.o
 .debug_abbrev  0x000046d8      0x27a ./Drivers/STM32F1xx_HAL_Driver/Src/stm32f1xx_hal_spi.o
 .debug_abbrev  0x00004952      0x289 ./Drivers/STM32F1xx_HAL_Driver/Src/stm32f1xx_hal_tim.o
 .debug_abbrev  0x00004bdb      0x293 ./Drivers/STM32F1xx_HAL_Driver/Src/stm32f1xx_hal_tim_ex.o
 .debug_abbrev  0x00004e6e      0x2f8 ./Drivers/STM32F1xx_HAL_Driver/Src/stm32f1xx_hal_uart.o

.debug_aranges  0x00000000     0x1790
 .debug_aranges
                0x00000000      0x228 ./Core/Src/App/comm.o
 .debug_aranges
                0x00000228       0x38 ./Core/Src/App/config.o
 .debug_aranges
                0x00000260       0x28 ./Core/Src/App/input_proto.o
 .debug_aranges
                0x00000288       0xa8 ./Core/Src/App/state_machine.o
 .debug_aranges
                0x00000330       0x28 ./Core/Src/Drivers/flash_drv.o
 .debug_aranges
                0x00000358       0x50 ./Core/Src/Drivers/heater_drv.o
 .debug_aranges
                0x000003a8       0x48 ./Core/Src/Drivers/pwm_drv.o
 .debug_aranges
                0x000003f0       0x48 ./Core/Src/Drivers/servo_drv.o
 .debug_aranges
                0x00000438       0x28 ./Core/Src/Drivers/switches_drv.o
 .debug_aranges
                0x00000460       0x58 ./Core/Src/Drivers/thermo_drv.o
 .debug_aranges
                0x000004b8       0x58 ./Core/Src/Drivers/uart_drv.o
 .debug_aranges
                0x00000510       0x30 ./Core/Src/Drivers/voltage_drv.o
 .debug_aranges
                0x00000540       0x38 ./Core/Src/adc.o
 .debug_aranges
                0x00000578       0x58 ./Core/Src/app.o
 .debug_aranges
                0x000005d0       0x20 ./Core/Src/dma.o
 .debug_aranges
                0x000005f0       0x70 ./Core/Src/ds18b20.o
 .debug_aranges
                0x00000660       0x20 ./Core/Src/gpio.o
 .debug_aranges
                0x00000680       0x30 ./Core/Src/main.o
 .debug_aranges
                0x000006b0       0x78 ./Core/Src/ow.o
 .debug_aranges
                0x00000728       0x30 ./Core/Src/spi.o
 .debug_aranges
                0x00000758       0x20 ./Core/Src/stm32f1xx_hal_msp.o
 .debug_aranges
                0x00000778       0x90 ./Core/Src/stm32f1xx_it.o
 .debug_aranges
                0x00000808       0x28 ./Core/Src/system_stm32f1xx.o
 .debug_aranges
                0x00000830       0x50 ./Core/Src/tim.o
 .debug_aranges
                0x00000880       0x38 ./Core/Src/usart.o
 .debug_aranges
                0x000008b8       0x28 ./Core/Startup/startup_stm32f103c8tx.o
 .debug_aranges
                0x000008e0       0xe0 ./Drivers/STM32F1xx_HAL_Driver/Src/stm32f1xx_hal.o
 .debug_aranges
                0x000009c0       0xf0 ./Drivers/STM32F1xx_HAL_Driver/Src/stm32f1xx_hal_adc.o
 .debug_aranges
                0x00000ab0      0x100 ./Drivers/STM32F1xx_HAL_Driver/Src/stm32f1xx_hal_cortex.o
 .debug_aranges
                0x00000bb0       0x80 ./Drivers/STM32F1xx_HAL_Driver/Src/stm32f1xx_hal_dma.o
 .debug_aranges
                0x00000c30       0x88 ./Drivers/STM32F1xx_HAL_Driver/Src/stm32f1xx_hal_flash.o
 .debug_aranges
                0x00000cb8       0x98 ./Drivers/STM32F1xx_HAL_Driver/Src/stm32f1xx_hal_flash_ex.o
 .debug_aranges
                0x00000d50       0x58 ./Drivers/STM32F1xx_HAL_Driver/Src/stm32f1xx_hal_gpio.o
 .debug_aranges
                0x00000da8       0x90 ./Drivers/STM32F1xx_HAL_Driver/Src/stm32f1xx_hal_rcc.o
 .debug_aranges
                0x00000e38       0x30 ./Drivers/STM32F1xx_HAL_Driver/Src/stm32f1xx_hal_rcc_ex.o
 .debug_aranges
                0x00000e68      0x1d0 ./Drivers/STM32F1xx_HAL_Driver/Src/stm32f1xx_hal_spi.o
 .debug_aranges
                0x00001038      0x3e8 ./Drivers/STM32F1xx_HAL_Driver/Src/stm32f1xx_hal_tim.o
 .debug_aranges
                0x00001420      0x168 ./Drivers/STM32F1xx_HAL_Driver/Src/stm32f1xx_hal_tim_ex.o
 .debug_aranges
                0x00001588      0x208 ./Drivers/STM32F1xx_HAL_Driver/Src/stm32f1xx_hal_uart.o

.debug_rnglists
                0x00000000     0x1218
 .debug_rnglists
                0x00000000      0x1bb ./Core/Src/App/comm.o
 .debug_rnglists
                0x000001bb       0x25 ./Core/Src/App/config.o
 .debug_rnglists
                0x000001e0       0x1a ./Core/Src/App/input_proto.o
 .debug_rnglists
                0x000001fa       0x89 ./Core/Src/App/state_machine.o
 .debug_rnglists
                0x00000283       0x1a ./Core/Src/Drivers/flash_drv.o
 .debug_rnglists
                0x0000029d       0x38 ./Core/Src/Drivers/heater_drv.o
 .debug_rnglists
                0x000002d5       0x34 ./Core/Src/Drivers/pwm_drv.o
 .debug_rnglists
                0x00000309       0x31 ./Core/Src/Drivers/servo_drv.o
 .debug_rnglists
                0x0000033a       0x1a ./Core/Src/Drivers/switches_drv.o
 .debug_rnglists
                0x00000354       0x3f ./Core/Src/Drivers/thermo_drv.o
 .debug_rnglists
                0x00000393       0x3f ./Core/Src/Drivers/uart_drv.o
 .debug_rnglists
                0x000003d2       0x20 ./Core/Src/Drivers/voltage_drv.o
 .debug_rnglists
                0x000003f2       0x25 ./Core/Src/adc.o
 .debug_rnglists
                0x00000417       0x3d ./Core/Src/app.o
 .debug_rnglists
                0x00000454       0x13 ./Core/Src/dma.o
 .debug_rnglists
                0x00000467       0x51 ./Core/Src/ds18b20.o
 .debug_rnglists
                0x000004b8       0x14 ./Core/Src/gpio.o
 .debug_rnglists
                0x000004cc       0x20 ./Core/Src/main.o
 .debug_rnglists
                0x000004ec       0x5a ./Core/Src/ow.o
 .debug_rnglists
                0x00000546       0x20 ./Core/Src/spi.o
 .debug_rnglists
                0x00000566       0x13 ./Core/Src/stm32f1xx_hal_msp.o
 .debug_rnglists
                0x00000579       0x67 ./Core/Src/stm32f1xx_it.o
 .debug_rnglists
                0x000005e0       0x1a ./Core/Src/system_stm32f1xx.o
 .debug_rnglists
                0x000005fa       0x3d ./Core/Src/tim.o
 .debug_rnglists
                0x00000637       0x27 ./Core/Src/usart.o
 .debug_rnglists
                0x0000065e       0x19 ./Core/Startup/startup_stm32f103c8tx.o
 .debug_rnglists
                0x00000677       0xa3 ./Drivers/STM32F1xx_HAL_Driver/Src/stm32f1xx_hal.o
 .debug_rnglists
                0x0000071a       0xbc ./Drivers/STM32F1xx_HAL_Driver/Src/stm32f1xx_hal_adc.o
 .debug_rnglists
                0x000007d6       0xbb ./Drivers/STM32F1xx_HAL_Driver/Src/stm32f1xx_hal_cortex.o
 .debug_rnglists
                0x00000891       0x64 ./Drivers/STM32F1xx_HAL_Driver/Src/stm32f1xx_hal_dma.o
 .debug_rnglists
                0x000008f5       0x66 ./Drivers/STM32F1xx_HAL_Driver/Src/stm32f1xx_hal_flash.o
 .debug_rnglists
                0x0000095b       0x73 ./Drivers/STM32F1xx_HAL_Driver/Src/stm32f1xx_hal_flash_ex.o
 .debug_rnglists
                0x000009ce       0x3f ./Drivers/STM32F1xx_HAL_Driver/Src/stm32f1xx_hal_gpio.o
 .debug_rnglists
                0x00000a0d       0x6c ./Drivers/STM32F1xx_HAL_Driver/Src/stm32f1xx_hal_rcc.o
 .debug_rnglists
                0x00000a79       0x21 ./Drivers/STM32F1xx_HAL_Driver/Src/stm32f1xx_hal_rcc_ex.o
 .debug_rnglists
                0x00000a9a      0x16e ./Drivers/STM32F1xx_HAL_Driver/Src/stm32f1xx_hal_spi.o
 .debug_rnglists
                0x00000c08      0x32f ./Drivers/STM32F1xx_HAL_Driver/Src/stm32f1xx_hal_tim.o
 .debug_rnglists
                0x00000f37      0x125 ./Drivers/STM32F1xx_HAL_Driver/Src/stm32f1xx_hal_tim_ex.o
 .debug_rnglists
                0x0000105c      0x1bc ./Drivers/STM32F1xx_HAL_Driver/Src/stm32f1xx_hal_uart.o

.debug_macro    0x00000000    0x1bf67
 .debug_macro   0x00000000      0x40c ./Core/Src/App/comm.o
 .debug_macro   0x0000040c      0xacc ./Core/Src/App/comm.o
 .debug_macro   0x00000ed8       0x22 ./Core/Src/App/comm.o
 .debug_macro   0x00000efa       0x8e ./Core/Src/App/comm.o
 .debug_macro   0x00000f88       0x51 ./Core/Src/App/comm.o
 .debug_macro   0x00000fd9      0x103 ./Core/Src/App/comm.o
 .debug_macro   0x000010dc       0x6a ./Core/Src/App/comm.o
 .debug_macro   0x00001146      0x1df ./Core/Src/App/comm.o
 .debug_macro   0x00001325      0x22d ./Core/Src/App/comm.o
 .debug_macro   0x00001552       0x2e ./Core/Src/App/comm.o
 .debug_macro   0x00001580       0x22 ./Core/Src/App/comm.o
 .debug_macro   0x000015a2       0x1c ./Core/Src/App/comm.o
 .debug_macro   0x000015be       0x22 ./Core/Src/App/comm.o
 .debug_macro   0x000015e0       0xbd ./Core/Src/App/comm.o
 .debug_macro   0x0000169d      0xd23 ./Core/Src/App/comm.o
 .debug_macro   0x000023c0     0xe09e ./Core/Src/App/comm.o
 .debug_macro   0x0001045e       0x6d ./Core/Src/App/comm.o
 .debug_macro   0x000104cb     0x34a2 ./Core/Src/App/comm.o
 .debug_macro   0x0001396d      0x190 ./Core/Src/App/comm.o
 .debug_macro   0x00013afd       0x5c ./Core/Src/App/comm.o
 .debug_macro   0x00013b59      0x5bc ./Core/Src/App/comm.o
 .debug_macro   0x00014115      0x289 ./Core/Src/App/comm.o
 .debug_macro   0x0001439e      0x1cb ./Core/Src/App/comm.o
 .debug_macro   0x00014569      0x114 ./Core/Src/App/comm.o
 .debug_macro   0x0001467d      0x1b2 ./Core/Src/App/comm.o
 .debug_macro   0x0001482f       0x27 ./Core/Src/App/comm.o
 .debug_macro   0x00014856      0x136 ./Core/Src/App/comm.o