Archive member included to satisfy reference by file (symbol)

C:/ST/STM32CubeIDE_1.19.0/STM32CubeIDE/plugins/com.st.stm32cube.ide.mcu.externaltools.gnu-tools-for-stm32.13.3.rel1.win32_1.0.0.202411081344/tools/bin/../lib/gcc/arm-none-eabi/13.3.1/../../../../arm-none-eabi/lib/thumb/v7-m/nofp\libc_nano.a(libc_a-exit.o)
                              C:/ST/STM32CubeIDE_1.19.0/STM32CubeIDE/plugins/com.st.stm32cube.ide.mcu.externaltools.gnu-tools-for-stm32.13.3.rel1.win32_1.0.0.202411081344/tools/bin/../lib/gcc/arm-none-eabi/13.3.1/../../../../arm-none-eabi/lib/thumb/v7-m/nofp/crt0.o (exit)
C:/ST/STM32CubeIDE_1.19.0/STM32CubeIDE/plugins/com.st.stm32cube.ide.mcu.externaltools.gnu-tools-for-stm32.13.3.rel1.win32_1.0.0.202411081344/tools/bin/../lib/gcc/arm-none-eabi/13.3.1/../../../../arm-none-eabi/lib/thumb/v7-m/nofp\libc_nano.a(libc_a-findfp.o)
                              C:/ST/STM32CubeIDE_1.19.0/STM32CubeIDE/plugins/com.st.stm32cube.ide.mcu.externaltools.gnu-tools-for-stm32.13.3.rel1.win32_1.0.0.202411081344/tools/bin/../lib/gcc/arm-none-eabi/13.3.1/../../../../arm-none-eabi/lib/thumb/v7-m/nofp\libc_nano.a(libc_a-exit.o) (__stdio_exit_handler)
C:/ST/STM32CubeIDE_1.19.0/STM32CubeIDE/plugins/com.st.stm32cube.ide.mcu.externaltools.gnu-tools-for-stm32.13.3.rel1.win32_1.0.0.202411081344/tools/bin/../lib/gcc/arm-none-eabi/13.3.1/../../../../arm-none-eabi/lib/thumb/v7-m/nofp\libc_nano.a(libc_a-fwalk.o)
                              C:/ST/STM32CubeIDE_1.19.0/STM32CubeIDE/plugins/com.st.stm32cube.ide.mcu.externaltools.gnu-tools-for-stm32.13.3.rel1.win32_1.0.0.202411081344/tools/bin/../lib/gcc/arm-none-eabi/13.3.1/../../../../arm-none-eabi/lib/thumb/v7-m/nofp\libc_nano.a(libc_a-findfp.o) (_fwalk_sglue)
C:/ST/STM32CubeIDE_1.19.0/STM32CubeIDE/plugins/com.st.stm32cube.ide.mcu.externaltools.gnu-tools-for-stm32.13.3.rel1.win32_1.0.0.202411081344/tools/bin/../lib/gcc/arm-none-eabi/13.3.1/../../../../arm-none-eabi/lib/thumb/v7-m/nofp\libc_nano.a(libc_a-stdio.o)
                              C:/ST/STM32CubeIDE_1.19.0/STM32CubeIDE/plugins/com.st.stm32cube.ide.mcu.externaltools.gnu-tools-for-stm32.13.3.rel1.win32_1.0.0.202411081344/tools/bin/../lib/gcc/arm-none-eabi/13.3.1/../../../../arm-none-eabi/lib/thumb/v7-m/nofp\libc_nano.a(libc_a-findfp.o) (__sread)
C:/ST/STM32CubeIDE_1.19.0/STM32CubeIDE/plugins/com.st.stm32cube.ide.mcu.externaltools.gnu-tools-for-stm32.13.3.rel1.win32_1.0.0.202411081344/tools/bin/../lib/gcc/arm-none-eabi/13.3.1/../../../../arm-none-eabi/lib/thumb/v7-m/nofp\libc_nano.a(libc_a-memcmp.o)
                              ./Core/Src/main.o (memcmp)
C:/ST/STM32CubeIDE_1.19.0/STM32CubeIDE/plugins/com.st.stm32cube.ide.mcu.externaltools.gnu-tools-for-stm32.13.3.rel1.win32_1.0.0.202411081344/tools/bin/../lib/gcc/arm-none-eabi/13.3.1/../../../../arm-none-eabi/lib/thumb/v7-m/nofp\libc_nano.a(libc_a-memset.o)
                              C:/ST/STM32CubeIDE_1.19.0/STM32CubeIDE/plugins/com.st.stm32cube.ide.mcu.externaltools.gnu-tools-for-stm32.13.3.rel1.win32_1.0.0.202411081344/tools/bin/../lib/gcc/arm-none-eabi/13.3.1/../../../../arm-none-eabi/lib/thumb/v7-m/nofp/crt0.o (memset)
C:/ST/STM32CubeIDE_1.19.0/STM32CubeIDE/plugins/com.st.stm32cube.ide.mcu.externaltools.gnu-tools-for-stm32.13.3.rel1.win32_1.0.0.202411081344/tools/bin/../lib/gcc/arm-none-eabi/13.3.1/../../../../arm-none-eabi/lib/thumb/v7-m/nofp\libc_nano.a(libc_a-closer.o)
                              C:/ST/STM32CubeIDE_1.19.0/STM32CubeIDE/plugins/com.st.stm32cube.ide.mcu.externaltools.gnu-tools-for-stm32.13.3.rel1.win32_1.0.0.202411081344/tools/bin/../lib/gcc/arm-none-eabi/13.3.1/../../../../arm-none-eabi/lib/thumb/v7-m/nofp\libc_nano.a(libc_a-stdio.o) (_close_r)
C:/ST/STM32CubeIDE_1.19.0/STM32CubeIDE/plugins/com.st.stm32cube.ide.mcu.externaltools.gnu-tools-for-stm32.13.3.rel1.win32_1.0.0.202411081344/tools/bin/../lib/gcc/arm-none-eabi/13.3.1/../../../../arm-none-eabi/lib/thumb/v7-m/nofp\libc_nano.a(libc_a-reent.o)
                              C:/ST/STM32CubeIDE_1.19.0/STM32CubeIDE/plugins/com.st.stm32cube.ide.mcu.externaltools.gnu-tools-for-stm32.13.3.rel1.win32_1.0.0.202411081344/tools/bin/../lib/gcc/arm-none-eabi/13.3.1/../../../../arm-none-eabi/lib/thumb/v7-m/nofp\libc_nano.a(libc_a-closer.o) (errno)
C:/ST/STM32CubeIDE_1.19.0/STM32CubeIDE/plugins/com.st.stm32cube.ide.mcu.externaltools.gnu-tools-for-stm32.13.3.rel1.win32_1.0.0.202411081344/tools/bin/../lib/gcc/arm-none-eabi/13.3.1/../../../../arm-none-eabi/lib/thumb/v7-m/nofp\libc_nano.a(libc_a-impure.o)
                              C:/ST/STM32CubeIDE_1.19.0/STM32CubeIDE/plugins/com.st.stm32cube.ide.mcu.externaltools.gnu-tools-for-stm32.13.3.rel1.win32_1.0.0.202411081344/tools/bin/../lib/gcc/arm-none-eabi/13.3.1/../../../../arm-none-eabi/lib/thumb/v7-m/nofp\libc_nano.a(libc_a-reent.o) (_impure_ptr)
[...]
Memory Configuration

Name             Origin             Length             Attributes
RAM              0x20000000         0x00005000         xrw
FLASH            0x08000000         0x00010000         xr
*default*        0x00000000         0xffffffff

Linker script and memory map

LOAD C:/ST/STM32CubeIDE_1.19.0/STM32CubeIDE/plugins/com.st.stm32cube.ide.mcu.externaltools.gnu-tools-for-stm32.13.3.rel1.win32_1.0.0.202411081344/tools/bin/../lib/gcc/arm-none-eabi/13.3.1/thumb/v7-m/nofp/crti.o
LOAD C:/ST/STM32CubeIDE_1.19.0/STM32CubeIDE/plugins/com.st.stm32cube.ide.mcu.externaltools.gnu-tools-for-stm32.13.3.rel1.win32_1.0.0.202411081344/tools/bin/../lib/gcc/arm-none-eabi/13.3.1/thumb/v7-m/nofp/crtbegin.o
LOAD C:/ST/STM32CubeIDE_1.19.0/STM32CubeIDE/plugins/com.st.stm32cube.ide.mcu.externaltools.gnu-tools-for-stm32.13.3.rel1.win32_1.0.0.202411081344/tools/bin/../lib/gcc/arm-none-eabi/13.3.1/../../../../arm-none-eabi/lib/thumb/v7-m/nofp/crt0.o
LOAD ./Core/Src/adc.o
LOAD ./Core/Src/dma.o
LOAD ./Core/Src/ds18b20.o
LOAD ./Core/Src/gpio.o
LOAD ./Core/Src/main.o
LOAD ./Core/Src/ow.o
LOAD ./Core/Src/spi.o
LOAD ./Core/Src/stm32f1xx_hal_msp.o
LOAD ./Core/Src/stm32f1xx_it.o
LOAD ./Core/Src/syscalls.o
LOAD ./Core/Src/sysmem.o
LOAD ./Core/Src/system_stm32f1xx.o
LOAD ./Core/Src/temparature.o
LOAD ./Core/Src/tim.o
LOAD ./Core/Src/usart.o
LOAD ./Core/Startup/startup_stm32f103c8tx.o
LOAD ./Drivers/STM32F1xx_HAL_Driver/Src/stm32f1xx_hal.o
LOAD ./Drivers/STM32F1xx_HAL_Driver/Src/stm32f1xx_hal_adc.o
LOAD ./Drivers/STM32F1xx_HAL_Driver/Src/stm32f1xx_hal_adc_ex.o
LOAD ./Drivers/STM32F1xx_HAL_Driver/Src/stm32f1xx_hal_cortex.o
LOAD ./Drivers/STM32F1xx_HAL_Driver/Src/stm32f1xx_hal_dma.o
LOAD ./Drivers/STM32F1xx_HAL_Driver/Src/stm32f1xx_hal_exti.o
LOAD ./Drivers/STM32F1xx_HAL_Driver/Src/stm32f1xx_hal_flash.o
LOAD ./Drivers/STM32F1xx_HAL_Driver/Src/stm32f1xx_hal_flash_ex.o
LOAD ./Drivers/STM32F1xx_HAL_Driver/Src/stm32f1xx_hal_gpio.o
LOAD ./Drivers/STM32F1xx_HAL_Driver/Src/stm32f1xx_hal_gpio_ex.o
LOAD ./Drivers/STM32F1xx_HAL_Driver/Src/stm32f1xx_hal_pwr.o
LOAD ./Drivers/STM32F1xx_HAL_Driver/Src/stm32f1xx_hal_rcc.o
LOAD ./Drivers/STM32F1xx_HAL_Driver/Src/stm32f1xx_hal_rcc_ex.o
LOAD ./Drivers/STM32F1xx_HAL_Driver/Src/stm32f1xx_hal_spi.o
LOAD ./Drivers/STM32F1xx_HAL_Driver/Src/stm32f1xx_hal_tim.o
LOAD ./Drivers/STM32F1xx_HAL_Driver/Src/stm32f1xx_hal_tim_ex.o
LOAD ./Drivers/STM32F1xx_HAL_Driver/Src/stm32f1xx_hal_uart.o
START GROUP
LOAD C:/ST/STM32CubeIDE_1.19.0/STM32CubeIDE/plugins/com.st.stm32cube.ide.mcu.externaltools.gnu-tools-for-stm32.13.3.rel1.win32_1.0.0.202411081344/tools/bin/../lib/gcc/arm-none-eabi/13.3.1/../../../../arm-none-eabi/lib/thumb/v7-m/nofp\libc_nano.a
LOAD C:/ST/STM32CubeIDE_1.19.0/STM32CubeIDE/plugins/com.st.stm32cube.ide.mcu.externaltools.gnu-tools-for-stm32.13.3.rel1.win32_1.0.0.202411081344/tools/bin/../lib/gcc/arm-none-eabi/13.3.1/../../../../arm-none-eabi/lib/thumb/v7-m/nofp\libm.a
END GROUP
START GROUP
LOAD C:/ST/STM32CubeIDE_1.19.0/STM32CubeIDE/plugins/com.st.stm32cube.ide.mcu.externaltools.gnu-tools-for-stm32.13.3.rel1.win32_1.0.0.202411081344/tools/bin/../lib/gcc/arm-none-eabi/13.3.1/thumb/v7-m/nofp\libgcc.a
LOAD C:/ST/STM32CubeIDE_1.19.0/STM32CubeIDE/plugins/com.st.stm32cube.ide.mcu.externaltools.gnu-tools-for-stm32.13.3.rel1.win32_1.0.0.202411081344/tools/bin/../lib/gcc/arm-none-eabi/13.3.1/../../../../arm-none-eabi/lib/thumb/v7-m/nofp\libc_nano.a
END GROUP
START GROUP
LOAD C:/ST/STM32CubeIDE_1.19.0/STM32CubeIDE/plugins/com.st.stm32cube.ide.mcu.externaltools.gnu-tools-for-stm32.13.3.rel1.win32_1.0.0.202411081344/tools/bin/../lib/gcc/arm-none-eabi/13.3.1/thumb/v7-m/nofp\libgcc.a
LOAD C:/ST/STM32CubeIDE_1.19.0/STM32CubeIDE/plugins/com.st.stm32cube.ide.mcu.externaltools.gnu-tools-for-stm32.13.3.rel1.win32_1.0.0.202411081344/tools/bin/../lib/gcc/arm-none-eabi/13.3.1/../../../../arm-none-eabi/lib/thumb/v7-m/nofp\libc_nano.a
LOAD C:/ST/STM32CubeIDE_1.19.0/STM32CubeIDE/plugins/com.st.stm32cube.ide.mcu.externaltools.gnu-tools-for-stm32.13.3.rel1.win32_1.0.0.202411081344/tools/bin/../lib/gcc/arm-none-eabi/13.3.1/../../../../arm-none-eabi/lib/thumb/v7-m/nofp\libnosys.a
END GROUP
START GROUP
LOAD C:/ST/STM32CubeIDE_1.19.0/STM32CubeIDE/plugins/com.st.stm32cube.ide.mcu.externaltools.gnu-tools-for-stm32.13.3.rel1.win32_1.0.0.202411081344/tools/bin/../lib/gcc/arm-none-eabi/13.3.1/thumb/v7-m/nofp\libgcc.a
LOAD C:/ST/STM32CubeIDE_1.19.0/STM32CubeIDE/plugins/com.st.stm32cube.ide.mcu.externaltools.gnu-tools-for-stm32.13.3.rel1.win32_1.0.0.202411081344/tools/bin/../lib/gcc/arm-none-eabi/13.3.1/../../../../arm-none-eabi/lib/thumb/v7-m/nofp\libc_nano.a
LOAD C:/ST/STM32CubeIDE_1.19.0/STM32CubeIDE/plugins/com.st.stm32cube.ide.mcu.externaltools.gnu-tools-for-stm32.13.3.rel1.win32_1.0.0.202411081344/tools/bin/../lib/gcc/arm-none-eabi/13.3.1/../../../../arm-none-eabi/lib/thumb/v7-m/nofp\libnosys.a
END GROUP
LOAD C:/ST/STM32CubeIDE_1.19.0/STM32CubeIDE/plugins/com.st.stm32cube.ide.mcu.externaltools.gnu-tools-for-stm32.13.3.rel1.win32_1.0.0.202411081344/tools/bin/../lib/gcc/arm-none-eabi/13.3.1/thumb/v7-m/nofp/crtend.o
LOAD C:/ST/STM32CubeIDE_1.19.0/STM32CubeIDE/plugins/com.st.stm32cube.ide.mcu.externaltools.gnu-tools-for-stm32.13.3.rel1.win32_1.0.0.202411081344/tools/bin/../lib/gcc/arm-none-eabi/13.3.1/thumb/v7-m/nofp/crtn.o
                0x20005000                        _estack = (ORIGIN (RAM) + LENGTH (RAM))
                0x00000200                        _Min_Heap_Size = 0x200
                0x00000400                        _Min_Stack_Size = 0x400

.isr_vector     0x08000000      0x10c
                0x08000000                        . = ALIGN (0x4)
 *(.isr_vector)
 .isr_vector    0x08000000      0x10c ./Core/Startup/startup_stm32f103c8tx.o
                0x08000000                g_pfnVectors
                0x0800010c                        . = ALIGN (0x4)

.text           0x08000110     0xc3c4
                0x08000110                        . = ALIGN (0x4)
 *(.text)
 .text          0x08000110       0x40 C:/ST/STM32CubeIDE_1.19.0/STM32CubeIDE/plugins/com.st.stm32cube.ide.mcu.externaltools.gnu-tools-for-stm32.13.3.rel1.win32_1.0.0.202411081344/tools/bin/../lib/gcc/arm-none-eabi/13.3.1/thumb/v7-m/nofp/crtbegin.o
 .text          0x08000150      0x254 C:/ST/STM32CubeIDE_1.19.0/STM32CubeIDE/plugins/com.st.stm32cube.ide.mcu.externaltools.gnu-tools-for-stm32.13.3.rel1.win32_1.0.0.202411081344/tools/bin/../lib/gcc/arm-none-eabi/13.3.1/thumb/v7-m/nofp\libgcc.a(_arm_muldf3.o)
                0x08000150                __muldf3
                0x08000150                __aeabi_dmul
 .text          0x080003a4      0x378 C:/ST/STM32CubeIDE_1.19.0/STM32CubeIDE/plugins/com.st.stm32cube.ide.mcu.externaltools.gnu-tools-for-stm32.13.3.rel1.win32_1.0.0.202411081344/tools/bin/../lib/gcc/arm-none-eabi/13.3.1/thumb/v7-m/nofp\libgcc.a(_arm_addsubdf3.o)
                0x080003a4                __aeabi_drsub
                0x080003ac                __aeabi_dsub
                0x080003ac                __subdf3
                0x080003b0                __aeabi_dadd
                0x080003b0                __adddf3
                0x08000628                __floatunsidf
                0x08000628                __aeabi_ui2d
                0x08000648                __floatsidf
                0x08000648                __aeabi_i2d
                0x0800066c                __aeabi_f2d
                0x0800066c                __extendsfdf2
                0x080006b0                __floatundidf
                0x080006b0                __aeabi_ul2d
                0x080006c0                __floatdidf
                0x080006c0                __aeabi_l2d
 .text          0x0800071c       0xa0 C:/ST/STM32CubeIDE_1.19.0/STM32CubeIDE/plugins/com.st.stm32cube.ide.mcu.externaltools.gnu-tools-for-stm32.13.3.rel1.win32_1.0.0.202411081344/tools/bin/../lib/gcc/arm-none-eabi/13.3.1/thumb/v7-m/nofp\libgcc.a(_arm_truncdfsf2.o)
                0x0800071c                __truncdfsf2
                0x0800071c                __aeabi_d2f
 .text          0x080007bc      0x21c C:/ST/STM32CubeIDE_1.19.0/STM32CubeIDE/plugins/com.st.stm32cube.ide.mcu.externaltools.gnu-tools-for-stm32.13.3.rel1.win32_1.0.0.202411081344/tools/bin/../lib/gcc/arm-none-eabi/13.3.1/thumb/v7-m/nofp\libgcc.a(_arm_addsubsf3.o)
                0x080007bc                __aeabi_frsub
                0x080007c4                __subsf3
                0x080007c4                __aeabi_fsub
                0x080007c8                __aeabi_fadd
                0x080007c8                __addsf3
                0x08000928                __aeabi_ui2f
                0x08000928                __floatunsisf
                0x08000930                __aeabi_i2f
                0x08000930                __floatsisf
                0x0800094c                __aeabi_ul2f
                0x0800094c                __floatundisf
                0x0800095c                __aeabi_l2f
                0x0800095c                __floatdisf
 .text          0x080009d8      0x2a0 C:/ST/STM32CubeIDE_1.19.0/STM32CubeIDE/plugins/com.st.stm32cube.ide.mcu.externaltools.gnu-tools-for-stm32.13.3.rel1.win32_1.0.0.202411081344/tools/bin/../lib/gcc/arm-none-eabi/13.3.1/thumb/v7-m/nofp\libgcc.a(_arm_muldivsf3.o)
                0x080009d8                __mulsf3
                0x080009d8                __aeabi_fmul
                0x08000b40                __aeabi_fdiv
                0x08000b40                __divsf3
 .text          0x08000c78       0xec C:/ST/STM32CubeIDE_1.19.0/STM32CubeIDE/plugins/com.st.stm32cube.ide.mcu.externaltools.gnu-tools-for-stm32.13.3.rel1.win32_1.0.0.202411081344/tools/bin/../lib/gcc/arm-none-eabi/13.3.1/thumb/v7-m/nofp\libgcc.a(_arm_cmpsf2.o)
                0x08000c78                __gesf2
                0x08000c78                __gtsf2
                0x08000c80                __lesf2
                0x08000c80                __ltsf2
                0x08000c88                __nesf2
                0x08000c88                __eqsf2
                0x08000c88                __cmpsf2
                0x08000ce8                __aeabi_cfrcmple
                0x08000cf0                __aeabi_cfcmpeq
                0x08000cf0                __aeabi_cfcmple
                0x08000d00                __aeabi_fcmpeq
                0x08000d14                __aeabi_fcmplt
                0x08000d28                __aeabi_fcmple
                0x08000d3c                __aeabi_fcmpge
                0x08000d50                __aeabi_fcmpgt
 .text          0x08000d64       0x40 C:/ST/STM32CubeIDE_1.19.0/STM32CubeIDE/plugins/com.st.stm32cube.ide.mcu.externaltools.gnu-tools-for-stm32.13.3.rel1.win32_1.0.0.202411081344/tools/bin/../lib/gcc/arm-none-eabi/13.3.1/thumb/v7-m/nofp\libgcc.a(_arm_fixunssfsi.o)
                0x08000d64                __fixunssfsi
                0x08000d64                __aeabi_f2uiz
 *(.text*)
 .text.MX_ADC1_Init
                0x08000da4       0x7c ./Core/Src/adc.o
                0x08000da4                MX_ADC1_Init
 .text.HAL_ADC_MspInit
                0x08000e20       0x78 ./Core/Src/adc.o
                0x08000e20                HAL_ADC_MspInit
 .text.Read_ADC
                0x08000e98       0x24 ./Core/Src/adc.o
                0x08000e98                Read_ADC
 .text.MX_DMA_Init
                0x08000ebc       0x4c ./Core/Src/dma.o
                0x08000ebc                MX_DMA_Init
 .text.ds18b20_init
                0x08000f08       0x26 ./Core/Src/ds18b20.o
                0x08000f08                ds18b20_init
 .text.ds18b20_is_busy
                0x08000f2e       0x1a ./Core/Src/ds18b20.o
                0x08000f2e                ds18b20_is_busy
 .text.ds18b20_update_rom_id
                0x08000f48       0x1a ./Core/Src/ds18b20.o
                0x08000f48                ds18b20_update_rom_id
 .text.ds18b20_cnv
                0x08000f62       0x2c ./Core/Src/ds18b20.o
                0x08000f62                ds18b20_cnv
 .text.ds18b20_conf
                0x08000f8e       0xd8 ./Core/Src/ds18b20.o
                0x08000f8e                ds18b20_conf
 .text.ds18b20_is_cnv_done
                0x08001066       0x2c ./Core/Src/ds18b20.o
                0x08001066                ds18b20_is_cnv_done
 .text.ds18b20_req_read
                0x08001092       0x2a ./Core/Src/ds18b20.o
                0x08001092                ds18b20_req_read
 .text.ds18b20_read_c
                0x080010bc      0x144 ./Core/Src/ds18b20.o
                0x080010bc                ds18b20_read_c
 .text.MX_GPIO_Init
                0x08001200      0x170 ./Core/Src/gpio.o
                0x08001200                MX_GPIO_Init
 .text.crc_accumulate
                0x08001370       0x68 ./Core/Src/main.o
 .text.crc_init
                0x080013d8       0x1a ./Core/Src/main.o
 .text.crc_calculate
                0x080013f2       0x40 ./Core/Src/main.o
 .text.crc_accumulate_buffer
                0x08001432       0x38 ./Core/Src/main.o
 *fill*         0x0800146a        0x2 
 .text.mavlink_sha256_init
                0x0800146c       0x70 ./Core/Src/main.o
 .text.mavlink_sha256_calc
                0x080014dc      0x3c0 ./Core/Src/main.o
 .text.mavlink_sha256_update
                0x0800189c      0x104 ./Core/Src/main.o
 .text.mavlink_sha256_final_48
                0x080019a0      0x12e ./Core/Src/main.o
 *fill*         0x08001ace        0x2 
 .text.mavlink_get_channel_status
                0x08001ad0       0x28 ./Core/Src/main.o
 .text.mavlink_get_channel_buffer
                0x08001af8       0x28 ./Core/Src/main.o
 .text.mavlink_sign_packet
                0x08001b20       0xcc ./Core/Src/main.o
 .text._mav_trim_payload
                0x08001bec       0x34 ./Core/Src/main.o
 .text.mavlink_signature_check
                0x08001c20      0x2a0 ./Core/Src/main.o
 .text.mavlink_finalize_message_buffer
                0x08001ec0      0x26e ./Core/Src/main.o
 .text.mavlink_finalize_message_chan
                0x0800212e       0x48 ./Core/Src/main.o
 .text.mavlink_finalize_message
                0x08002176       0x3c ./Core/Src/main.o
 .text._mav_parse_error
                0x080021b2       0x1e ./Core/Src/main.o
 .text.mavlink_msg_to_send_buffer
                0x080021d0      0x1be ./Core/Src/main.o
 .text.mavlink_start_checksum
                0x0800238e       0x24 ./Core/Src/main.o
 .text.mavlink_update_checksum
                0x080023b2       0x30 ./Core/Src/main.o
 *fill*         0x080023e2        0x2 
 .text.mavlink_get_msg_entry
                0x080023e4       0x9c ./Core/Src/main.o
 .text.mavlink_frame_char_buffer
                0x08002480      0x5d0 ./Core/Src/main.o
 .text.mavlink_frame_char
                0x08002a50       0x3e ./Core/Src/main.o
 .text.mavlink_parse_char
                0x08002a8e       0x7a ./Core/Src/main.o
 .text.mavlink_msg_heartbeat_decode
                0x08002b08       0x36 ./Core/Src/main.o
 .text.mavlink_msg_command_long_pack
                0x08002b3e       0x8c ./Core/Src/main.o
 .text.mavlink_msg_command_long_decode
                0x08002bca       0x36 ./Core/Src/main.o
 .text.mavlink_msg_debug_request_decode
                0x08002c00       0x3a ./Core/Src/main.o
 .text.mavlink_msg_debug_transmit_pack
                0x08002c3a       0x94 ./Core/Src/main.o
 .text.mavlink_msg_debug_set_pack
                0x08002cce       0x62 ./Core/Src/main.o
 .text.mavlink_msg_debug_set_decode
                0x08002d30       0x36 ./Core/Src/main.o
 .text.mavlink_msg_debug_do_pack
                0x08002d66       0x56 ./Core/Src/main.o
 .text.mavlink_msg_debug_do_decode
                0x08002dbc       0x36 ./Core/Src/main.o
 .text.mavlink_msg_skynet_pack
                0x08002df2       0x66 ./Core/Src/main.o
 .text.mavlink_msg_skynet_decode
                0x08002e58       0x36 ./Core/Src/main.o
 *fill*         0x08002e8e        0x2 
 .text.main     0x08002e90      0x11c ./Core/Src/main.o
                0x08002e90                main
 .text.SystemClock_Config
                0x08002fac       0xae ./Core/Src/main.o
                0x08002fac                SystemClock_Config
 *fill*         0x0800305a        0x2 
 .text.voltage_measure
                0x0800305c       0x78 ./Core/Src/main.o
                0x0800305c                voltage_measure
 .text.ADJUST_VOLTAGE
                0x080030d4       0xc4 ./Core/Src/main.o
 .text.START_UP
                0x08003198       0xac ./Core/Src/main.o
 .text.INPUT_PROTOCOL_INIT
                0x08003244       0xa8 ./Core/Src/main.o
 .text.PWM_INIT
                0x080032ec       0x1c ./Core/Src/main.o
 .text.UART_INIT
                0x08003308       0x50 ./Core/Src/main.o
 .text.handle_state
                0x08003358      0x904 ./Core/Src/main.o
 .text.handle_mavlink_message
                0x08003c5c      0x580 ./Core/Src/main.o
 .text.handle_debug_set
                0x080041dc       0xd8 ./Core/Src/main.o
 .text.handle_debug_do
                0x080042b4      0x168 ./Core/Src/main.o
 .text.sendMinesStatus
                0x0800441c       0xbc ./Core/Src/main.o
 .text.sendSkynetMessage
                0x080044d8       0xb8 ./Core/Src/main.o
 .text.sendDataStream
                0x08004590      0x10c ./Core/Src/main.o
 .text.stoper_do
                0x0800469c       0x68 ./Core/Src/main.o
 .text.pusher_do
                0x08004704       0x38 ./Core/Src/main.o
 .text.HAL_UART_RxCpltCallback
                0x0800473c       0xac ./Core/Src/main.o
                0x0800473c                HAL_UART_RxCpltCallback
 .text.HAL_UART_ErrorCallback
                0x080047e8       0x58 ./Core/Src/main.o
                0x080047e8                HAL_UART_ErrorCallback
 .text.HAL_UART_TxCpltCallback
                0x08004840       0x44 ./Core/Src/main.o
                0x08004840                HAL_UART_TxCpltCallback
 .text.HAL_TIM_IC_CaptureCallback
                0x08004884      0x110 ./Core/Src/main.o
                0x08004884                HAL_TIM_IC_CaptureCallback
 .text.handle_pwm_signal
                0x08004994      0x1d0 ./Core/Src/main.o
 .text.HAL_TIM_PeriodElapsedCallback
                0x08004b64       0x12 ./Core/Src/main.o
                0x08004b64                HAL_TIM_PeriodElapsedCallback
 *fill*         0x08004b76        0x2 
 .text.Flash_SaveAll
                0x08004b78       0x74 ./Core/Src/main.o
                0x08004b78                Flash_SaveAll
 .text.my_MX_TIM4_Init
                0x08004bec      0x14c ./Core/Src/main.o
 .text.termosensor_init
                0x08004d38       0x88 ./Core/Src/main.o
                0x08004d38                termosensor_init
 .text.termosensor_measure
                0x08004dc0       0xac ./Core/Src/main.o
                0x08004dc0                termosensor_measure
 .text.ds18_tim_cb
                0x08004e6c       0x1c ./Core/Src/main.o
                0x08004e6c                ds18_tim_cb
 .text.heater_handle
                0x08004e88      0x13c ./Core/Src/main.o
                0x08004e88                heater_handle
 .text.ds18b20_process
                0x08004fc4       0xc0 ./Core/Src/main.o
                0x08004fc4                ds18b20_process
 .text.readSwitches
                0x08005084      0x19c ./Core/Src/main.o
                0x08005084                readSwitches
 .text.HAL_SYSTICK_Callback
                0x08005220      0x164 ./Core/Src/main.o
                0x08005220                HAL_SYSTICK_Callback
 .text.Error_Handler
                0x08005384        0xc ./Core/Src/main.o
                0x08005384                Error_Handler
 .text.ow_init  0x08005390       0x82 ./Core/Src/ow.o
                0x08005390                ow_init
 *fill*         0x08005412        0x2 
 .text.ow_callback
                0x08005414      0xba8 ./Core/Src/ow.o
                0x08005414                ow_callback
 .text.ow_crc   0x08005fbc       0x6e ./Core/Src/ow.o
                0x08005fbc                ow_crc
 .text.ow_is_busy
                0x0800602a       0x22 ./Core/Src/ow.o
                0x0800602a                ow_is_busy
 .text.ow_update_rom_id
                0x0800604c       0x6a ./Core/Src/ow.o
                0x0800604c                ow_update_rom_id
 .text.ow_xfer  0x080060b6       0xd4 ./Core/Src/ow.o
                0x080060b6                ow_xfer
 .text.ow_xfer_by_id
                0x0800618a      0x128 ./Core/Src/ow.o
                0x0800618a                ow_xfer_by_id
 .text.ow_read_resp
                0x080062b2       0x7e ./Core/Src/ow.o
                0x080062b2                ow_read_resp
 .text.ow_start
                0x08006330       0xa8 ./Core/Src/ow.o
                0x08006330                ow_start
 .text.ow_stop  0x080063d8       0x58 ./Core/Src/ow.o
                0x080063d8                ow_stop
 .text.MX_SPI1_Init
                0x08006430       0x64 ./Core/Src/spi.o
                0x08006430                MX_SPI1_Init
 .text.HAL_SPI_MspInit
                0x08006494       0xb4 ./Core/Src/spi.o
                0x08006494                HAL_SPI_MspInit
 .text.HAL_MspInit
                0x08006548       0x64 ./Core/Src/stm32f1xx_hal_msp.o
                0x08006548                HAL_MspInit
 .text.NMI_Handler
                0x080065ac        0x8 ./Core/Src/stm32f1xx_it.o
                0x080065ac                NMI_Handler
 .text.HardFault_Handler
                0x080065b4        0x8 ./Core/Src/stm32f1xx_it.o
                0x080065b4                HardFault_Handler
 .text.MemManage_Handler
                0x080065bc        0x8 ./Core/Src/stm32f1xx_it.o
                0x080065bc                MemManage_Handler
 .text.BusFault_Handler
                0x080065c4        0x8 ./Core/Src/stm32f1xx_it.o
                0x080065c4                BusFault_Handler
 .text.UsageFault_Handler
                0x080065cc        0x8 ./Core/Src/stm32f1xx_it.o
                0x080065cc                UsageFault_Handler
 .text.SVC_Handler
                0x080065d4        0xc ./Core/Src/stm32f1xx_it.o
                0x080065d4                SVC_Handler
 .text.DebugMon_Handler
                0x080065e0        0xc ./Core/Src/stm32f1xx_it.o
                0x080065e0                DebugMon_Handler
 .text.PendSV_Handler
                0x080065ec        0xc ./Core/Src/stm32f1xx_it.o
                0x080065ec                PendSV_Handler
 .text.SysTick_Handler
                0x080065f8       0x10 ./Core/Src/stm32f1xx_it.o
                0x080065f8                SysTick_Handler
 .text.DMA1_Channel4_IRQHandler
                0x08006608       0x14 ./Core/Src/stm32f1xx_it.o
                0x08006608                DMA1_Channel4_IRQHandler
 .text.DMA1_Channel7_IRQHandler
                0x0800661c       0x14 ./Core/Src/stm32f1xx_it.o
                0x0800661c                DMA1_Channel7_IRQHandler
 .text.TIM2_IRQHandler
                0x08006630       0x14 ./Core/Src/stm32f1xx_it.o
                0x08006630                TIM2_IRQHandler
 .text.TIM4_IRQHandler
                0x08006644       0x14 ./Core/Src/stm32f1xx_it.o
                0x08006644                TIM4_IRQHandler
 .text.USART1_IRQHandler
                0x08006658       0x14 ./Core/Src/stm32f1xx_it.o
                0x08006658                USART1_IRQHandler
 .text.USART2_IRQHandler
                0x0800666c       0x14 ./Core/Src/stm32f1xx_it.o
                0x0800666c                USART2_IRQHandler
 .text.SystemInit
                0x08006680        0xc ./Core/Src/system_stm32f1xx.o
                0x08006680                SystemInit
 .text.MX_TIM1_Init
                0x0800668c      0x184 ./Core/Src/tim.o
                0x0800668c                MX_TIM1_Init
 .text.MX_TIM2_Init
                0x08006810       0x98 ./Core/Src/tim.o
                0x08006810                MX_TIM2_Init
 .text.HAL_TIM_Base_MspInit
                0x080068a8       0xa8 ./Core/Src/tim.o
                0x080068a8                HAL_TIM_Base_MspInit
 .text.HAL_TIM_MspPostInit
                0x08006950       0x80 ./Core/Src/tim.o
                0x08006950                HAL_TIM_MspPostInit
 .text.HAL_TIM_Base_MspDeInit
                0x080069d0       0x70 ./Core/Src/tim.o
                0x080069d0                HAL_TIM_Base_MspDeInit
 .text.TIM1_Reinit_Channel2
                0x08006a40       0xd4 ./Core/Src/tim.o
                0x08006a40                TIM1_Reinit_Channel2
 .text.MX_USART1_UART_Init
                0x08006b14       0x54 ./Core/Src/usart.o
                0x08006b14                MX_USART1_UART_Init
 .text.MX_USART2_UART_Init
                0x08006b68       0x54 ./Core/Src/usart.o
                0x08006b68                MX_USART2_UART_Init
 .text.HAL_UART_MspInit
                0x08006bbc      0x1f0 ./Core/Src/usart.o
                0x08006bbc                HAL_UART_MspInit
 .text.HAL_UART_MspDeInit
                0x08006dac       0x84 ./Core/Src/usart.o
                0x08006dac                HAL_UART_MspDeInit
 .text.Reset_Handler
                0x08006e30       0x48 ./Core/Startup/startup_stm32f103c8tx.o
                0x08006e30                Reset_Handler
 .text.Default_Handler
                0x08006e78        0x2 ./Core/Startup/startup_stm32f103c8tx.o
                0x08006e78                RTC_Alarm_IRQHandler
                0x08006e78                EXTI2_IRQHandler
                0x08006e78                TIM1_CC_IRQHandler
                0x08006e78                PVD_IRQHandler
                0x08006e78                EXTI3_IRQHandler
                0x08006e78                EXTI0_IRQHandler
                0x08006e78                I2C2_EV_IRQHandler
                0x08006e78                ADC1_2_IRQHandler
                0x08006e78                SPI1_IRQHandler
                0x08006e78                TAMPER_IRQHandler
                0x08006e78                USART3_IRQHandler
                0x08006e78                RTC_IRQHandler
                0x08006e78                CAN1_RX1_IRQHandler
                0x08006e78                I2C1_EV_IRQHandler
                0x08006e78                DMA1_Channel6_IRQHandler
                0x08006e78                TIM3_IRQHandler
                0x08006e78                RCC_IRQHandler
                0x08006e78                TIM1_TRG_COM_IRQHandler
                0x08006e78                DMA1_Channel1_IRQHandler
                0x08006e78                Default_Handler
                0x08006e78                EXTI15_10_IRQHandler
                0x08006e78                EXTI9_5_IRQHandler
                0x08006e78                SPI2_IRQHandler
                0x08006e78                DMA1_Channel5_IRQHandler
                0x08006e78                EXTI4_IRQHandler
                0x08006e78                USB_LP_CAN1_RX0_IRQHandler
                0x08006e78                USB_HP_CAN1_TX_IRQHandler
                0x08006e78                DMA1_Channel3_IRQHandler
                0x08006e78                TIM1_UP_IRQHandler
                0x08006e78                WWDG_IRQHandler
                0x08006e78                TIM1_BRK_IRQHandler
                0x08006e78                EXTI1_IRQHandler
                0x08006e78                I2C2_ER_IRQHandler
                0x08006e78                DMA1_Channel2_IRQHandler
                0x08006e78                CAN1_SCE_IRQHandler
                0x08006e78                FLASH_IRQHandler
                0x08006e78                I2C1_ER_IRQHandler
                0x08006e78                USBWakeUp_IRQHandler
 *fill*         0x08006e7a        0x2 
 .text.HAL_Init
                0x08006e7c       0x2c ./Drivers/STM32F1xx_HAL_Driver/Src/stm32f1xx_hal.o
                0x08006e7c                HAL_Init
 .text.HAL_InitTick
                0x08006ea8       0x60 ./Drivers/STM32F1xx_HAL_Driver/Src/stm32f1xx_hal.o
                0x08006ea8                HAL_InitTick
 .text.HAL_IncTick
                0x08006f08       0x24 ./Drivers/STM32F1xx_HAL_Driver/Src/stm32f1xx_hal.o
                0x08006f08                HAL_IncTick
 .text.HAL_GetTick
                0x08006f2c       0x14 ./Drivers/STM32F1xx_HAL_Driver/Src/stm32f1xx_hal.o
                0x08006f2c                HAL_GetTick
 .text.HAL_Delay
                0x08006f40       0x48 ./Drivers/STM32F1xx_HAL_Driver/Src/stm32f1xx_hal.o
                0x08006f40                HAL_Delay
 .text.HAL_ADC_Init
                0x08006f88      0x1b0 ./Drivers/STM32F1xx_HAL_Driver/Src/stm32f1xx_hal_adc.o
                0x08006f88                HAL_ADC_Init
 .text.HAL_ADC_Start
                0x08007138      0x15c ./Drivers/STM32F1xx_HAL_Driver/Src/stm32f1xx_hal_adc.o
                0x08007138                HAL_ADC_Start
 .text.HAL_ADC_PollForConversion
                0x08007294      0x20c ./Drivers/STM32F1xx_HAL_Driver/Src/stm32f1xx_hal_adc.o
                0x08007294                HAL_ADC_PollForConversion
 .text.HAL_ADC_GetValue
                0x080074a0       0x18 ./Drivers/STM32F1xx_HAL_Driver/Src/stm32f1xx_hal_adc.o
                0x080074a0                HAL_ADC_GetValue
 .text.HAL_ADC_ConfigChannel
                0x080074b8      0x1f0 ./Drivers/STM32F1xx_HAL_Driver/Src/stm32f1xx_hal_adc.o
                0x080074b8                HAL_ADC_ConfigChannel
 .text.ADC_Enable
                0x080076a8       0xb4 ./Drivers/STM32F1xx_HAL_Driver/Src/stm32f1xx_hal_adc.o
                0x080076a8                ADC_Enable
 .text.ADC_ConversionStop_Disable
                0x0800775c       0x82 ./Drivers/STM32F1xx_HAL_Driver/Src/stm32f1xx_hal_adc.o
                0x0800775c                ADC_ConversionStop_Disable
 *fill*         0x080077de        0x2 
 .text.__NVIC_SetPriorityGrouping
                0x080077e0       0x48 ./Drivers/STM32F1xx_HAL_Driver/Src/stm32f1xx_hal_cortex.o
 .text.__NVIC_GetPriorityGrouping
                0x08007828       0x1c ./Drivers/STM32F1xx_HAL_Driver/Src/stm32f1xx_hal_cortex.o
 .text.__NVIC_EnableIRQ
                0x08007844       0x38 ./Drivers/STM32F1xx_HAL_Driver/Src/stm32f1xx_hal_cortex.o
 .text.__NVIC_DisableIRQ
                0x0800787c       0x48 ./Drivers/STM32F1xx_HAL_Driver/Src/stm32f1xx_hal_cortex.o
 .text.__NVIC_SetPriority
                0x080078c4       0x54 ./Drivers/STM32F1xx_HAL_Driver/Src/stm32f1xx_hal_cortex.o
 .text.NVIC_EncodePriority
                0x08007918       0x64 ./Drivers/STM32F1xx_HAL_Driver/Src/stm32f1xx_hal_cortex.o
 .text.SysTick_Config
                0x0800797c       0x44 ./Drivers/STM32F1xx_HAL_Driver/Src/stm32f1xx_hal_cortex.o
 .text.HAL_NVIC_SetPriorityGrouping
                0x080079c0       0x16 ./Drivers/STM32F1xx_HAL_Driver/Src/stm32f1xx_hal_cortex.o
                0x080079c0                HAL_NVIC_SetPriorityGrouping
 .text.HAL_NVIC_SetPriority
                0x080079d6       0x38 ./Drivers/STM32F1xx_HAL_Driver/Src/stm32f1xx_hal_cortex.o
                0x080079d6                HAL_NVIC_SetPriority
 .text.HAL_NVIC_EnableIRQ
                0x08007a0e       0x1c ./Drivers/STM32F1xx_HAL_Driver/Src/stm32f1xx_hal_cortex.o
                0x08007a0e                HAL_NVIC_EnableIRQ
 .text.HAL_NVIC_DisableIRQ
                0x08007a2a       0x1c ./Drivers/STM32F1xx_HAL_Driver/Src/stm32f1xx_hal_cortex.o
                0x08007a2a                HAL_NVIC_DisableIRQ
 .text.HAL_SYSTICK_Config
                0x08007a46       0x18 ./Drivers/STM32F1xx_HAL_Driver/Src/stm32f1xx_hal_cortex.o
                0x08007a46                HAL_SYSTICK_Config
 .text.HAL_SYSTICK_IRQHandler
                0x08007a5e        0xc ./Drivers/STM32F1xx_HAL_Driver/Src/stm32f1xx_hal_cortex.o
                0x08007a5e                HAL_SYSTICK_IRQHandler
 *fill*         0x08007a6a        0x2 
 .text.HAL_DMA_Init
                0x08007a6c       0xb4 ./Drivers/STM32F1xx_HAL_Driver/Src/stm32f1xx_hal_dma.o
                0x08007a6c                HAL_DMA_Init
 .text.HAL_DMA_DeInit
                0x08007b20       0xb8 ./Drivers/STM32F1xx_HAL_Driver/Src/stm32f1xx_hal_dma.o
                0x08007b20                HAL_DMA_DeInit
 .text.HAL_DMA_Start_IT
                0x08007bd8       0xc0 ./Drivers/STM32F1xx_HAL_Driver/Src/stm32f1xx_hal_dma.o
                0x08007bd8                HAL_DMA_Start_IT
 .text.HAL_DMA_Abort
                0x08007c98       0x76 ./Drivers/STM32F1xx_HAL_Driver/Src/stm32f1xx_hal_dma.o
                0x08007c98                HAL_DMA_Abort
 *fill*         0x08007d0e        0x2 
 .text.HAL_DMA_Abort_IT
                0x08007d10       0xf0 ./Drivers/STM32F1xx_HAL_Driver/Src/stm32f1xx_hal_dma.o
                0x08007d10                HAL_DMA_Abort_IT
 .text.HAL_DMA_IRQHandler
                0x08007e00      0x20c ./Drivers/STM32F1xx_HAL_Driver/Src/stm32f1xx_hal_dma.o
                0x08007e00                HAL_DMA_IRQHandler
 .text.DMA_SetConfig
                0x0800800c       0x5a ./Drivers/STM32F1xx_HAL_Driver/Src/stm32f1xx_hal_dma.o
 *fill*         0x08008066        0x2 
 .text.HAL_FLASH_Program
                0x08008068       0xe0 ./Drivers/STM32F1xx_HAL_Driver/Src/stm32f1xx_hal_flash.o
                0x08008068                HAL_FLASH_Program
 .text.HAL_FLASH_Unlock
                0x08008148       0x4c ./Drivers/STM32F1xx_HAL_Driver/Src/stm32f1xx_hal_flash.o
                0x08008148                HAL_FLASH_Unlock
 .text.HAL_FLASH_Lock
                0x08008194       0x20 ./Drivers/STM32F1xx_HAL_Driver/Src/stm32f1xx_hal_flash.o
                0x08008194                HAL_FLASH_Lock
 .text.FLASH_Program_HalfWord
                0x080081b4       0x38 ./Drivers/STM32F1xx_HAL_Driver/Src/stm32f1xx_hal_flash.o
 .text.FLASH_WaitForLastOperation
                0x080081ec       0x8c ./Drivers/STM32F1xx_HAL_Driver/Src/stm32f1xx_hal_flash.o
                0x080081ec                FLASH_WaitForLastOperation
 .text.FLASH_SetErrorCode
                0x08008278       0xa0 ./Drivers/STM32F1xx_HAL_Driver/Src/stm32f1xx_hal_flash.o
 .text.HAL_FLASHEx_Erase
                0x08008318       0xd8 ./Drivers/STM32F1xx_HAL_Driver/Src/stm32f1xx_hal_flash_ex.o
                0x08008318                HAL_FLASHEx_Erase
 .text.FLASH_MassErase
                0x080083f0       0x38 ./Drivers/STM32F1xx_HAL_Driver/Src/stm32f1xx_hal_flash_ex.o
 .text.FLASH_PageErase
                0x08008428       0x40 ./Drivers/STM32F1xx_HAL_Driver/Src/stm32f1xx_hal_flash_ex.o
                0x08008428                FLASH_PageErase
 .text.HAL_GPIO_Init
                0x08008468      0x308 ./Drivers/STM32F1xx_HAL_Driver/Src/stm32f1xx_hal_gpio.o
                0x08008468                HAL_GPIO_Init
 .text.HAL_GPIO_DeInit
                0x08008770      0x178 ./Drivers/STM32F1xx_HAL_Driver/Src/stm32f1xx_hal_gpio.o
                0x08008770                HAL_GPIO_DeInit
 .text.HAL_GPIO_ReadPin
                0x080088e8       0x2e ./Drivers/STM32F1xx_HAL_Driver/Src/stm32f1xx_hal_gpio.o
                0x080088e8                HAL_GPIO_ReadPin
 .text.HAL_GPIO_WritePin
                0x08008916       0x30 ./Drivers/STM32F1xx_HAL_Driver/Src/stm32f1xx_hal_gpio.o
                0x08008916                HAL_GPIO_WritePin
 .text.HAL_GPIO_TogglePin
                0x08008946       0x32 ./Drivers/STM32F1xx_HAL_Driver/Src/stm32f1xx_hal_gpio.o
                0x08008946                HAL_GPIO_TogglePin
 .text.HAL_RCC_OscConfig
                0x08008978      0x504 ./Drivers/STM32F1xx_HAL_Driver/Src/stm32f1xx_hal_rcc.o
                0x08008978                HAL_RCC_OscConfig
 .text.HAL_RCC_ClockConfig
                0x08008e7c      0x1d4 ./Drivers/STM32F1xx_HAL_Driver/Src/stm32f1xx_hal_rcc.o
                0x08008e7c                HAL_RCC_ClockConfig
 .text.HAL_RCC_GetSysClockFreq
                0x08009050       0xa8 ./Drivers/STM32F1xx_HAL_Driver/Src/stm32f1xx_hal_rcc.o
                0x08009050                HAL_RCC_GetSysClockFreq
 .text.HAL_RCC_GetHCLKFreq
                0x080090f8       0x14 ./Drivers/STM32F1xx_HAL_Driver/Src/stm32f1xx_hal_rcc.o
                0x080090f8                HAL_RCC_GetHCLKFreq
 .text.HAL_RCC_GetPCLK1Freq
                0x0800910c       0x28 ./Drivers/STM32F1xx_HAL_Driver/Src/stm32f1xx_hal_rcc.o
                0x0800910c                HAL_RCC_GetPCLK1Freq
 .text.HAL_RCC_GetPCLK2Freq
                0x08009134       0x28 ./Drivers/STM32F1xx_HAL_Driver/Src/stm32f1xx_hal_rcc.o
                0x08009134                HAL_RCC_GetPCLK2Freq
 .text.RCC_Delay
                0x0800915c       0x3c ./Drivers/STM32F1xx_HAL_Driver/Src/stm32f1xx_hal_rcc.o
 .text.HAL_RCCEx_PeriphCLKConfig
                0x08009198      0x16c ./Drivers/STM32F1xx_HAL_Driver/Src/stm32f1xx_hal_rcc_ex.o
                0x08009198                HAL_RCCEx_PeriphCLKConfig
 .text.HAL_RCCEx_GetPeriphCLKFreq
                0x08009304      0x16c ./Drivers/STM32F1xx_HAL_Driver/Src/stm32f1xx_hal_rcc_ex.o
                0x08009304                HAL_RCCEx_GetPeriphCLKFreq
 .text.HAL_SPI_Init
                0x08009470      0x108 ./Drivers/STM32F1xx_HAL_Driver/Src/stm32f1xx_hal_spi.o
                0x08009470                HAL_SPI_Init
 .text.HAL_TIM_Base_Init
                0x08009578       0xb8 ./Drivers/STM32F1xx_HAL_Driver/Src/stm32f1xx_hal_tim.o
                0x08009578                HAL_TIM_Base_Init
 .text.HAL_TIM_Base_DeInit
                0x08009630       0xbc ./Drivers/STM32F1xx_HAL_Driver/Src/stm32f1xx_hal_tim.o
                0x08009630                HAL_TIM_Base_DeInit
 .text.HAL_TIM_Base_Start_IT
                0x080096ec       0xa4 ./Drivers/STM32F1xx_HAL_Driver/Src/stm32f1xx_hal_tim.o
                0x080096ec                HAL_TIM_Base_Start_IT
 .text.HAL_TIM_Base_Stop_IT
                0x08009790       0x5c ./Drivers/STM32F1xx_HAL_Driver/Src/stm32f1xx_hal_tim.o
                0x08009790                HAL_TIM_Base_Stop_IT
 .text.HAL_TIM_PWM_Init
                0x080097ec       0xb8 ./Drivers/STM32F1xx_HAL_Driver/Src/stm32f1xx_hal_tim.o
                0x080097ec                HAL_TIM_PWM_Init
 .text.HAL_TIM_PWM_MspInit
                0x080098a4       0x12 ./Drivers/STM32F1xx_HAL_Driver/Src/stm32f1xx_hal_tim.o
                0x080098a4                HAL_TIM_PWM_MspInit
 *fill*         0x080098b6        0x2 
 .text.HAL_TIM_PWM_Start
                0x080098b8      0x144 ./Drivers/STM32F1xx_HAL_Driver/Src/stm32f1xx_hal_tim.o
                0x080098b8                HAL_TIM_PWM_Start
 .text.HAL_TIM_PWM_Stop
                0x080099fc       0xc8 ./Drivers/STM32F1xx_HAL_Driver/Src/stm32f1xx_hal_tim.o
                0x080099fc                HAL_TIM_PWM_Stop
 .text.HAL_TIM_IC_Init
                0x08009ac4       0xb8 ./Drivers/STM32F1xx_HAL_Driver/Src/stm32f1xx_hal_tim.o
                0x08009ac4                HAL_TIM_IC_Init
 .text.HAL_TIM_IC_MspInit
                0x08009b7c       0x12 ./Drivers/STM32F1xx_HAL_Driver/Src/stm32f1xx_hal_tim.o
                0x08009b7c                HAL_TIM_IC_MspInit
 *fill*         0x08009b8e        0x2 
 .text.HAL_TIM_IC_Start
                0x08009b90      0x180 ./Drivers/STM32F1xx_HAL_Driver/Src/stm32f1xx_hal_tim.o
                0x08009b90                HAL_TIM_IC_Start
 .text.HAL_TIM_IC_Start_IT
                0x08009d10      0x218 ./Drivers/STM32F1xx_HAL_Driver/Src/stm32f1xx_hal_tim.o
                0x08009d10                HAL_TIM_IC_Start_IT
 .text.HAL_TIM_IRQHandler
                0x08009f28      0x220 ./Drivers/STM32F1xx_HAL_Driver/Src/stm32f1xx_hal_tim.o
                0x08009f28                HAL_TIM_IRQHandler
 .text.HAL_TIM_IC_ConfigChannel
                0x0800a148      0x138 ./Drivers/STM32F1xx_HAL_Driver/Src/stm32f1xx_hal_tim.o
                0x0800a148                HAL_TIM_IC_ConfigChannel
 .text.HAL_TIM_PWM_ConfigChannel
                0x0800a280      0x184 ./Drivers/STM32F1xx_HAL_Driver/Src/stm32f1xx_hal_tim.o
                0x0800a280                HAL_TIM_PWM_ConfigChannel
 .text.HAL_TIM_ConfigClockSource
                0x0800a404      0x18e ./Drivers/STM32F1xx_HAL_Driver/Src/stm32f1xx_hal_tim.o
                0x0800a404                HAL_TIM_ConfigClockSource
 .text.HAL_TIM_SlaveConfigSynchro
                0x0800a592       0x84 ./Drivers/STM32F1xx_HAL_Driver/Src/stm32f1xx_hal_tim.o
                0x0800a592                HAL_TIM_SlaveConfigSynchro
 *fill*         0x0800a616        0x2 
 .text.HAL_TIM_ReadCapturedValue
                0x0800a618       0x88 ./Drivers/STM32F1xx_HAL_Driver/Src/stm32f1xx_hal_tim.o
                0x0800a618                HAL_TIM_ReadCapturedValue
 .text.HAL_TIM_PeriodElapsedHalfCpltCallback
                0x0800a6a0       0x12 ./Drivers/STM32F1xx_HAL_Driver/Src/stm32f1xx_hal_tim.o
                0x0800a6a0                HAL_TIM_PeriodElapsedHalfCpltCallback
 .text.HAL_TIM_OC_DelayElapsedCallback
                0x0800a6b2       0x12 ./Drivers/STM32F1xx_HAL_Driver/Src/stm32f1xx_hal_tim.o
                0x0800a6b2                HAL_TIM_OC_DelayElapsedCallback
 .text.HAL_TIM_IC_CaptureHalfCpltCallback
                0x0800a6c4       0x12 ./Drivers/STM32F1xx_HAL_Driver/Src/stm32f1xx_hal_tim.o
                0x0800a6c4                HAL_TIM_IC_CaptureHalfCpltCallback
 .text.HAL_TIM_PWM_PulseFinishedCallback
                0x0800a6d6       0x12 ./Drivers/STM32F1xx_HAL_Driver/Src/stm32f1xx_hal_tim.o
                0x0800a6d6                HAL_TIM_PWM_PulseFinishedCallback
 .text.HAL_TIM_PWM_PulseFinishedHalfCpltCallback
                0x0800a6e8       0x12 ./Drivers/STM32F1xx_HAL_Driver/Src/stm32f1xx_hal_tim.o
                0x0800a6e8                HAL_TIM_PWM_PulseFinishedHalfCpltCallback
 .text.HAL_TIM_TriggerCallback
                0x0800a6fa       0x12 ./Drivers/STM32F1xx_HAL_Driver/Src/stm32f1xx_hal_tim.o
                0x0800a6fa                HAL_TIM_TriggerCallback
 .text.HAL_TIM_TriggerHalfCpltCallback
                0x0800a70c       0x12 ./Drivers/STM32F1xx_HAL_Driver/Src/stm32f1xx_hal_tim.o
                0x0800a70c                HAL_TIM_TriggerHalfCpltCallback
 .text.HAL_TIM_ErrorCallback
                0x0800a71e       0x12 ./Drivers/STM32F1xx_HAL_Driver/Src/stm32f1xx_hal_tim.o
                0x0800a71e                HAL_TIM_ErrorCallback
 .text.HAL_TIM_RegisterCallback
                0x0800a730      0x274 ./Drivers/STM32F1xx_HAL_Driver/Src/stm32f1xx_hal_tim.o
                0x0800a730                HAL_TIM_RegisterCallback
 .text.TIM_Base_SetConfig
                0x0800a9a4       0xdc ./Drivers/STM32F1xx_HAL_Driver/Src/stm32f1xx_hal_tim.o
                0x0800a9a4                TIM_Base_SetConfig
 .text.TIM_OC1_SetConfig
                0x0800aa80       0xcc ./Drivers/STM32F1xx_HAL_Driver/Src/stm32f1xx_hal_tim.o
 .text.TIM_OC2_SetConfig
                0x0800ab4c       0xd4 ./Drivers/STM32F1xx_HAL_Driver/Src/stm32f1xx_hal_tim.o
                0x0800ab4c                TIM_OC2_SetConfig
 .text.TIM_OC3_SetConfig
                0x0800ac20       0xd4 ./Drivers/STM32F1xx_HAL_Driver/Src/stm32f1xx_hal_tim.o
 .text.TIM_OC4_SetConfig
                0x0800acf4       0x9c ./Drivers/STM32F1xx_HAL_Driver/Src/stm32f1xx_hal_tim.o
 .text.TIM_SlaveTimer_SetConfig
                0x0800ad90      0x122 ./Drivers/STM32F1xx_HAL_Driver/Src/stm32f1xx_hal_tim.o
 *fill*         0x0800aeb2        0x2 
 .text.TIM_TI1_SetConfig
                0x0800aeb4       0xb4 ./Drivers/STM32F1xx_HAL_Driver/Src/stm32f1xx_hal_tim.o
                0x0800aeb4                TIM_TI1_SetConfig
 .text.TIM_TI1_ConfigInputStage
                0x0800af68       0x5c ./Drivers/STM32F1xx_HAL_Driver/Src/stm32f1xx_hal_tim.o
 .text.TIM_TI2_SetConfig
                0x0800afc4       0x78 ./Drivers/STM32F1xx_HAL_Driver/Src/stm32f1xx_hal_tim.o
 .text.TIM_TI2_ConfigInputStage
                0x0800b03c       0x5e ./Drivers/STM32F1xx_HAL_Driver/Src/stm32f1xx_hal_tim.o
 .text.TIM_TI3_SetConfig
                0x0800b09a       0x76 ./Drivers/STM32F1xx_HAL_Driver/Src/stm32f1xx_hal_tim.o
 .text.TIM_TI4_SetConfig
                0x0800b110       0x78 ./Drivers/STM32F1xx_HAL_Driver/Src/stm32f1xx_hal_tim.o
 .text.TIM_ITRx_SetConfig
                0x0800b188       0x34 ./Drivers/STM32F1xx_HAL_Driver/Src/stm32f1xx_hal_tim.o
 .text.TIM_ETR_SetConfig
                0x0800b1bc       0x3e ./Drivers/STM32F1xx_HAL_Driver/Src/stm32f1xx_hal_tim.o
                0x0800b1bc                TIM_ETR_SetConfig
 .text.TIM_CCxChannelCmd
                0x0800b1fa       0x48 ./Drivers/STM32F1xx_HAL_Driver/Src/stm32f1xx_hal_tim.o
                0x0800b1fa                TIM_CCxChannelCmd
 *fill*         0x0800b242        0x2 
 .text.TIM_ResetCallback
                0x0800b244       0xb0 ./Drivers/STM32F1xx_HAL_Driver/Src/stm32f1xx_hal_tim.o
                0x0800b244                TIM_ResetCallback
 .text.HAL_TIMEx_MasterConfigSynchronization
                0x0800b2f4       0xbc ./Drivers/STM32F1xx_HAL_Driver/Src/stm32f1xx_hal_tim_ex.o
                0x0800b2f4                HAL_TIMEx_MasterConfigSynchronization
 .text.HAL_TIMEx_ConfigBreakDeadTime
                0x0800b3b0       0xa2 ./Drivers/STM32F1xx_HAL_Driver/Src/stm32f1xx_hal_tim_ex.o
                0x0800b3b0                HAL_TIMEx_ConfigBreakDeadTime
 .text.HAL_TIMEx_CommutCallback
                0x0800b452       0x12 ./Drivers/STM32F1xx_HAL_Driver/Src/stm32f1xx_hal_tim_ex.o
                0x0800b452                HAL_TIMEx_CommutCallback
 .text.HAL_TIMEx_CommutHalfCpltCallback
                0x0800b464       0x12 ./Drivers/STM32F1xx_HAL_Driver/Src/stm32f1xx_hal_tim_ex.o
                0x0800b464                HAL_TIMEx_CommutHalfCpltCallback
 .text.HAL_TIMEx_BreakCallback
                0x0800b476       0x12 ./Drivers/STM32F1xx_HAL_Driver/Src/stm32f1xx_hal_tim_ex.o
                0x0800b476                HAL_TIMEx_BreakCallback
 .text.HAL_UART_Init
                0x0800b488       0xa0 ./Drivers/STM32F1xx_HAL_Driver/Src/stm32f1xx_hal_uart.o
                0x0800b488                HAL_UART_Init
 .text.HAL_UART_DeInit
                0x0800b528       0x64 ./Drivers/STM32F1xx_HAL_Driver/Src/stm32f1xx_hal_uart.o
                0x0800b528                HAL_UART_DeInit
 .text.HAL_UART_Transmit
                0x0800b58c      0x116 ./Drivers/STM32F1xx_HAL_Driver/Src/stm32f1xx_hal_uart.o
                0x0800b58c                HAL_UART_Transmit
 .text.HAL_UART_Receive_IT
                0x0800b6a2       0x4a ./Drivers/STM32F1xx_HAL_Driver/Src/stm32f1xx_hal_uart.o
                0x0800b6a2                HAL_UART_Receive_IT
 .text.HAL_UART_Transmit_DMA
                0x0800b6ec       0xe0 ./Drivers/STM32F1xx_HAL_Driver/Src/stm32f1xx_hal_uart.o
                0x0800b6ec                HAL_UART_Transmit_DMA
 .text.HAL_UART_IRQHandler
                0x0800b7cc      0x524 ./Drivers/STM32F1xx_HAL_Driver/Src/stm32f1xx_hal_uart.o
                0x0800b7cc                HAL_UART_IRQHandler
 .text.HAL_UART_TxHalfCpltCallback
                0x0800bcf0       0x12 ./Drivers/STM32F1xx_HAL_Driver/Src/stm32f1xx_hal_uart.o
                0x0800bcf0                HAL_UART_TxHalfCpltCallback
 .text.HAL_UARTEx_RxEventCallback
                0x0800bd02       0x16 ./Drivers/STM32F1xx_HAL_Driver/Src/stm32f1xx_hal_uart.o
                0x0800bd02                HAL_UARTEx_RxEventCallback
 .text.UART_DMATransmitCplt
                0x0800bd18       0x9a ./Drivers/STM32F1xx_HAL_Driver/Src/stm32f1xx_hal_uart.o
 .text.UART_DMATxHalfCplt
                0x0800bdb2       0x1c ./Drivers/STM32F1xx_HAL_Driver/Src/stm32f1xx_hal_uart.o
 .text.UART_DMAError
                0x0800bdce       0x94 ./Drivers/STM32F1xx_HAL_Driver/Src/stm32f1xx_hal_uart.o
 .text.UART_WaitOnFlagUntilTimeout
                0x0800be62       0xb2 ./Drivers/STM32F1xx_HAL_Driver/Src/stm32f1xx_hal_uart.o
 .text.UART_Start_Receive_IT
                0x0800bf14       0x72 ./Drivers/STM32F1xx_HAL_Driver/Src/stm32f1xx_hal_uart.o
                0x0800bf14                UART_Start_Receive_IT
 .text.UART_EndTxTransfer
                0x0800bf86       0x4e ./Drivers/STM32F1xx_HAL_Driver/Src/stm32f1xx_hal_uart.o
 .text.UART_EndRxTransfer
                0x0800bfd4       0xc4 ./Drivers/STM32F1xx_HAL_Driver/Src/stm32f1xx_hal_uart.o
 .text.UART_DMAAbortOnError
                0x0800c098       0x28 ./Drivers/STM32F1xx_HAL_Driver/Src/stm32f1xx_hal_uart.o
 .text.UART_Transmit_IT
                0x0800c0c0       0x9e ./Drivers/STM32F1xx_HAL_Driver/Src/stm32f1xx_hal_uart.o
 .text.UART_EndTransmit_IT
                0x0800c15e       0x30 ./Drivers/STM32F1xx_HAL_Driver/Src/stm32f1xx_hal_uart.o
 .text.UART_Receive_IT
                0x0800c18e      0x17c ./Drivers/STM32F1xx_HAL_Driver/Src/stm32f1xx_hal_uart.o
 *fill*         0x0800c30a        0x2 
 .text.UART_SetConfig
                0x0800c30c      0x11c ./Drivers/STM32F1xx_HAL_Driver/Src/stm32f1xx_hal_uart.o
 .text.memcmp   0x0800c428       0x20 C:/ST/STM32CubeIDE_1.19.0/STM32CubeIDE/plugins/com.st.stm32cube.ide.mcu.externaltools.gnu-tools-for-stm32.13.3.rel1.win32_1.0.0.202411081344/tools/bin/../lib/gcc/arm-none-eabi/13.3.1/../../../../arm-none-eabi/lib/thumb/v7-m/nofp\libc_nano.a(libc_a-memcmp.o)
                0x0800c428                memcmp
 .text.memset   0x0800c448       0x10 C:/ST/STM32CubeIDE_1.19.0/STM32CubeIDE/plugins/com.st.stm32cube.ide.mcu.externaltools.gnu-tools-for-stm32.13.3.rel1.win32_1.0.0.202411081344/tools/bin/../lib/gcc/arm-none-eabi/13.3.1/../../../../arm-none-eabi/lib/thumb/v7-m/nofp\libc_nano.a(libc_a-memset.o)
                0x0800c448                memset
 .text.__libc_init_array
                0x0800c458       0x48 C:/ST/STM32CubeIDE_1.19.0/STM32CubeIDE/plugins/com.st.stm32cube.ide.mcu.externaltools.gnu-tools-for-stm32.13.3.rel1.win32_1.0.0.202411081344/tools/bin/../lib/gcc/arm-none-eabi/13.3.1/../../../../arm-none-eabi/lib/thumb/v7-m/nofp\libc_nano.a(libc_a-init.o)
                0x0800c458                __libc_init_array
 .text.memcpy   0x0800c4a0       0x1c C:/ST/STM32CubeIDE_1.19.0/STM32CubeIDE/plugins/com.st.stm32cube.ide.mcu.externaltools.gnu-tools-for-stm32.13.3.rel1.win32_1.0.0.202411081344/tools/bin/../lib/gcc/arm-none-eabi/13.3.1/../../../../arm-none-eabi/lib/thumb/v7-m/nofp\libc_nano.a(libc_a-memcpy-stub.o)
                0x0800c4a0                memcpy
 *(.glue_7)
 .glue_7        0x0800c4bc        0x0 linker stubs
 *(.glue_7t)
 .glue_7t       0x0800c4bc        0x0 linker stubs
 *(.eh_frame)
 .eh_frame      0x0800c4bc        0x0 C:/ST/STM32CubeIDE_1.19.0/STM32CubeIDE/plugins/com.st.stm32cube.ide.mcu.externaltools.gnu-tools-for-stm32.13.3.rel1.win32_1.0.0.202411081344/tools/bin/../lib/gcc/arm-none-eabi/13.3.1/thumb/v7-m/nofp/crtbegin.o
 *(.init)
 .init          0x0800c4bc        0x4 C:/ST/STM32CubeIDE_1.19.0/STM32CubeIDE/plugins/com.st.stm32cube.ide.mcu.externaltools.gnu-tools-for-stm32.13.3.rel1.win32_1.0.0.202411081344/tools/bin/../lib/gcc/arm-none-eabi/13.3.1/thumb/v7-m/nofp/crti.o
                0x0800c4bc                _init
 .init          0x0800c4c0        0x8 C:/ST/STM32CubeIDE_1.19.0/STM32CubeIDE/plugins/com.st.stm32cube.ide.mcu.externaltools.gnu-tools-for-stm32.13.3.rel1.win32_1.0.0.202411081344/tools/bin/../lib/gcc/arm-none-eabi/13.3.1/thumb/v7-m/nofp/crtn.o
 *(.fini)
 .fini          0x0800c4c8        0x4 C:/ST/STM32CubeIDE_1.19.0/STM32CubeIDE/plugins/com.st.stm32cube.ide.mcu.externaltools.gnu-tools-for-stm32.13.3.rel1.win32_1.0.0.202411081344/tools/bin/../lib/gcc/arm-none-eabi/13.3.1/thumb/v7-m/nofp/crti.o
                0x0800c4c8                _fini
 .fini          0x0800c4cc        0x8 C:/ST/STM32CubeIDE_1.19.0/STM32CubeIDE/plugins/com.st.stm32cube.ide.mcu.externaltools.gnu-tools-for-stm32.13.3.rel1.win32_1.0.0.202411081344/tools/bin/../lib/gcc/arm-none-eabi/13.3.1/thumb/v7-m/nofp/crtn.o
                0x0800c4d4                        . = ALIGN (0x4)
                0x0800c4d4                        _etext = .

.vfp11_veneer   0x0800c4d4        0x0
 .vfp11_veneer  0x0800c4d4        0x0 linker stubs

.v4_bx          0x0800c4d4        0x0
 .v4_bx         0x0800c4d4        0x0 linker stubs

.iplt           0x0800c4d4        0x0
 .iplt          0x0800c4d4        0x0 C:/ST/STM32CubeIDE_1.19.0/STM32CubeIDE/plugins/com.st.stm32cube.ide.mcu.externaltools.gnu-tools-for-stm32.13.3.rel1.win32_1.0.0.202411081344/tools/bin/../lib/gcc/arm-none-eabi/13.3.1/thumb/v7-m/nofp/crtbegin.o

.rodata         0x0800c4d4      0x198
                0x0800c4d4                        . = ALIGN (0x4)
 *(.rodata)
 .rodata        0x0800c4d4        0x3 ./Core/Src/main.o
 *(.rodata*)
 *fill*         0x0800c4d7        0x1 
 .rodata.mavlink_sha256_constant_256
                0x0800c4d8      0x100 ./Core/Src/main.o
 .rodata.mavlink_message_crcs.11
                0x0800c5d8       0x54 ./Core/Src/main.o
 .rodata.AHBPrescTable
                0x0800c62c       0x10 ./Core/Src/system_stm32f1xx.o
                0x0800c62c                AHBPrescTable
 .rodata.APBPrescTable
                0x0800c63c        0x8 ./Core/Src/system_stm32f1xx.o
                0x0800c63c                APBPrescTable
 .rodata.aPLLMULFactorTable.1
                0x0800c644       0x10 ./Drivers/STM32F1xx_HAL_Driver/Src/stm32f1xx_hal_rcc.o
 .rodata.aPredivFactorTable.0
                0x0800c654        0x2 ./Drivers/STM32F1xx_HAL_Driver/Src/stm32f1xx_hal_rcc.o
 *fill*         0x0800c656        0x2 
 .rodata.aPLLMULFactorTable.1
                0x0800c658       0x10 ./Drivers/STM32F1xx_HAL_Driver/Src/stm32f1xx_hal_rcc_ex.o
 .rodata.aPredivFactorTable.0
                0x0800c668        0x2 ./Drivers/STM32F1xx_HAL_Driver/Src/stm32f1xx_hal_rcc_ex.o
                0x0800c66c                        . = ALIGN (0x4)
 *fill*         0x0800c66a        0x2 

.ARM.extab      0x0800c66c        0x0
                0x0800c66c                        . = ALIGN (0x4)
 *(.ARM.extab* .gnu.linkonce.armextab.*)
                0x0800c66c                        . = ALIGN (0x4)

.ARM            0x0800c66c        0x0
                0x0800c66c                        . = ALIGN (0x4)
                0x0800c66c                        __exidx_start = .
 *(.ARM.exidx*)
                0x0800c66c                        __exidx_end = .
                0x0800c66c                        . = ALIGN (0x4)

.preinit_array  0x0800c66c        0x0
                0x0800c66c                        . = ALIGN (0x4)
                0x0800c66c                        PROVIDE (__preinit_array_start = .)
 *(.preinit_array*)
                0x0800c66c                        PROVIDE (__preinit_array_end = .)
                0x0800c66c                        . = ALIGN (0x4)

.init_array     0x0800c66c        0x4
                0x0800c66c                        . = ALIGN (0x4)
                0x0800c66c                        PROVIDE (__init_array_start = .)
 *(SORT_BY_NAME(.init_array.*))
 *(.init_array*)
 .init_array    0x0800c66c        0x4 C:/ST/STM32CubeIDE_1.19.0/STM32CubeIDE/plugins/com.st.stm32cube.ide.mcu.externaltools.gnu-tools-for-stm32.13.3.rel1.win32_1.0.0.202411081344/tools/bin/../lib/gcc/arm-none-eabi/13.3.1/thumb/v7-m/nofp/crtbegin.o
                0x0800c670                        PROVIDE (__init_array_end = .)
                0x0800c670                        . = ALIGN (0x4)

.fini_array     0x0800c670        0x4
                0x0800c670                        . = ALIGN (0x4)
                [!provide]                        PROVIDE (__fini_array_start = .)
 *(SORT_BY_NAME(.fini_array.*))
 *(.fini_array*)
 .fini_array    0x0800c670        0x4 C:/ST/STM32CubeIDE_1.19.0/STM32CubeIDE/plugins/com.st.stm32cube.ide.mcu.externaltools.gnu-tools-for-stm32.13.3.rel1.win32_1.0.0.202411081344/tools/bin/../lib/gcc/arm-none-eabi/13.3.1/thumb/v7-m/nofp/crtbegin.o
                [!provide]                        PROVIDE (__fini_array_end = .)
                0x0800c674                        . = ALIGN (0x4)
                0x0800c674                        _sidata = LOADADDR (.data)

.rel.dyn        0x0800c674        0x0
 .rel.iplt      0x0800c674        0x0 C:/ST/STM32CubeIDE_1.19.0/STM32CubeIDE/plugins/com.st.stm32cube.ide.mcu.externaltools.gnu-tools-for-stm32.13.3.rel1.win32_1.0.0.202411081344/tools/bin/../lib/gcc/arm-none-eabi/13.3.1/thumb/v7-m/nofp/crtbegin.o

.data           0x20000000       0x20 load address 0x0800c674
                0x20000000                        . = ALIGN (0x4)
                0x20000000                        _sdata = .
 *(.data)
 *(.data*)
 .data.sequential_number
                0x20000000        0x1 ./Core/Src/main.o
                0x20000000                sequential_number
 *fill*         0x20000001        0x1 
 .data.slave_timeout
                0x20000002        0x2 ./Core/Src/main.o
                0x20000002                slave_timeout
 .data.start    0x20000004        0x1 ./Core/Src/main.o
 *fill*         0x20000005        0x1 
 .data.pwm_pulse
                0x20000006        0x2 ./Core/Src/main.o
                0x20000006                pwm_pulse
 .data.ds_temp_x100
                0x20000008        0x2 ./Core/Src/main.o
 .data.min_stopper
                0x2000000a        0x2 ./Core/Src/main.o
 .data.max_stopper
                0x2000000c        0x2 ./Core/Src/main.o
 .data.data_timer.1
                0x2000000e        0x2 ./Core/Src/main.o
 .data.mavlink_timer.0
                0x20000010        0x2 ./Core/Src/main.o
 *fill*         0x20000012        0x2 
 .data.SystemCoreClock
                0x20000014        0x4 ./Core/Src/system_stm32f1xx.o
                0x20000014                SystemCoreClock
 .data.uwTickPrio
                0x20000018        0x4 ./Drivers/STM32F1xx_HAL_Driver/Src/stm32f1xx_hal.o
                0x20000018                uwTickPrio
 .data.uwTickFreq
                0x2000001c        0x1 ./Drivers/STM32F1xx_HAL_Driver/Src/stm32f1xx_hal.o
                0x2000001c                uwTickFreq
 *(.RamFunc)
 *(.RamFunc*)
                0x20000020                        . = ALIGN (0x4)
 *fill*         0x2000001d        0x3 
                0x20000020                        _edata = .

.igot.plt       0x20000020        0x0 load address 0x0800c694
 .igot.plt      0x20000020        0x0 C:/ST/STM32CubeIDE_1.19.0/STM32CubeIDE/plugins/com.st.stm32cube.ide.mcu.externaltools.gnu-tools-for-stm32.13.3.rel1.win32_1.0.0.202411081344/tools/bin/../lib/gcc/arm-none-eabi/13.3.1/thumb/v7-m/nofp/crtbegin.o
                0x20000020                        . = ALIGN (0x4)

.bss            0x20000020      0xc58 load address 0x0800c694
                0x20000020                        _sbss = .
                0x20000020                        __bss_start__ = _sbss
 *(.bss)
 .bss           0x20000020       0x1c C:/ST/STM32CubeIDE_1.19.0/STM32CubeIDE/plugins/com.st.stm32cube.ide.mcu.externaltools.gnu-tools-for-stm32.13.3.rel1.win32_1.0.0.202411081344/tools/bin/../lib/gcc/arm-none-eabi/13.3.1/thumb/v7-m/nofp/crtbegin.o
 *(.bss*)
 .bss.hadc1     0x2000003c       0x30 ./Core/Src/adc.o
                0x2000003c                hadc1
 .bss.pusher    0x2000006c        0x2 ./Core/Src/main.o
                0x2000006c                pusher
 *fill*         0x2000006e        0x2 
 .bss.stoper    0x20000070        0x2 ./Core/Src/main.o
                0x20000070                stoper
 *fill*         0x20000072        0x2 
 .bss.switches  0x20000074        0x4 ./Core/Src/main.o
                0x20000074                switches
 .bss.ds18      0x20000078       0x7c ./Core/Src/main.o
                0x20000078                ds18
 .bss.mavlink_msg_ready_1
                0x200000f4        0x1 ./Core/Src/main.o
                0x200000f4                mavlink_msg_ready_1
 .bss.mavlink_msg_ready_2
                0x200000f5        0x1 ./Core/Src/main.o
                0x200000f5                mavlink_msg_ready_2
 *fill*         0x200000f6        0x2 
 .bss.msg1      0x200000f8      0x123 ./Core/Src/main.o
                0x200000f8                msg1
 *fill*         0x2000021b        0x1 
 .bss.status1   0x2000021c       0x18 ./Core/Src/main.o
                0x2000021c                status1
 .bss.msg2      0x20000234      0x123 ./Core/Src/main.o
                0x20000234                msg2
 *fill*         0x20000357        0x1 
 .bss.status2   0x20000358       0x18 ./Core/Src/main.o
                0x20000358                status2
 .bss.rx_byte1  0x20000370        0x1 ./Core/Src/main.o
                0x20000370                rx_byte1
 .bss.rx_byte2  0x20000371        0x1 ./Core/Src/main.o
                0x20000371                rx_byte2
 .bss.tx_busy_1
                0x20000372        0x1 ./Core/Src/main.o
                0x20000372                tx_busy_1
 .bss.tx_busy_2
                0x20000373        0x1 ./Core/Src/main.o
                0x20000373                tx_busy_2
 .bss.currentCommandMode
                0x20000374        0x1 ./Core/Src/main.o
                0x20000374                currentCommandMode
 .bss.currentState
                0x20000375        0x1 ./Core/Src/main.o
                0x20000375                currentState
 *fill*         0x20000376        0x2 
 .bss.bit_mask  0x20000378        0x4 ./Core/Src/main.o
                0x20000378                bit_mask
 .bss.tick_counter
                0x2000037c        0x2 ./Core/Src/main.o
                0x2000037c                tick_counter
 *fill*         0x2000037e        0x2 
 .bss.temp      0x20000380        0x4 ./Core/Src/main.o
                0x20000380                temp
 .bss.debug_heater_pwm
                0x20000384        0x2 ./Core/Src/main.o
                0x20000384                debug_heater_pwm
 .bss.heater_switching
                0x20000386        0x2 ./Core/Src/main.o
                0x20000386                heater_switching
 .bss.input_voltage
                0x20000388        0x4 ./Core/Src/main.o
                0x20000388                input_voltage
 .bss.ds_state  0x2000038c        0x1 ./Core/Src/main.o
 *fill*         0x2000038d        0x3 
 .bss.ds_ts     0x20000390        0x4 ./Core/Src/main.o
 .bss.heater_reverse
                0x20000394        0x1 ./Core/Src/main.o
 .bss.error_dev
                0x20000395        0x1 ./Core/Src/main.o
                0x20000395                error_dev
 *fill*         0x20000396        0x2 
 .bss.last_temp_start.27
                0x20000398        0x4 ./Core/Src/main.o
 .bss.voltage.26
                0x2000039c        0x4 ./Core/Src/main.o
 .bss.phase.25  0x200003a0        0x1 ./Core/Src/main.o
 *fill*         0x200003a1        0x3 
 .bss.last_ts.24
                0x200003a4        0x4 ./Core/Src/main.o
 .bss.ts.23     0x200003a8        0x4 ./Core/Src/main.o
 .bss.substate.22
                0x200003ac        0x1 ./Core/Src/main.o
 .bss.drop_started.21
                0x200003ad        0x1 ./Core/Src/main.o
 *fill*         0x200003ae        0x2 
 .bss.drop_timer.20
                0x200003b0        0x4 ./Core/Src/main.o
 .bss.isRetry.19
                0x200003b4        0x1 ./Core/Src/main.o
 .bss.reachedStart.18
                0x200003b5        0x1 ./Core/Src/main.o
 *fill*         0x200003b6        0x2 
 .bss.drop_ts.17
                0x200003b8        0x4 ./Core/Src/main.o
 .bss.counter_state.16
                0x200003bc        0x1 ./Core/Src/main.o
 .bss.counter_state_all.15
                0x200003bd        0x1 ./Core/Src/main.o
 *fill*         0x200003be        0x2 
 .bss.ts.14     0x200003c0        0x4 ./Core/Src/main.o
 .bss.blink.13  0x200003c4        0x1 ./Core/Src/main.o
 *fill*         0x200003c5        0x3 
 .bss.m_mavlink_status.12
                0x200003c8       0x60 ./Core/Src/main.o
 .bss.m_mavlink_buffer.10
                0x20000428      0x48c ./Core/Src/main.o
 .bss.counter.9
                0x200008b4        0x1 ./Core/Src/main.o
 *fill*         0x200008b5        0x3 
 .bss.pulse.8   0x200008b8        0x4 ./Core/Src/main.o
 .bss.counter.7
                0x200008bc        0x1 ./Core/Src/main.o
 .bss.togglePWM.6
                0x200008bd        0x1 ./Core/Src/main.o
 .bss.fixator_meas.5
                0x200008be        0x1 ./Core/Src/main.o
 .bss.counter_meas.4
                0x200008bf        0x1 ./Core/Src/main.o
 .bss.finish_meas.3
                0x200008c0        0x1 ./Core/Src/main.o
 .bss.start_meas.2
                0x200008c1        0x1 ./Core/Src/main.o
 *fill*         0x200008c2        0x2 
 .bss.hspi1     0x200008c4       0x58 ./Core/Src/spi.o
                0x200008c4                hspi1
 .bss.htim1     0x2000091c       0xb4 ./Core/Src/tim.o
                0x2000091c                htim1
 .bss.htim2     0x200009d0       0xb4 ./Core/Src/tim.o
                0x200009d0                htim2
 .bss.htim4     0x20000a84       0xb4 ./Core/Src/tim.o
                0x20000a84                htim4
 .bss.huart1    0x20000b38       0x48 ./Core/Src/usart.o
                0x20000b38                huart1
 .bss.huart2    0x20000b80       0x48 ./Core/Src/usart.o
                0x20000b80                huart2
 .bss.hdma_usart1_tx
                0x20000bc8       0x44 ./Core/Src/usart.o
                0x20000bc8                hdma_usart1_tx
 .bss.hdma_usart2_tx
                0x20000c0c       0x44 ./Core/Src/usart.o
                0x20000c0c                hdma_usart2_tx
 .bss.uwTick    0x20000c50        0x4 ./Drivers/STM32F1xx_HAL_Driver/Src/stm32f1xx_hal.o
                0x20000c50                uwTick
 *fill*         0x20000c54        0x4 
 .bss.pFlash    0x20000c58       0x20 ./Drivers/STM32F1xx_HAL_Driver/Src/stm32f1xx_hal_flash.o
                0x20000c58                pFlash
 *(COMMON)
                0x20000c78                        . = ALIGN (0x4)
                0x20000c78                        _ebss = .
                0x20000c78                        __bss_end__ = _ebss

._user_heap_stack
                0x20000c78      0x600 load address 0x0800c694
                0x20000c78                        . = ALIGN (0x8)
                [!provide]                        PROVIDE (end = .)
                0x20000c78                        PROVIDE (_end = .)
                0x20000e78                        . = (. + _Min_Heap_Size)
 *fill*         0x20000c78      0x200 
                0x20001278                        . = (. + _Min_Stack_Size)
 *fill*         0x20000e78      0x400 
                0x20001278                        . = ALIGN (0x8)

/DISCARD/
 libc.a(*)
 libm.a(*)
 libgcc.a(*)

.ARM.attributes
                0x00000000       0x29
 *(.ARM.attributes)
 .ARM.attributes
                0x00000000       0x1d C:/ST/STM32CubeIDE_1.19.0/STM32CubeIDE/plugins/com.st.stm32cube.ide.mcu.externaltools.gnu-tools-for-stm32.13.3.rel1.win32_1.0.0.202411081344/tools/bin/../lib/gcc/arm-none-eabi/13.3.1/thumb/v7-m/nofp/crti.o
 .ARM.attributes
                0x0000001d       0x2d C:/ST/STM32CubeIDE_1.19.0/STM32CubeIDE/plugins/com.st.stm32cube.ide.mcu.externaltools.gnu-tools-for-stm32.13.3.rel1.win32_1.0.0.202411081344/tools/bin/../lib/gcc/arm-none-eabi/13.3.1/thumb/v7-m/nofp/crtbegin.o
 .ARM.attributes
                0x0000004a       0x2d ./Core/Src/adc.o
 .ARM.attributes
                0x00000077       0x2d ./Core/Src/dma.o
 .ARM.attributes
                0x000000a4       0x2d ./Core/Src/ds18b20.o
 .ARM.attributes
                0x000000d1       0x2d ./Core/Src/gpio.o
 .ARM.attributes
                0x000000fe       0x2d ./Core/Src/main.o
 .ARM.attributes
                0x0000012b       0x2d ./Core/Src/ow.o
 .ARM.attributes
                0x00000158       0x2d ./Core/Src/spi.o
 .ARM.attributes
                0x00000185       0x2d ./Core/Src/stm32f1xx_hal_msp.o
 .ARM.attributes
                0x000001b2       0x2d ./Core/Src/stm32f1xx_it.o
 .ARM.attributes
                0x000001df       0x2d ./Core/Src/system_stm32f1xx.o
 .ARM.attributes
                0x0000020c       0x2d ./Core/Src/tim.o
 .ARM.attributes
                0x00000239       0x2d ./Core/Src/usart.o
 .ARM.attributes
                0x00000266       0x21 ./Core/Startup/startup_stm32f103c8tx.o
 .ARM.attributes
                0x00000287       0x2d ./Drivers/STM32F1xx_HAL_Driver/Src/stm32f1xx_hal.o
 .ARM.attributes
                0x000002b4       0x2d ./Drivers/STM32F1xx_HAL_Driver/Src/stm32f1xx_hal_adc.o
 .ARM.attributes
                0x000002e1       0x2d ./Drivers/STM32F1xx_HAL_Driver/Src/stm32f1xx_hal_cortex.o
 .ARM.attributes
                0x0000030e       0x2d ./Drivers/STM32F1xx_HAL_Driver/Src/stm32f1xx_hal_dma.o
 .ARM.attributes
                0x0000033b       0x2d ./Drivers/STM32F1xx_HAL_Driver/Src/stm32f1xx_hal_flash.o
 .ARM.attributes
                0x00000368       0x2d ./Drivers/STM32F1xx_HAL_Driver/Src/stm32f1xx_hal_flash_ex.o
 .ARM.attributes
                0x00000395       0x2d ./Drivers/STM32F1xx_HAL_Driver/Src/stm32f1xx_hal_gpio.o
 .ARM.attributes
                0x000003c2       0x2d ./Drivers/STM32F1xx_HAL_Driver/Src/stm32f1xx_hal_rcc.o
 .ARM.attributes
                0x000003ef       0x2d ./Drivers/STM32F1xx_HAL_Driver/Src/stm32f1xx_hal_rcc_ex.o
 .ARM.attributes
                0x0000041c       0x2d ./Drivers/STM32F1xx_HAL_Driver/Src/stm32f1xx_hal_spi.o
 .ARM.attributes
                0x00000449       0x2d ./Drivers/STM32F1xx_HAL_Driver/Src/stm32f1xx_hal_tim.o
 .ARM.attributes
                0x00000476       0x2d ./Drivers/STM32F1xx_HAL_Driver/Src/stm32f1xx_hal_tim_ex.o
 .ARM.attributes
                0x000004a3       0x2d ./Drivers/STM32F1xx_HAL_Driver/Src/stm32f1xx_hal_uart.o
 .ARM.attributes
                0x000004d0       0x2d C:/ST/STM32CubeIDE_1.19.0/STM32CubeIDE/plugins/com.st.stm32cube.ide.mcu.externaltools.gnu-tools-for-stm32.13.3.rel1.win32_1.0.0.202411081344/tools/bin/../lib/gcc/arm-none-eabi/13.3.1/../../../../arm-none-eabi/lib/thumb/v7-m/nofp\libc_nano.a(libc_a-memcmp.o)
 .ARM.attributes
                0x000004fd       0x2d C:/ST/STM32CubeIDE_1.19.0/STM32CubeIDE/plugins/com.st.stm32cube.ide.mcu.externaltools.gnu-tools-for-stm32.13.3.rel1.win32_1.0.0.202411081344/tools/bin/../lib/gcc/arm-none-eabi/13.3.1/../../../../arm-none-eabi/lib/thumb/v7-m/nofp\libc_nano.a(libc_a-memset.o)
 .ARM.attributes
                0x0000052a       0x2d C:/ST/STM32CubeIDE_1.19.0/STM32CubeIDE/plugins/com.st.stm32cube.ide.mcu.externaltools.gnu-tools-for-stm32.13.3.rel1.win32_1.0.0.202411081344/tools/bin/../lib/gcc/arm-none-eabi/13.3.1/../../../../arm-none-eabi/lib/thumb/v7-m/nofp\libc_nano.a(libc_a-init.o)
 .ARM.attributes
                0x00000557       0x2d C:/ST/STM32CubeIDE_1.19.0/STM32CubeIDE/plugins/com.st.stm32cube.ide.mcu.externaltools.gnu-tools-for-stm32.13.3.rel1.win32_1.0.0.202411081344/tools/bin/../lib/gcc/arm-none-eabi/13.3.1/../../../../arm-none-eabi/lib/thumb/v7-m/nofp\libc_nano.a(libc_a-memcpy-stub.o)
 .ARM.attributes
                0x00000584       0x1d C:/ST/STM32CubeIDE_1.19.0/STM32CubeIDE/plugins/com.st.stm32cube.ide.mcu.externaltools.gnu-tools-for-stm32.13.3.rel1.win32_1.0.0.202411081344/tools/bin/../lib/gcc/arm-none-eabi/13.3.1/thumb/v7-m/nofp\libgcc.a(_arm_muldf3.o)
 .ARM.attributes
                0x000005a1       0x1d C:/ST/STM32CubeIDE_1.19.0/STM32CubeIDE/plugins/com.st.stm32cube.ide.mcu.externaltools.gnu-tools-for-stm32.13.3.rel1.win32_1.0.0.202411081344/tools/bin/../lib/gcc/arm-none-eabi/13.3.1/thumb/v7-m/nofp\libgcc.a(_arm_addsubdf3.o)
 .ARM.attributes
                0x000005be       0x1d C:/ST/STM32CubeIDE_1.19.0/STM32CubeIDE/plugins/com.st.stm32cube.ide.mcu.externaltools.gnu-tools-for-stm32.13.3.rel1.win32_1.0.0.202411081344/tools/bin/../lib/gcc/arm-none-eabi/13.3.1/thumb/v7-m/nofp\libgcc.a(_arm_truncdfsf2.o)
 .ARM.attributes
                0x000005db       0x1d C:/ST/STM32CubeIDE_1.19.0/STM32CubeIDE/plugins/com.st.stm32cube.ide.mcu.externaltools.gnu-tools-for-stm32.13.3.rel1.win32_1.0.0.202411081344/tools/bin/../lib/gcc/arm-none-eabi/13.3.1/thumb/v7-m/nofp\libgcc.a(_arm_addsubsf3.o)
 .ARM.attributes
                0x000005f8       0x1d C:/ST/STM32CubeIDE_1.19.0/STM32CubeIDE/plugins/com.st.stm32cube.ide.mcu.externaltools.gnu-tools-for-stm32.13.3.rel1.win32_1.0.0.202411081344/tools/bin/../lib/gcc/arm-none-eabi/13.3.1/thumb/v7-m/nofp\libgcc.a(_arm_muldivsf3.o)
 .ARM.attributes
                0x00000615       0x1d C:/ST/STM32CubeIDE_1.19.0/STM32CubeIDE/plugins/com.st.stm32cube.ide.mcu.externaltools.gnu-tools-for-stm32.13.3.rel1.win32_1.0.0.202411081344/tools/bin/../lib/gcc/arm-none-eabi/13.3.1/thumb/v7-m/nofp\libgcc.a(_arm_cmpsf2.o)
 .ARM.attributes
                0x00000632       0x1d C:/ST/STM32CubeIDE_1.19.0/STM32CubeIDE/plugins/com.st.stm32cube.ide.mcu.externaltools.gnu-tools-for-stm32.13.3.rel1.win32_1.0.0.202411081344/tools/bin/../lib/gcc/arm-none-eabi/13.3.1/thumb/v7-m/nofp\libgcc.a(_arm_fixunssfsi.o)
 .ARM.attributes
                0x0000064f       0x1d C:/ST/STM32CubeIDE_1.19.0/STM32CubeIDE/plugins/com.st.stm32cube.ide.mcu.externaltools.gnu-tools-for-stm32.13.3.rel1.win32_1.0.0.202411081344/tools/bin/../lib/gcc/arm-none-eabi/13.3.1/thumb/v7-m/nofp/crtn.o
OUTPUT(SKYD 2.0.8.elf elf32-littlearm)
LOAD linker stubs
LOAD C:/ST/STM32CubeIDE_1.19.0/STM32CubeIDE/plugins/com.st.stm32cube.ide.mcu.externaltools.gnu-tools-for-stm32.13.3.rel1.win32_1.0.0.202411081344/tools/bin/../lib/gcc/arm-none-eabi/13.3.1/../../../../arm-none-eabi/lib/thumb/v7-m/nofp\libc.a
LOAD C:/ST/STM32CubeIDE_1.19.0/STM32CubeIDE/plugins/com.st.stm32cube.ide.mcu.externaltools.gnu-tools-for-stm32.13.3.rel1.win32_1.0.0.202411081344/tools/bin/../lib/gcc/arm-none-eabi/13.3.1/../../../../arm-none-eabi/lib/thumb/v7-m/nofp\libm.a
LOAD C:/ST/STM32CubeIDE_1.19.0/STM32CubeIDE/plugins/com.st.stm32cube.ide.mcu.externaltools.gnu-tools-for-stm32.13.3.rel1.win32_1.0.0.202411081344/tools/bin/../lib/gcc/arm-none-eabi/13.3.1/thumb/v7-m/nofp\libgcc.a

.debug_info     0x00000000    0x17322
 .debug_info    0x00000000      0x812 ./Core/Src/adc.o
 .debug_info    0x00000812      0x2cf ./Core/Src/dma.o
 .debug_info    0x00000ae1     0x1049 ./Core/Src/ds18b20.o
 .debug_info    0x00001b2a      0x362 ./Core/Src/gpio.o
 .debug_info    0x00001e8c     0x4554 ./Core/Src/main.o
 .debug_info    0x000063e0     0x1522 ./Core/Src/ow.o
 .debug_info    0x00007902      0x853 ./Core/Src/spi.o
 .debug_info    0x00008155      0x1f1 ./Core/Src/stm32f1xx_hal_msp.o
 .debug_info    0x00008346      0xb63 ./Core/Src/stm32f1xx_it.o
 .debug_info    0x00008ea9      0x222 ./Core/Src/system_stm32f1xx.o
 .debug_info    0x000090cb      0xf7b ./Core/Src/tim.o
 .debug_info    0x0000a046      0xa61 ./Core/Src/usart.o
 .debug_info    0x0000aaa7       0x30 ./Core/Startup/startup_stm32f103c8tx.o
 .debug_info    0x0000aad7      0x704 ./Drivers/STM32F1xx_HAL_Driver/Src/stm32f1xx_hal.o
 .debug_info    0x0000b1db      0xc50 ./Drivers/STM32F1xx_HAL_Driver/Src/stm32f1xx_hal_adc.o
 .debug_info    0x0000be2b      0xa87 ./Drivers/STM32F1xx_HAL_Driver/Src/stm32f1xx_hal_cortex.o
 .debug_info    0x0000c8b2      0x6d2 ./Drivers/STM32F1xx_HAL_Driver/Src/stm32f1xx_hal_dma.o
 .debug_info    0x0000cf84      0x4f8 ./Drivers/STM32F1xx_HAL_Driver/Src/stm32f1xx_hal_flash.o
 .debug_info    0x0000d47c      0x777 ./Drivers/STM32F1xx_HAL_Driver/Src/stm32f1xx_hal_flash_ex.o
 .debug_info    0x0000dbf3      0x5ab ./Drivers/STM32F1xx_HAL_Driver/Src/stm32f1xx_hal_gpio.o
 .debug_info    0x0000e19e      0x7d5 ./Drivers/STM32F1xx_HAL_Driver/Src/stm32f1xx_hal_rcc.o
 .debug_info    0x0000e973      0x3c0 ./Drivers/STM32F1xx_HAL_Driver/Src/stm32f1xx_hal_rcc_ex.o
 .debug_info    0x0000ed33     0x142d ./Drivers/STM32F1xx_HAL_Driver/Src/stm32f1xx_hal_spi.o
 .debug_info    0x00010160     0x2cb7 ./Drivers/STM32F1xx_HAL_Driver/Src/stm32f1xx_hal_tim.o
 .debug_info    0x00012e17     0x161e ./Drivers/STM32F1xx_HAL_Driver/Src/stm32f1xx_hal_tim_ex.o
 .debug_info    0x00014435     0x2eed ./Drivers/STM32F1xx_HAL_Driver/Src/stm32f1xx_hal_uart.o

.debug_abbrev   0x00000000     0x3a84
 .debug_abbrev  0x00000000      0x1fc ./Core/Src/adc.o
 .debug_abbrev  0x000001fc       0xfc ./Core/Src/dma.o
 .debug_abbrev  0x000002f8      0x2c4 ./Core/Src/ds18b20.o
 .debug_abbrev  0x000005bc      0x150 ./Core/Src/gpio.o
 .debug_abbrev  0x0000070c      0x657 ./Core/Src/main.o
 .debug_abbrev  0x00000d63      0x404 ./Core/Src/ow.o
 .debug_abbrev  0x00001167      0x1f8 ./Core/Src/spi.o
 .debug_abbrev  0x0000135f       0xdb ./Core/Src/stm32f1xx_hal_msp.o
 .debug_abbrev  0x0000143a      0x1c9 ./Core/Src/stm32f1xx_it.o
 .debug_abbrev  0x00001603      0x13f ./Core/Src/system_stm32f1xx.o
 .debug_abbrev  0x00001742      0x299 ./Core/Src/tim.o
 .debug_abbrev  0x000019db      0x232 ./Core/Src/usart.o
 .debug_abbrev  0x00001c0d       0x24 ./Core/Startup/startup_stm32f103c8tx.o
 .debug_abbrev  0x00001c31      0x201 ./Drivers/STM32F1xx_HAL_Driver/Src/stm32f1xx_hal.o
 .debug_abbrev  0x00001e32      0x225 ./Drivers/STM32F1xx_HAL_Driver/Src/stm32f1xx_hal_adc.o
 .debug_abbrev  0x00002057      0x2f8 ./Drivers/STM32F1xx_HAL_Driver/Src/stm32f1xx_hal_cortex.o
 .debug_abbrev  0x0000234f      0x20b ./Drivers/STM32F1xx_HAL_Driver/Src/stm32f1xx_hal_dma.o
 .debug_abbrev  0x0000255a      0x250 ./Drivers/STM32F1xx_HAL_Driver/Src/stm32f1xx_hal_flash.o
 .debug_abbrev  0x000027aa      0x247 ./Drivers/STM32F1xx_HAL_Driver/Src/stm32f1xx_hal_flash_ex.o
 .debug_abbrev  0x000029f1      0x1ca ./Drivers/STM32F1xx_HAL_Driver/Src/stm32f1xx_hal_gpio.o
 .debug_abbrev  0x00002bbb      0x2b3 ./Drivers/STM32F1xx_HAL_Driver/Src/stm32f1xx_hal_rcc.o
 .debug_abbrev  0x00002e6e      0x188 ./Drivers/STM32F1xx_HAL_Driver/Src/stm32f1xx_hal_rcc_ex.o
 .debug_abbrev  0x00002ff6      0x27a ./Drivers/STM32F1xx_HAL_Driver/Src/stm32f1xx_hal_spi.o
 .debug_abbrev  0x00003270      0x289 ./Drivers/STM32F1xx_HAL_Driver/Src/stm32f1xx_hal_tim.o
 .debug_abbrev  0x000034f9      0x293 ./Drivers/STM32F1xx_HAL_Driver/Src/stm32f1xx_hal_tim_ex.o
 .debug_abbrev  0x0000378c      0x2f8 ./Drivers/STM32F1xx_HAL_Driver/Src/stm32f1xx_hal_uart.o

.debug_aranges  0x00000000     0x1418
 .debug_aranges
                0x00000000       0x38 ./Core/Src/adc.o
 .debug_aranges
                0x00000038       0x20 ./Core/Src/dma.o
 .debug_aranges
                0x00000058       0x70 ./Core/Src/ds18b20.o
 .debug_aranges
                0x000000c8       0x20 ./Core/Src/gpio.o
 .debug_aranges
                0x000000e8      0x250 ./Core/Src/main.o
 .debug_aranges
                0x00000338       0x78 ./Core/Src/ow.o
 .debug_aranges
                0x000003b0       0x30 ./Core/Src/spi.o
 .debug_aranges
                0x000003e0       0x20 ./Core/Src/stm32f1xx_hal_msp.o
 .debug_aranges
                0x00000400       0x90 ./Core/Src/stm32f1xx_it.o
 .debug_aranges
                0x00000490       0x28 ./Core/Src/system_stm32f1xx.o
 .debug_aranges
                0x000004b8       0x50 ./Core/Src/tim.o
 .debug_aranges
                0x00000508       0x38 ./Core/Src/usart.o
 .debug_aranges
                0x00000540       0x28 ./Core/Startup/startup_stm32f103c8tx.o
 .debug_aranges
                0x00000568       0xe0 ./Drivers/STM32F1xx_HAL_Driver/Src/stm32f1xx_hal.o
 .debug_aranges
                0x00000648       0xf0 ./Drivers/STM32F1xx_HAL_Driver/Src/stm32f1xx_hal_adc.o
 .debug_aranges
                0x00000738      0x100 ./Drivers/STM32F1xx_HAL_Driver/Src/stm32f1xx_hal_cortex.o
 .debug_aranges
                0x00000838       0x80 ./Drivers/STM32F1xx_HAL_Driver/Src/stm32f1xx_hal_dma.o
 .debug_aranges
                0x000008b8       0x88 ./Drivers/STM32F1xx_HAL_Driver/Src/stm32f1xx_hal_flash.o
 .debug_aranges
                0x00000940       0x98 ./Drivers/STM32F1xx_HAL_Driver/Src/stm32f1xx_hal_flash_ex.o
 .debug_aranges
                0x000009d8       0x58 ./Drivers/STM32F1xx_HAL_Driver/Src/stm32f1xx_hal_gpio.o
 .debug_aranges
                0x00000a30       0x90 ./Drivers/STM32F1xx_HAL_Driver/Src/stm32f1xx_hal_rcc.o
 .debug_aranges
                0x00000ac0       0x30 ./Drivers/STM32F1xx_HAL_Driver/Src/stm32f1xx_hal_rcc_ex.o
 .debug_aranges
                0x00000af0      0x1d0 ./Drivers/STM32F1xx_HAL_Driver/Src/stm32f1xx_hal_spi.o
 .debug_aranges
                0x00000cc0      0x3e8 ./Drivers/STM32F1xx_HAL_Driver/Src/stm32f1xx_hal_tim.o
 .debug_aranges
                0x000010a8      0x168 ./Drivers/STM32F1xx_HAL_Driver/Src/stm32f1xx_hal_tim_ex.o
 .debug_aranges
                0x00001210      0x208 ./Drivers/STM32F1xx_HAL_Driver/Src/stm32f1xx_hal_uart.o

.debug_rnglists
                0x00000000     0x100e
 .debug_rnglists
                0x00000000       0x25 ./Core/Src/adc.o
 .debug_rnglists
                0x00000025       0x13 ./Core/Src/dma.o
 .debug_rnglists
                0x00000038       0x51 ./Core/Src/ds18b20.o
 .debug_rnglists
                0x00000089       0x14 ./Core/Src/gpio.o
 .debug_rnglists
                0x0000009d      0x245 ./Core/Src/main.o
 .debug_rnglists
                0x000002e2       0x5a ./Core/Src/ow.o
 .debug_rnglists
                0x0000033c       0x20 ./Core/Src/spi.o
 .debug_rnglists
                0x0000035c       0x13 ./Core/Src/stm32f1xx_hal_msp.o
 .debug_rnglists
                0x0000036f       0x67 ./Core/Src/stm32f1xx_it.o
 .debug_rnglists
                0x000003d6       0x1a ./Core/Src/system_stm32f1xx.o
 .debug_rnglists
                0x000003f0       0x3d ./Core/Src/tim.o
 .debug_rnglists
                0x0000042d       0x27 ./Core/Src/usart.o
 .debug_rnglists
                0x00000454       0x19 ./Core/Startup/startup_stm32f103c8tx.o
 .debug_rnglists
                0x0000046d       0xa3 ./Drivers/STM32F1xx_HAL_Driver/Src/stm32f1xx_hal.o
 .debug_rnglists
                0x00000510       0xbc ./Drivers/STM32F1xx_HAL_Driver/Src/stm32f1xx_hal_adc.o
 .debug_rnglists
                0x000005cc       0xbb ./Drivers/STM32F1xx_HAL_Driver/Src/stm32f1xx_hal_cortex.o
 .debug_rnglists
                0x00000687       0x64 ./Drivers/STM32F1xx_HAL_Driver/Src/stm32f1xx_hal_dma.o
 .debug_rnglists
                0x000006eb       0x66 ./Drivers/STM32F1xx_HAL_Driver/Src/stm32f1xx_hal_flash.o
 .debug_rnglists
                0x00000751       0x73 ./Drivers/STM32F1xx_HAL_Driver/Src/stm32f1xx_hal_flash_ex.o
 .debug_rnglists
                0x000007c4       0x3f ./Drivers/STM32F1xx_HAL_Driver/Src/stm32f1xx_hal_gpio.o
 .debug_rnglists
                0x00000803       0x6c ./Drivers/STM32F1xx_HAL_Driver/Src/stm32f1xx_hal_rcc.o
 .debug_rnglists
                0x0000086f       0x21 ./Drivers/STM32F1xx_HAL_Driver/Src/stm32f1xx_hal_rcc_ex.o
 .debug_rnglists
                0x00000890      0x16e ./Drivers/STM32F1xx_HAL_Driver/Src/stm32f1xx_hal_spi.o
 .debug_rnglists
                0x000009fe      0x32f ./Drivers/STM32F1xx_HAL_Driver/Src/stm32f1xx_hal_tim.o
 .debug_rnglists
                0x00000d2d      0x125 ./Drivers/STM32F1xx_HAL_Driver/Src/stm32f1xx_hal_tim_ex.o
 .debug_rnglists
                0x00000e52      0x1bc ./Drivers/STM32F1xx_HAL_Driver/Src/stm32f1xx_hal_uart.o

.debug_macro    0x00000000    0x1a35e
 .debug_macro   0x00000000      0x1da ./Core/Src/adc.o
 .debug_macro   0x000001da      0xacc ./Core/Src/adc.o
 .debug_macro   0x00000ca6      0x22d ./Core/Src/adc.o
 .debug_macro   0x00000ed3       0x2e ./Core/Src/adc.o
 .debug_macro   0x00000f01       0x22 ./Core/Src/adc.o
 .debug_macro   0x00000f23       0x22 ./Core/Src/adc.o
 .debug_macro   0x00000f45       0x8e ./Core/Src/adc.o
 .debug_macro   0x00000fd3       0x51 ./Core/Src/adc.o
 .debug_macro   0x00001024      0x103 ./Core/Src/adc.o
 .debug_macro   0x00001127       0x6a ./Core/Src/adc.o
 .debug_macro   0x00001191      0x1df ./Core/Src/adc.o
 .debug_macro   0x00001370       0x1c ./Core/Src/adc.o
 .debug_macro   0x0000138c       0x22 ./Core/Src/adc.o
 .debug_macro   0x000013ae       0xbd ./Core/Src/adc.o
 .debug_macro   0x0000146b      0xd23 ./Core/Src/adc.o
 .debug_macro   0x0000218e     0xe09e ./Core/Src/adc.o
 .debug_macro   0x0001022c       0x6d ./Core/Src/adc.o
 .debug_macro   0x00010299     0x34a2 ./Core/Src/adc.o
 .debug_macro   0x0001373b      0x190 ./Core/Src/adc.o
 .debug_macro   0x000138cb       0x5c ./Core/Src/adc.o
 .debug_macro   0x00013927      0x5bc ./Core/Src/adc.o
 .debug_macro   0x00013ee3      0x289 ./Core/Src/adc.o
 .debug_macro   0x0001416c      0x1cb ./Core/Src/adc.o
 .debug_macro   0x00014337      0x114 ./Core/Src/adc.o
 .debug_macro   0x0001444b      0x1b2 ./Core/Src/adc.o
 .debug_macro   0x000145fd       0x27 ./Core/Src/adc.o
 .debug_macro   0x00014624      0x136 ./Core/Src/adc.o
 .debug_macro   0x0001475a      0x1bc ./Core/Src/adc.o
 .debug_macro   0x00014916       0x34 ./Core/Src/adc.o
 .debug_macro   0x0001494a       0x3c ./Core/Src/adc.o
 .debug_macro   0x00014986       0x57 ./Core/Src/adc.o
 .debug_macro   0x000149dd      0x46a ./Core/Src/adc.o
 .debug_macro   0x00014e47      0x1b5 ./Core/Src/adc.o
 .debug_macro   0x00014ffc       0x87 ./Core/Src/adc.o
 .debug_macro   0x00015083      0x240 ./Core/Src/adc.o
 .debug_macro   0x000152c3      0x140 ./Core/Src/adc.o
 .debug_macro   0x00015403      0x217 ./Core/Src/adc.o
 .debug_macro   0x0001561a      0x8ed ./Core/Src/adc.o
 .debug_macro   0x00015f07      0x28e ./Core/Src/adc.o
 .debug_macro   0x00016195       0x83 ./Core/Src/adc.o
 .debug_macro   0x00016218       0xe1 ./Core/Src/adc.o
 .debug_macro   0x000162f9      0x1da ./Core/Src/dma.o
 .debug_macro   0x000164d3      0x1fb ./Core/Src/ds18b20.o
 .debug_macro   0x000166ce       0x22 ./Core/Src/ds18b20.o
 .debug_macro   0x000166f0       0x46 ./Core/Src/ds18b20.o
 .debug_macro   0x00016736       0x10 ./Core/Src/ds18b20.o
 .debug_macro   0x00016746      0x1da ./Core/Src/gpio.o
 .debug_macro   0x00016920      0x3fc ./Core/Src/main.o
 .debug_macro   0x00016d1c       0x2e ./Core/Src/main.o
 .debug_macro   0x00016d4a       0x1c ./Core/Src/main.o
 .debug_macro   0x00016d66       0x1c ./Core/Src/main.o
 .debug_macro   0x00016d82       0x61 ./Core/Src/main.o
 .debug_macro   0x00016de3       0x24 ./Core/Src/main.o
 .debug_macro   0x00016e07       0x43 ./Core/Src/main.o
 .debug_macro   0x00016e4a       0x34 ./Core/Src/main.o
 .debug_macro   0x00016e7e      0x370 ./Core/Src/main.o
 .debug_macro   0x000171ee       0x16 ./Core/Src/main.o
 .debug_macro   0x00017204       0x4a ./Core/Src/main.o
 .debug_macro   0x0001724e       0x34 ./Core/Src/main.o
 .debug_macro   0x00017282       0x10 ./Core/Src/main.o
 .debug_macro   0x00017292       0x58 ./Core/Src/main.o
 .debug_macro   0x000172ea       0x8e ./Core/Src/main.o
 .debug_macro   0x00017378       0x1c ./Core/Src/main.o
 .debug_macro   0x00017394      0x185 ./Core/Src/main.o
 .debug_macro   0x00017519       0x10 ./Core/Src/main.o
 .debug_macro   0x00017529       0x3c ./Core/Src/main.o
 .debug_macro   0x00017565       0x20 ./Core/Src/main.o
 .debug_macro   0x00017585       0xbf ./Core/Src/main.o
 .debug_macro   0x00017644       0x34 ./Core/Src/main.o
 .debug_macro   0x00017678       0x10 ./Core/Src/main.o
 .debug_macro   0x00017688      0x19b ./Core/Src/main.o
 .debug_macro   0x00017823       0x1c ./Core/Src/main.o
 .debug_macro   0x0001783f       0x10 ./Core/Src/main.o
 .debug_macro   0x0001784f       0x1c ./Core/Src/main.o
 .debug_macro   0x0001786b       0x16 ./Core/Src/main.o
 .debug_macro   0x00017881      0x146 ./Core/Src/main.o
 .debug_macro   0x000179c7       0x57 ./Core/Src/main.o
 .debug_macro   0x00017a1e       0x18 ./Core/Src/main.o
 .debug_macro   0x00017a36       0x7b ./Core/Src/main.o
 .debug_macro   0x00017ab1       0x3f ./Core/Src/main.o
 .debug_macro   0x00017af0       0x34 ./Core/Src/main.o
 .debug_macro   0x00017b24       0x34 ./Core/Src/main.o
 .debug_macro   0x00017b58       0x34 ./Core/Src/main.o
 .debug_macro   0x00017b8c       0x34 ./Core/Src/main.o
 .debug_macro   0x00017bc0       0x34 ./Core/Src/main.o
 .debug_macro   0x00017bf4       0x34 ./Core/Src/main.o
 .debug_macro   0x00017c28       0x34 ./Core/Src/main.o
 .debug_macro   0x00017c5c       0x12 ./Core/Src/main.o
 .debug_macro   0x00017c6e      0x2b4 ./Core/Src/ow.o
 .debug_macro   0x00017f22       0x5b ./Core/Src/ow.o
 .debug_macro   0x00017f7d       0x94 ./Core/Src/ow.o
 .debug_macro   0x00018011       0x57 ./Core/Src/ow.o
 .debug_macro   0x00018068       0x56 ./Core/Src/ow.o
 .debug_macro   0x000180be      0x1da ./Core/Src/spi.o
 .debug_macro   0x00018298      0x1d0 ./Core/Src/stm32f1xx_hal_msp.o
 .debug_macro   0x00018468      0x1da ./Core/Src/stm32f1xx_it.o
 .debug_macro   0x00018642      0x1c1 ./Core/Src/system_stm32f1xx.o
 .debug_macro   0x00018803      0x1da ./Core/Src/tim.o
 .debug_macro   0x000189dd      0x1da ./Core/Src/usart.o
 .debug_macro   0x00018bb7      0x1e5 ./Drivers/STM32F1xx_HAL_Driver/Src/stm32f1xx_hal.o
 .debug_macro   0x00018d9c      0x1de ./Drivers/STM32F1xx_HAL_Driver/Src/stm32f1xx_hal_adc.o
 .debug_macro   0x00018f7a      0x1c1 ./Drivers/STM32F1xx_HAL_Driver/Src/stm32f1xx_hal_cortex.o
 .debug_macro   0x0001913b      0x1c1 ./Drivers/STM32F1xx_HAL_Driver/Src/stm32f1xx_hal_dma.o
 .debug_macro   0x000192fc      0x1c1 ./Drivers/STM32F1xx_HAL_Driver/Src/stm32f1xx_hal_flash.o
 .debug_macro   0x000194bd      0x1d3 ./Drivers/STM32F1xx_HAL_Driver/Src/stm32f1xx_hal_flash_ex.o
 .debug_macro   0x00019690      0x22c ./Drivers/STM32F1xx_HAL_Driver/Src/stm32f1xx_hal_gpio.o
 .debug_macro   0x000198bc      0x1d3 ./Drivers/STM32F1xx_HAL_Driver/Src/stm32f1xx_hal_rcc.o
 .debug_macro   0x00019a8f      0x1c1 ./Drivers/STM32F1xx_HAL_Driver/Src/stm32f1xx_hal_rcc_ex.o
 .debug_macro   0x00019c50      0x1c9 ./Drivers/STM32F1xx_HAL_Driver/Src/stm32f1xx_hal_spi.o
 .debug_macro   0x00019e19      0x1c2 ./Drivers/STM32F1xx_HAL_Driver/Src/stm32f1xx_hal_tim.o
 .debug_macro   0x00019fdb      0x1c1 ./Drivers/STM32F1xx_HAL_Driver/Src/stm32f1xx_hal_tim_ex.o
 .debug_macro   0x0001a19c      0x1c2 ./Drivers/STM32F1xx_HAL_Driver/Src/stm32f1xx_hal_uart.o

.debug_line     0x00000000    0x19251
 .debug_line    0x00000000      0x7d8 ./Core/Src/adc.o
 .debug_line    0x000007d8      0x742 ./Core/Src/dma.o
 .debug_line    0x00000f1a      0x973 ./Core/Src/ds18b20.o
 .debug_line    0x0000188d      0x790 ./Core/Src/gpio.o
 .debug_line    0x0000201d     0x2e36 ./Core/Src/main.o
 .debug_line    0x00004e53     0x1294 ./Core/Src/ow.o
 .debug_line    0x000060e7      0x7be ./Core/Src/spi.o
 .debug_line    0x000068a5      0x745 ./Core/Src/stm32f1xx_hal_msp.o
 .debug_line    0x00006fea      0x884 ./Core/Src/stm32f1xx_it.o
 .debug_line    0x0000786e      0x7c3 ./Core/Src/system_stm32f1xx.o
 .debug_line    0x00008031      0x9c2 ./Core/Src/tim.o
 .debug_line    0x000089f3      0x881 ./Core/Src/usart.o
 .debug_line    0x00009274       0x78 ./Core/Startup/startup_stm32f103c8tx.o
 .debug_line    0x000092ec      0x9f4 ./Drivers/STM32F1xx_HAL_Driver/Src/stm32f1xx_hal.o
 .debug_line    0x00009ce0     0x1019 ./Drivers/STM32F1xx_HAL_Driver/Src/stm32f1xx_hal_adc.o
 .debug_line    0x0000acf9      0xbbe ./Drivers/STM32F1xx_HAL_Driver/Src/stm32f1xx_hal_cortex.o
 .debug_line    0x0000b8b7      0xdfe ./Drivers/STM32F1xx_HAL_Driver/Src/stm32f1xx_hal_dma.o
 .debug_line    0x0000c6b5      0xaa8 ./Drivers/STM32F1xx_HAL_Driver/Src/stm32f1xx_hal_flash.o
 .debug_line    0x0000d15d      0xbbb ./Drivers/STM32F1xx_HAL_Driver/Src/stm32f1xx_hal_flash_ex.o
 .debug_line    0x0000dd18      0xa51 ./Drivers/STM32F1xx_HAL_Driver/Src/stm32f1xx_hal_gpio.o
 .debug_line    0x0000e769      0xead ./Drivers/STM32F1xx_HAL_Driver/Src/stm32f1xx_hal_rcc.o
 .debug_line    0x0000f616      0x95e ./Drivers/STM32F1xx_HAL_Driver/Src/stm32f1xx_hal_rcc_ex.o
 .debug_line    0x0000ff74     0x1c8b ./Drivers/STM32F1xx_HAL_Driver/Src/stm32f1xx_hal_spi.o
 .debug_line    0x00011bff     0x3869 ./Drivers/STM32F1xx_HAL_Driver/Src/stm32f1xx_hal_tim.o
 .debug_line    0x00015468     0x18d9 ./Drivers/STM32F1xx_HAL_Driver/Src/stm32f1xx_hal_tim_ex.o
 .debug_line    0x00016d41     0x2510 ./Drivers/STM32F1xx_HAL_Driver/Src/stm32f1xx_hal_uart.o

.debug_str      0x00000000    0x96b40
 .debug_str     0x00000000    0x96b40 ./Core/Src/adc.o
                              0x89f8e (size before relaxing)
 .debug_str     0x00096b40    0x89e05 ./Core/Src/dma.o
 .debug_str     0x00096b40    0x8a85f ./Core/Src/ds18b20.o
 .debug_str     0x00096b40    0x89bd5 ./Core/Src/gpio.o
 .debug_str     0x00096b40    0x93448 ./Core/Src/main.o
 .debug_str     0x00096b40    0x8dc3e ./Core/Src/ow.o
 .debug_str     0x00096b40    0x89fe6 ./Core/Src/spi.o
 .debug_str     0x00096b40    0x89b2f ./Core/Src/stm32f1xx_hal_msp.o
 .debug_str     0x00096b40    0x8a5b0 ./Core/Src/stm32f1xx_it.o
 .debug_str     0x00096b40    0x89853 ./Core/Src/system_stm32f1xx.o
 .debug_str     0x00096b40    0x8a92f ./Core/Src/tim.o
 .debug_str     0x00096b40    0x8a38d ./Core/Src/usart.o
 .debug_str     0x00096b40       0x7c ./Core/Startup/startup_stm32f103c8tx.o
 .debug_str     0x00096b40    0x89f86 ./Drivers/STM32F1xx_HAL_Driver/Src/stm32f1xx_hal.o
 .debug_str     0x00096b40    0x89f37 ./Drivers/STM32F1xx_HAL_Driver/Src/stm32f1xx_hal_adc.o
 .debug_str     0x00096b40    0x89ed2 ./Drivers/STM32F1xx_HAL_Driver/Src/stm32f1xx_hal_cortex.o
 .debug_str     0x00096b40    0x89bfc ./Drivers/STM32F1xx_HAL_Driver/Src/stm32f1xx_hal_dma.o
 .debug_str     0x00096b40    0x89b2e ./Drivers/STM32F1xx_HAL_Driver/Src/stm32f1xx_hal_flash.o
 .debug_str     0x00096b40    0x89cdc ./Drivers/STM32F1xx_HAL_Driver/Src/stm32f1xx_hal_flash_ex.o
 .debug_str     0x00096b40    0x89bd9 ./Drivers/STM32F1xx_HAL_Driver/Src/stm32f1xx_hal_gpio.o
 .debug_str     0x00096b40    0x89c82 ./Drivers/STM32F1xx_HAL_Driver/Src/stm32f1xx_hal_rcc.o
 .debug_str     0x00096b40    0x899d2 ./Drivers/STM32F1xx_HAL_Driver/Src/stm32f1xx_hal_rcc_ex.o
 .debug_str     0x00096b40    0x8a179 ./Drivers/STM32F1xx_HAL_Driver/Src/stm32f1xx_hal_spi.o
 .debug_str     0x00096b40    0x8b2f7 ./Drivers/STM32F1xx_HAL_Driver/Src/stm32f1xx_hal_tim.o
 .debug_str     0x00096b40    0x8a6ec ./Drivers/STM32F1xx_HAL_Driver/Src/stm32f1xx_hal_tim_ex.o
 .debug_str     0x00096b40    0x8a2f3 ./Drivers/STM32F1xx_HAL_Driver/Src/stm32f1xx_hal_uart.o

.comment        0x00000000       0x43
 .comment       0x00000000       0x43 ./Core/Src/adc.o
                                 0x44 (size before relaxing)
 .comment       0x00000043       0x44 ./Core/Src/dma.o
 .comment       0x00000043       0x44 ./Core/Src/ds18b20.o
 .comment       0x00000043       0x44 ./Core/Src/gpio.o
 .comment       0x00000043       0x44 ./Core/Src/main.o
 .comment       0x00000043       0x44 ./Core/Src/ow.o
 .comment       0x00000043       0x44 ./Core/Src/spi.o
 .comment       0x00000043       0x44 ./Core/Src/stm32f1xx_hal_msp.o
 .comment       0x00000043       0x44 ./Core/Src/stm32f1xx_it.o
 .comment       0x00000043       0x44 ./Core/Src/system_stm32f1xx.o
 .comment       0x00000043       0x44 ./Core/Src/tim.o
 .comment       0x00000043       0x44 ./Core/Src/usart.o
 .comment       0x00000043       0x44 ./Drivers/STM32F1xx_HAL_Driver/Src/stm32f1xx_hal.o
 .comment       0x00000043       0x44 ./Drivers/STM32F1xx_HAL_Driver/Src/stm32f1xx_hal_adc.o
 .comment       0x00000043       0x44 ./Drivers/STM32F1xx_HAL_Driver/Src/stm32f1xx_hal_cortex.o
 .comment       0x00000043       0x44 ./Drivers/STM32F1xx_HAL_Driver/Src/stm32f1xx_hal_dma.o
 .comment       0x00000043       0x44 ./Drivers/STM32F1xx_HAL_Driver/Src/stm32f1xx_hal_flash.o
 .comment       0x00000043       0x44 ./Drivers/STM32F1xx_HAL_Driver/Src/stm32f1xx_hal_flash_ex.o