Archive member included to satisfy reference by file (symbol)

C:/ST/STM32CubeIDE_2.1.1/STM32CubeIDE/plugins/com.st.stm32cube.ide.mcu.externaltools.gnu-tools-for-stm32.13.3.rel1.win32_1.0.100.202509120712/tools/bin/../lib/gcc/arm-none-eabi/13.3.1/../../../../arm-none-eabi/lib/thumb/v7-m/nofp\libc_nano.a(libc_a-exit.o)
                              C:/ST/STM32CubeIDE_2.1.1/STM32CubeIDE/plugins/com.st.stm32cube.ide.mcu.externaltools.gnu-tools-for-stm32.13.3.rel1.win32_1.0.100.202509120712/tools/bin/../lib/gcc/arm-none-eabi/13.3.1/../../../../arm-none-eabi/lib/thumb/v7-m/nofp/crt0.o (exit)
C:/ST/STM32CubeIDE_2.1.1/STM32CubeIDE/plugins/com.st.stm32cube.ide.mcu.externaltools.gnu-tools-for-stm32.13.3.rel1.win32_1.0.100.202509120712/tools/bin/../lib/gcc/arm-none-eabi/13.3.1/../../../../arm-none-eabi/lib/thumb/v7-m/nofp\libc_nano.a(libc_a-findfp.o)
                              C:/ST/STM32CubeIDE_2.1.1/STM32CubeIDE/plugins/com.st.stm32cube.ide.mcu.externaltools.gnu-tools-for-stm32.13.3.rel1.win32_1.0.100.202509120712/tools/bin/../lib/gcc/arm-none-eabi/13.3.1/../../../../arm-none-eabi/lib/thumb/v7-m/nofp\libc_nano.a(libc_a-exit.o) (__stdio_exit_handler)
C:/ST/STM32CubeIDE_2.1.1/STM32CubeIDE/plugins/com.st.stm32cube.ide.mcu.externaltools.gnu-tools-for-stm32.13.3.rel1.win32_1.0.100.202509120712/tools/bin/../lib/gcc/arm-none-eabi/13.3.1/../../../../arm-none-eabi/lib/thumb/v7-m/nofp\libc_nano.a(libc_a-fwalk.o)
                              C:/ST/STM32CubeIDE_2.1.1/STM32CubeIDE/plugins/com.st.stm32cube.ide.mcu.externaltools.gnu-tools-for-stm32.13.3.rel1.win32_1.0.100.202509120712/tools/bin/../lib/gcc/arm-none-eabi/13.3.1/../../../../arm-none-eabi/lib/thumb/v7-m/nofp\libc_nano.a(libc_a-findfp.o) (_fwalk_sglue)
C:/ST/STM32CubeIDE_2.1.1/STM32CubeIDE/plugins/com.st.stm32cube.ide.mcu.externaltools.gnu-tools-for-stm32.13.3.rel1.win32_1.0.100.202509120712/tools/bin/../lib/gcc/arm-none-eabi/13.3.1/../../../../arm-none-eabi/lib/thumb/v7-m/nofp\libc_nano.a(libc_a-stdio.o)
                              C:/ST/STM32CubeIDE_2.1.1/STM32CubeIDE/plugins/com.st.stm32cube.ide.mcu.externaltools.gnu-tools-for-stm32.13.3.rel1.win32_1.0.100.202509120712/tools/bin/../lib/gcc/arm-none-eabi/13.3.1/../../../../arm-none-eabi/lib/thumb/v7-m/nofp\libc_nano.a(libc_a-findfp.o) (__sread)
C:/ST/STM32CubeIDE_2.1.1/STM32CubeIDE/plugins/com.st.stm32cube.ide.mcu.externaltools.gnu-tools-for-stm32.13.3.rel1.win32_1.0.100.202509120712/tools/bin/../lib/gcc/arm-none-eabi/13.3.1/../../../../arm-none-eabi/lib/thumb/v7-m/nofp\libc_nano.a(libc_a-memcmp.o)
                              ./Core/Src/App/comm.o (memcmp)
C:/ST/STM32CubeIDE_2.1.1/STM32CubeIDE/plugins/com.st.stm32cube.ide.mcu.externaltools.gnu-tools-for-stm32.13.3.rel1.win32_1.0.100.202509120712/tools/bin/../lib/gcc/arm-none-eabi/13.3.1/../../../../arm-none-eabi/lib/thumb/v7-m/nofp\libc_nano.a(libc_a-memset.o)
                              C:/ST/STM32CubeIDE_2.1.1/STM32CubeIDE/plugins/com.st.stm32cube.ide.mcu.externaltools.gnu-tools-for-stm32.13.3.rel1.win32_1.0.100.202509120712/tools/bin/../lib/gcc/arm-none-eabi/13.3.1/../../../../arm-none-eabi/lib/thumb/v7-m/nofp/crt0.o (memset)
C:/ST/STM32CubeIDE_2.1.1/STM32CubeIDE/plugins/com.st.stm32cube.ide.mcu.externaltools.gnu-tools-for-stm32.13.3.rel1.win32_1.0.100.202509120712/tools/bin/../lib/gcc/arm-none-eabi/13.3.1/../../../../arm-none-eabi/lib/thumb/v7-m/nofp\libc_nano.a(libc_a-closer.o)
                              C:/ST/STM32CubeIDE_2.1.1/STM32CubeIDE/plugins/com.st.stm32cube.ide.mcu.externaltools.gnu-tools-for-stm32.13.3.rel1.win32_1.0.100.202509120712/tools/bin/../lib/gcc/arm-none-eabi/13.3.1/../../../../arm-none-eabi/lib/thumb/v7-m/nofp\libc_nano.a(libc_a-stdio.o) (_close_r)
C:/ST/STM32CubeIDE_2.1.1/STM32CubeIDE/plugins/com.st.stm32cube.ide.mcu.externaltools.gnu-tools-for-stm32.13.3.rel1.win32_1.0.100.202509120712/tools/bin/../lib/gcc/arm-none-eabi/13.3.1/../../../../arm-none-eabi/lib/thumb/v7-m/nofp\libc_nano.a(libc_a-reent.o)
                              C:/ST/STM32CubeIDE_2.1.1/STM32CubeIDE/plugins/com.st.stm32cube.ide.mcu.externaltools.gnu-tools-for-stm32.13.3.rel1.win32_1.0.100.202509120712/tools/bin/../lib/gcc/arm-none-eabi/13.3.1/../../../../arm-none-eabi/lib/thumb/v7-m/nofp\libc_nano.a(libc_a-closer.o) (errno)
C:/ST/STM32CubeIDE_2.1.1/STM32CubeIDE/plugins/com.st.stm32cube.ide.mcu.externaltools.gnu-tools-for-stm32.13.3.rel1.win32_1.0.100.202509120712/tools/bin/../lib/gcc/arm-none-eabi/13.3.1/../../../../arm-none-eabi/lib/thumb/v7-m/nofp\libc_nano.a(libc_a-impure.o)
                              C:/ST/STM32CubeIDE_2.1.1/STM32CubeIDE/plugins/com.st.stm32cube.ide.mcu.externaltools.gnu-tools-for-stm32.13.3.rel1.win32_1.0.100.202509120712/tools/bin/../lib/gcc/arm-none-eabi/13.3.1/../../../../arm-none-eabi/lib/thumb/v7-m/nofp\libc_nano.a(libc_a-reent.o) (_impure_ptr)
[...]
Memory Configuration

Name             Origin             Length             Attributes
RAM              0x20000000         0x00005000         xrw
FLASH            0x08003000         0x0000f000         xr
FW_FLAG          0x08012000         0x00000400         xr
FLAGS            0x08012400         0x00000400         xr
*default*        0x00000000         0xffffffff

Linker script and memory map

LOAD C:/ST/STM32CubeIDE_2.1.1/STM32CubeIDE/plugins/com.st.stm32cube.ide.mcu.externaltools.gnu-tools-for-stm32.13.3.rel1.win32_1.0.100.202509120712/tools/bin/../lib/gcc/arm-none-eabi/13.3.1/thumb/v7-m/nofp/crti.o
LOAD C:/ST/STM32CubeIDE_2.1.1/STM32CubeIDE/plugins/com.st.stm32cube.ide.mcu.externaltools.gnu-tools-for-stm32.13.3.rel1.win32_1.0.100.202509120712/tools/bin/../lib/gcc/arm-none-eabi/13.3.1/thumb/v7-m/nofp/crtbegin.o
LOAD C:/ST/STM32CubeIDE_2.1.1/STM32CubeIDE/plugins/com.st.stm32cube.ide.mcu.externaltools.gnu-tools-for-stm32.13.3.rel1.win32_1.0.100.202509120712/tools/bin/../lib/gcc/arm-none-eabi/13.3.1/../../../../arm-none-eabi/lib/thumb/v7-m/nofp/crt0.o
LOAD ./Core/Src/App/comm.o
LOAD ./Core/Src/App/config.o
LOAD ./Core/Src/App/flasher.o
LOAD ./Core/Src/App/input_proto.o
LOAD ./Core/Src/App/state_machine.o
LOAD ./Core/Src/Drivers/flash_drv.o
LOAD ./Core/Src/Drivers/heater_drv.o
LOAD ./Core/Src/Drivers/pwm_drv.o
LOAD ./Core/Src/Drivers/servo_drv.o
LOAD ./Core/Src/Drivers/switches_drv.o
LOAD ./Core/Src/Drivers/thermo_drv.o
LOAD ./Core/Src/Drivers/uart_drv.o
LOAD ./Core/Src/Drivers/voltage_drv.o
LOAD ./Core/Src/adc.o
LOAD ./Core/Src/app.o
LOAD ./Core/Src/dma.o
LOAD ./Core/Src/ds18b20.o
LOAD ./Core/Src/fw_flags.o
LOAD ./Core/Src/gpio.o
LOAD ./Core/Src/main.o
LOAD ./Core/Src/ow.o
LOAD ./Core/Src/rtc.o
LOAD ./Core/Src/spi.o
LOAD ./Core/Src/stm32f1xx_hal_msp.o
LOAD ./Core/Src/stm32f1xx_it.o
LOAD ./Core/Src/syscalls.o
LOAD ./Core/Src/sysmem.o
LOAD ./Core/Src/system_stm32f1xx.o
LOAD ./Core/Src/temparature.o
LOAD ./Core/Src/tim.o
LOAD ./Core/Src/usart.o
LOAD ./Core/Startup/startup_stm32f103c8tx.o
LOAD ./Drivers/STM32F1xx_HAL_Driver/Src/stm32f1xx_hal.o
LOAD ./Drivers/STM32F1xx_HAL_Driver/Src/stm32f1xx_hal_adc.o
LOAD ./Drivers/STM32F1xx_HAL_Driver/Src/stm32f1xx_hal_adc_ex.o
LOAD ./Drivers/STM32F1xx_HAL_Driver/Src/stm32f1xx_hal_cortex.o
LOAD ./Drivers/STM32F1xx_HAL_Driver/Src/stm32f1xx_hal_dma.o
LOAD ./Drivers/STM32F1xx_HAL_Driver/Src/stm32f1xx_hal_exti.o
LOAD ./Drivers/STM32F1xx_HAL_Driver/Src/stm32f1xx_hal_flash.o
LOAD ./Drivers/STM32F1xx_HAL_Driver/Src/stm32f1xx_hal_flash_ex.o
LOAD ./Drivers/STM32F1xx_HAL_Driver/Src/stm32f1xx_hal_gpio.o
LOAD ./Drivers/STM32F1xx_HAL_Driver/Src/stm32f1xx_hal_gpio_ex.o
LOAD ./Drivers/STM32F1xx_HAL_Driver/Src/stm32f1xx_hal_pwr.o
LOAD ./Drivers/STM32F1xx_HAL_Driver/Src/stm32f1xx_hal_rcc.o
LOAD ./Drivers/STM32F1xx_HAL_Driver/Src/stm32f1xx_hal_rcc_ex.o
LOAD ./Drivers/STM32F1xx_HAL_Driver/Src/stm32f1xx_hal_rtc.o
LOAD ./Drivers/STM32F1xx_HAL_Driver/Src/stm32f1xx_hal_rtc_ex.o
LOAD ./Drivers/STM32F1xx_HAL_Driver/Src/stm32f1xx_hal_spi.o
LOAD ./Drivers/STM32F1xx_HAL_Driver/Src/stm32f1xx_hal_tim.o
LOAD ./Drivers/STM32F1xx_HAL_Driver/Src/stm32f1xx_hal_tim_ex.o
LOAD ./Drivers/STM32F1xx_HAL_Driver/Src/stm32f1xx_hal_uart.o
START GROUP
LOAD C:/ST/STM32CubeIDE_2.1.1/STM32CubeIDE/plugins/com.st.stm32cube.ide.mcu.externaltools.gnu-tools-for-stm32.13.3.rel1.win32_1.0.100.202509120712/tools/bin/../lib/gcc/arm-none-eabi/13.3.1/../../../../arm-none-eabi/lib/thumb/v7-m/nofp\libc_nano.a
LOAD C:/ST/STM32CubeIDE_2.1.1/STM32CubeIDE/plugins/com.st.stm32cube.ide.mcu.externaltools.gnu-tools-for-stm32.13.3.rel1.win32_1.0.100.202509120712/tools/bin/../lib/gcc/arm-none-eabi/13.3.1/../../../../arm-none-eabi/lib/thumb/v7-m/nofp\libm.a
END GROUP
START GROUP
LOAD C:/ST/STM32CubeIDE_2.1.1/STM32CubeIDE/plugins/com.st.stm32cube.ide.mcu.externaltools.gnu-tools-for-stm32.13.3.rel1.win32_1.0.100.202509120712/tools/bin/../lib/gcc/arm-none-eabi/13.3.1/thumb/v7-m/nofp\libgcc.a
LOAD C:/ST/STM32CubeIDE_2.1.1/STM32CubeIDE/plugins/com.st.stm32cube.ide.mcu.externaltools.gnu-tools-for-stm32.13.3.rel1.win32_1.0.100.202509120712/tools/bin/../lib/gcc/arm-none-eabi/13.3.1/../../../../arm-none-eabi/lib/thumb/v7-m/nofp\libc_nano.a
END GROUP
START GROUP
LOAD C:/ST/STM32CubeIDE_2.1.1/STM32CubeIDE/plugins/com.st.stm32cube.ide.mcu.externaltools.gnu-tools-for-stm32.13.3.rel1.win32_1.0.100.202509120712/tools/bin/../lib/gcc/arm-none-eabi/13.3.1/thumb/v7-m/nofp\libgcc.a
LOAD C:/ST/STM32CubeIDE_2.1.1/STM32CubeIDE/plugins/com.st.stm32cube.ide.mcu.externaltools.gnu-tools-for-stm32.13.3.rel1.win32_1.0.100.202509120712/tools/bin/../lib/gcc/arm-none-eabi/13.3.1/../../../../arm-none-eabi/lib/thumb/v7-m/nofp\libc_nano.a
LOAD C:/ST/STM32CubeIDE_2.1.1/STM32CubeIDE/plugins/com.st.stm32cube.ide.mcu.externaltools.gnu-tools-for-stm32.13.3.rel1.win32_1.0.100.202509120712/tools/bin/../lib/gcc/arm-none-eabi/13.3.1/../../../../arm-none-eabi/lib/thumb/v7-m/nofp\libnosys.a
END GROUP
START GROUP
LOAD C:/ST/STM32CubeIDE_2.1.1/STM32CubeIDE/plugins/com.st.stm32cube.ide.mcu.externaltools.gnu-tools-for-stm32.13.3.rel1.win32_1.0.100.202509120712/tools/bin/../lib/gcc/arm-none-eabi/13.3.1/thumb/v7-m/nofp\libgcc.a
LOAD C:/ST/STM32CubeIDE_2.1.1/STM32CubeIDE/plugins/com.st.stm32cube.ide.mcu.externaltools.gnu-tools-for-stm32.13.3.rel1.win32_1.0.100.202509120712/tools/bin/../lib/gcc/arm-none-eabi/13.3.1/../../../../arm-none-eabi/lib/thumb/v7-m/nofp\libc_nano.a
LOAD C:/ST/STM32CubeIDE_2.1.1/STM32CubeIDE/plugins/com.st.stm32cube.ide.mcu.externaltools.gnu-tools-for-stm32.13.3.rel1.win32_1.0.100.202509120712/tools/bin/../lib/gcc/arm-none-eabi/13.3.1/../../../../arm-none-eabi/lib/thumb/v7-m/nofp\libnosys.a
END GROUP
LOAD C:/ST/STM32CubeIDE_2.1.1/STM32CubeIDE/plugins/com.st.stm32cube.ide.mcu.externaltools.gnu-tools-for-stm32.13.3.rel1.win32_1.0.100.202509120712/tools/bin/../lib/gcc/arm-none-eabi/13.3.1/thumb/v7-m/nofp/crtend.o
LOAD C:/ST/STM32CubeIDE_2.1.1/STM32CubeIDE/plugins/com.st.stm32cube.ide.mcu.externaltools.gnu-tools-for-stm32.13.3.rel1.win32_1.0.100.202509120712/tools/bin/../lib/gcc/arm-none-eabi/13.3.1/thumb/v7-m/nofp/crtn.o
                0x20005000                        _estack = (ORIGIN (RAM) + LENGTH (RAM))
                0x00000200                        _Min_Heap_Size = 0x200
                0x00000400                        _Min_Stack_Size = 0x400

.isr_vector     0x08003000      0x10c
                0x08003000                        . = ALIGN (0x4)
 *(.isr_vector)
 .isr_vector    0x08003000      0x10c ./Core/Startup/startup_stm32f103c8tx.o
                0x08003000                g_pfnVectors
                0x0800310c                        . = ALIGN (0x4)

.text           0x0800310c     0xcca4
                0x0800310c                        . = ALIGN (0x4)
 *(.text)
 .text          0x0800310c       0x40 C:/ST/STM32CubeIDE_2.1.1/STM32CubeIDE/plugins/com.st.stm32cube.ide.mcu.externaltools.gnu-tools-for-stm32.13.3.rel1.win32_1.0.100.202509120712/tools/bin/../lib/gcc/arm-none-eabi/13.3.1/thumb/v7-m/nofp/crtbegin.o
 .text          0x0800314c      0x21c C:/ST/STM32CubeIDE_2.1.1/STM32CubeIDE/plugins/com.st.stm32cube.ide.mcu.externaltools.gnu-tools-for-stm32.13.3.rel1.win32_1.0.100.202509120712/tools/bin/../lib/gcc/arm-none-eabi/13.3.1/thumb/v7-m/nofp\libgcc.a(_arm_addsubsf3.o)
                0x0800314c                __aeabi_frsub
                0x08003154                __subsf3
                0x08003154                __aeabi_fsub
                0x08003158                __aeabi_fadd
                0x08003158                __addsf3
                0x080032b8                __aeabi_ui2f
                0x080032b8                __floatunsisf
                0x080032c0                __aeabi_i2f
                0x080032c0                __floatsisf
                0x080032dc                __aeabi_ul2f
                0x080032dc                __floatundisf
                0x080032ec                __aeabi_l2f
                0x080032ec                __floatdisf
 .text          0x08003368      0x2a0 C:/ST/STM32CubeIDE_2.1.1/STM32CubeIDE/plugins/com.st.stm32cube.ide.mcu.externaltools.gnu-tools-for-stm32.13.3.rel1.win32_1.0.100.202509120712/tools/bin/../lib/gcc/arm-none-eabi/13.3.1/thumb/v7-m/nofp\libgcc.a(_arm_muldivsf3.o)
                0x08003368                __mulsf3
                0x08003368                __aeabi_fmul
                0x080034d0                __aeabi_fdiv
                0x080034d0                __divsf3
 .text          0x08003608       0xec C:/ST/STM32CubeIDE_2.1.1/STM32CubeIDE/plugins/com.st.stm32cube.ide.mcu.externaltools.gnu-tools-for-stm32.13.3.rel1.win32_1.0.100.202509120712/tools/bin/../lib/gcc/arm-none-eabi/13.3.1/thumb/v7-m/nofp\libgcc.a(_arm_cmpsf2.o)
                0x08003608                __gesf2
                0x08003608                __gtsf2
                0x08003610                __lesf2
                0x08003610                __ltsf2
                0x08003618                __nesf2
                0x08003618                __eqsf2
                0x08003618                __cmpsf2
                0x08003678                __aeabi_cfrcmple
                0x08003680                __aeabi_cfcmpeq
                0x08003680                __aeabi_cfcmple
                0x08003690                __aeabi_fcmpeq
                0x080036a4                __aeabi_fcmplt
                0x080036b8                __aeabi_fcmple
                0x080036cc                __aeabi_fcmpge
                0x080036e0                __aeabi_fcmpgt
 .text          0x080036f4       0x40 C:/ST/STM32CubeIDE_2.1.1/STM32CubeIDE/plugins/com.st.stm32cube.ide.mcu.externaltools.gnu-tools-for-stm32.13.3.rel1.win32_1.0.100.202509120712/tools/bin/../lib/gcc/arm-none-eabi/13.3.1/thumb/v7-m/nofp\libgcc.a(_arm_fixunssfsi.o)
                0x080036f4                __fixunssfsi
                0x080036f4                __aeabi_f2uiz
 *(.text*)
 .text.crc_accumulate
                0x08003734       0x68 ./Core/Src/App/comm.o
 .text.crc_init
                0x0800379c       0x1a ./Core/Src/App/comm.o
 .text.crc_calculate
                0x080037b6       0x40 ./Core/Src/App/comm.o
 .text.crc_accumulate_buffer
                0x080037f6       0x38 ./Core/Src/App/comm.o
 *fill*         0x0800382e        0x2 
 .text.mavlink_sha256_init
                0x08003830       0x70 ./Core/Src/App/comm.o
 .text.mavlink_sha256_calc
                0x080038a0      0x3c0 ./Core/Src/App/comm.o
 .text.mavlink_sha256_update
                0x08003c60      0x104 ./Core/Src/App/comm.o
 .text.mavlink_sha256_final_48
                0x08003d64      0x12e ./Core/Src/App/comm.o
 *fill*         0x08003e92        0x2 
 .text.mavlink_get_channel_status
                0x08003e94       0x28 ./Core/Src/App/comm.o
 .text.mavlink_get_channel_buffer
                0x08003ebc       0x28 ./Core/Src/App/comm.o
 .text.mavlink_sign_packet
                0x08003ee4       0xcc ./Core/Src/App/comm.o
 .text._mav_trim_payload
                0x08003fb0       0x34 ./Core/Src/App/comm.o
 .text.mavlink_signature_check
                0x08003fe4      0x2a0 ./Core/Src/App/comm.o
 .text.mavlink_finalize_message_buffer
                0x08004284      0x26e ./Core/Src/App/comm.o
 .text.mavlink_finalize_message_chan
                0x080044f2       0x48 ./Core/Src/App/comm.o
 .text.mavlink_finalize_message
                0x0800453a       0x3c ./Core/Src/App/comm.o
 .text._mav_parse_error
                0x08004576       0x1e ./Core/Src/App/comm.o
 .text.mavlink_msg_to_send_buffer
                0x08004594      0x1be ./Core/Src/App/comm.o
 .text.mavlink_start_checksum
                0x08004752       0x24 ./Core/Src/App/comm.o
 .text.mavlink_update_checksum
                0x08004776       0x30 ./Core/Src/App/comm.o
 *fill*         0x080047a6        0x2 
 .text.mavlink_get_msg_entry
                0x080047a8       0x9c ./Core/Src/App/comm.o
 .text.mavlink_frame_char_buffer
                0x08004844      0x5d0 ./Core/Src/App/comm.o
 .text.mavlink_frame_char
                0x08004e14       0x3e ./Core/Src/App/comm.o
 .text.mavlink_parse_char
                0x08004e52       0x7a ./Core/Src/App/comm.o
 .text.mavlink_msg_heartbeat_decode
                0x08004ecc       0x36 ./Core/Src/App/comm.o
 .text.mavlink_msg_command_long_pack
                0x08004f02       0x8c ./Core/Src/App/comm.o
 .text.mavlink_msg_command_long_decode
                0x08004f8e       0x36 ./Core/Src/App/comm.o
 .text.mavlink_msg_debug_transmit_pack
                0x08004fc4       0x94 ./Core/Src/App/comm.o
 .text.mavlink_msg_debug_set_pack
                0x08005058       0x62 ./Core/Src/App/comm.o
 .text.mavlink_msg_debug_set_decode
                0x080050ba       0x36 ./Core/Src/App/comm.o
 .text.mavlink_msg_debug_do_pack
                0x080050f0       0x56 ./Core/Src/App/comm.o
 .text.mavlink_msg_debug_do_decode
                0x08005146       0x36 ./Core/Src/App/comm.o
 .text.mavlink_msg_skynet_pack
                0x0800517c       0x66 ./Core/Src/App/comm.o
 .text.mavlink_msg_skynet_decode
                0x080051e2       0x36 ./Core/Src/App/comm.o
 .text.comm_process_pending
                0x08005218       0xd4 ./Core/Src/App/comm.o
                0x08005218                comm_process_pending
 .text.comm_systick
                0x080052ec       0x6c ./Core/Src/App/comm.o
                0x080052ec                comm_systick
 .text.comm_heartbeat_tick
                0x08005358       0x28 ./Core/Src/App/comm.o
                0x08005358                comm_heartbeat_tick
 .text.comm_debug_stream_tick
                0x08005380       0x54 ./Core/Src/App/comm.o
                0x08005380                comm_debug_stream_tick
 .text.comm_status_tick
                0x080053d4       0x78 ./Core/Src/App/comm.o
                0x080053d4                comm_status_tick
 .text.comm_set_pwm_mode
                0x0800544c       0x10 ./Core/Src/App/comm.o
                0x0800544c                comm_set_pwm_mode
 .text.comm_notify_pwm_command
                0x0800545c       0x34 ./Core/Src/App/comm.o
                0x0800545c                comm_notify_pwm_command
 .text.comm_get_mode
                0x08005490       0x14 ./Core/Src/App/comm.o
                0x08005490                comm_get_mode
 .text.comm_get_sequential_number
                0x080054a4       0x14 ./Core/Src/App/comm.o
                0x080054a4                comm_get_sequential_number
 .text.comm_update_local_bit
                0x080054b8       0x4c ./Core/Src/App/comm.o
                0x080054b8                comm_update_local_bit
 .text.comm_send_status
                0x08005504       0xac ./Core/Src/App/comm.o
                0x08005504                comm_send_status
 .text.comm_send_skynet
                0x080055b0       0xbc ./Core/Src/App/comm.o
                0x080055b0                comm_send_skynet
 .text.comm_on_msg_up
                0x0800566c       0x38 ./Core/Src/App/comm.o
                0x0800566c                comm_on_msg_up
 .text.comm_on_msg_down
                0x080056a4       0x44 ./Core/Src/App/comm.o
                0x080056a4                comm_on_msg_down
 .text.handle_message_up
                0x080056e8       0xf8 ./Core/Src/App/comm.o
 .text.handle_message_down
                0x080057e0       0x30 ./Core/Src/App/comm.o
 .text.handle_heartbeat
                0x08005810       0x38 ./Core/Src/App/comm.o
 .text.handle_skynet
                0x08005848      0x154 ./Core/Src/App/comm.o
 .text.handle_command_long
                0x0800599c      0x1c4 ./Core/Src/App/comm.o
 .text.handle_debug_request
                0x08005b60       0x30 ./Core/Src/App/comm.o
 .text.handle_debug_set
                0x08005b90       0xdc ./Core/Src/App/comm.o
 .text.handle_debug_do
                0x08005c6c      0x1a4 ./Core/Src/App/comm.o
 .text.send_debug_ack_do
                0x08005e10       0x5e ./Core/Src/App/comm.o
 .text.send_debug_ack_set
                0x08005e6e       0x76 ./Core/Src/App/comm.o
 .text.send_data_stream
                0x08005ee4       0xfa ./Core/Src/App/comm.o
 *fill*         0x08005fde        0x2 
 .text.apply_drop_command
                0x08005fe0       0x64 ./Core/Src/App/comm.o
 .text.set_mode_and_seq
                0x08006044       0x30 ./Core/Src/App/comm.o
 .text.update_bitmask_set
                0x08006074       0x30 ./Core/Src/App/comm.o
                0x08006074                update_bitmask_set
 .text.update_bitmask_clear
                0x080060a4       0x38 ./Core/Src/App/comm.o
                0x080060a4                update_bitmask_clear
 .text.config_load
                0x080060dc       0x38 ./Core/Src/App/config.o
                0x080060dc                config_load
 .text.config_get
                0x08006114       0x24 ./Core/Src/App/config.o
                0x08006114                config_get
 .text.config_set
                0x08006138       0x24 ./Core/Src/App/config.o
                0x08006138                config_set
 .text.config_save
                0x0800615c       0x34 ./Core/Src/App/config.o
                0x0800615c                config_save
 .text.__NVIC_SystemReset
                0x08006190       0x2c ./Core/Src/App/flasher.o
 .text.request_bootloader
                0x080061bc       0x34 ./Core/Src/App/flasher.o
                0x080061bc                request_bootloader
 .text.restart_controller
                0x080061f0       0x14 ./Core/Src/App/flasher.o
                0x080061f0                restart_controller
 .text.input_proto_tick
                0x08006204       0xa8 ./Core/Src/App/input_proto.o
                0x08006204                input_proto_tick
 .text.verify_command_mode
                0x080062ac       0x32 ./Core/Src/App/input_proto.o
                0x080062ac                verify_command_mode
 .text.input_proto_get_mode
                0x080062de        0xe ./Core/Src/App/input_proto.o
                0x080062de                input_proto_get_mode
 .text.sm_init  0x080062ec       0x48 ./Core/Src/App/state_machine.o
                0x080062ec                sm_init
 .text.sm_update
                0x08006334       0xd4 ./Core/Src/App/state_machine.o
                0x08006334                sm_update
 .text.sm_request_transition
                0x08006408       0x22 ./Core/Src/App/state_machine.o
                0x08006408                sm_request_transition
 .text.sm_get_state
                0x0800642a       0x16 ./Core/Src/App/state_machine.o
                0x0800642a                sm_get_state
 .text.sm_is_loaded
                0x08006440       0x30 ./Core/Src/App/state_machine.o
                0x08006440                sm_is_loaded
 .text.state_boot
                0x08006470       0x4c ./Core/Src/App/state_machine.o
 .text.state_debug
                0x080064bc       0x5c ./Core/Src/App/state_machine.o
 .text.state_clip_loading
                0x08006518       0x5c ./Core/Src/App/state_machine.o
 .text.state_check_load
                0x08006574      0x144 ./Core/Src/App/state_machine.o
 .text.state_loaded
                0x080066b8       0x56 ./Core/Src/App/state_machine.o
 .text.state_drop_one
                0x0800670e       0x18 ./Core/Src/App/state_machine.o
 .text.state_drop_all
                0x08006726       0x18 ./Core/Src/App/state_machine.o
 .text.state_unloaded
                0x0800673e       0xa2 ./Core/Src/App/state_machine.o
 .text.state_error
                0x080067e0       0xb4 ./Core/Src/App/state_machine.o
 .text.drop_sequence_update
                0x08006894      0x218 ./Core/Src/App/state_machine.o
 .text.reset_substates
                0x08006aac       0x32 ./Core/Src/App/state_machine.o
 .text.transition_to
                0x08006ade       0x20 ./Core/Src/App/state_machine.o
 *fill*         0x08006afe        0x2 
 .text.flash_drv_load
                0x08006b00       0x38 ./Core/Src/Drivers/flash_drv.o
                0x08006b00                flash_drv_load
 .text.flash_drv_save
                0x08006b38       0x88 ./Core/Src/Drivers/flash_drv.o
                0x08006b38                flash_drv_save
 .text.heater_init
                0x08006bc0       0x3c ./Core/Src/Drivers/heater_drv.o
                0x08006bc0                heater_init
 .text.heater_update
                0x08006bfc       0xa4 ./Core/Src/Drivers/heater_drv.o
                0x08006bfc                heater_update
 .text.heater_set_reverse
                0x08006ca0       0x40 ./Core/Src/Drivers/heater_drv.o
                0x08006ca0                heater_set_reverse
 .text.heater_debug_set
                0x08006ce0       0x3c ./Core/Src/Drivers/heater_drv.o
                0x08006ce0                heater_debug_set
 .text.heater_get_switching
                0x08006d1c       0x14 ./Core/Src/Drivers/heater_drv.o
                0x08006d1c                heater_get_switching
 .text.set_pwm  0x08006d30       0x2c ./Core/Src/Drivers/heater_drv.o
 .text.heater_tim_reinit
                0x08006d5c       0x64 ./Core/Src/Drivers/heater_drv.o
 .text.pwm_drv_init
                0x08006dc0       0x28 ./Core/Src/Drivers/pwm_drv.o
                0x08006dc0                pwm_drv_init
 .text.pwm_drv_deinit
                0x08006de8       0x3c ./Core/Src/Drivers/pwm_drv.o
                0x08006de8                pwm_drv_deinit
 .text.pwm_capture_callback
                0x08006e24       0x94 ./Core/Src/Drivers/pwm_drv.o
                0x08006e24                pwm_capture_callback
 .text.handle_pulse
                0x08006eb8      0x148 ./Core/Src/Drivers/pwm_drv.o
 .text.pulse_in_range
                0x08007000       0x4e ./Core/Src/Drivers/pwm_drv.o
 *fill*         0x0800704e        0x2 
 .text.tim4_init
                0x08007050      0x14c ./Core/Src/Drivers/pwm_drv.o
 .text.servo_init
                0x0800719c       0x40 ./Core/Src/Drivers/servo_drv.o
                0x0800719c                servo_init
 .text.servo_pusher_set
                0x080071dc       0x64 ./Core/Src/Drivers/servo_drv.o
                0x080071dc                servo_pusher_set
 .text.servo_stoper_set
                0x08007240       0x58 ./Core/Src/Drivers/servo_drv.o
                0x08007240                servo_stoper_set
 .text.servo_pusher_get
                0x08007298       0x14 ./Core/Src/Drivers/servo_drv.o
                0x08007298                servo_pusher_get
 .text.servo_stoper_get
                0x080072ac       0x14 ./Core/Src/Drivers/servo_drv.o
                0x080072ac                servo_stoper_get
 .text.servo_stoper_update_trim
                0x080072c0       0x5c ./Core/Src/Drivers/servo_drv.o
                0x080072c0                servo_stoper_update_trim
 .text.switches_tick
                0x0800731c      0x16c ./Core/Src/Drivers/switches_drv.o
                0x0800731c                switches_tick
 .text.switches_get
                0x08007488       0x34 ./Core/Src/Drivers/switches_drv.o
                0x08007488                switches_get
 .text.thermo_init
                0x080074bc       0x78 ./Core/Src/Drivers/thermo_drv.o
                0x080074bc                thermo_init
 .text.thermo_blocking_measure
                0x08007534       0x80 ./Core/Src/Drivers/thermo_drv.o
                0x08007534                thermo_blocking_measure
 .text.thermo_tick
                0x080075b4      0x11c ./Core/Src/Drivers/thermo_drv.o
                0x080075b4                thermo_tick
 .text.thermo_systick
                0x080076d0        0xc ./Core/Src/Drivers/thermo_drv.o
                0x080076d0                thermo_systick
 .text.thermo_tim_callback
                0x080076dc       0x1c ./Core/Src/Drivers/thermo_drv.o
                0x080076dc                thermo_tim_callback
 .text.thermo_is_valid
                0x080076f8       0x34 ./Core/Src/Drivers/thermo_drv.o
                0x080076f8                thermo_is_valid
 .text.thermo_get_celsius
                0x0800772c       0x38 ./Core/Src/Drivers/thermo_drv.o
                0x0800772c                thermo_get_celsius
 .text.ds18_tim_cb
                0x08007764       0x1c ./Core/Src/Drivers/thermo_drv.o
 .text.get_isTicked
                0x08007780       0x14 ./Core/Src/Drivers/thermo_drv.o
                0x08007780                get_isTicked
 .text.clear_isTicked
                0x08007794       0x18 ./Core/Src/Drivers/thermo_drv.o
                0x08007794                clear_isTicked
 .text.uart_init
                0x080077ac       0x34 ./Core/Src/Drivers/uart_drv.o
                0x080077ac                uart_init
 .text.uart_reinit_up
                0x080077e0       0x30 ./Core/Src/Drivers/uart_drv.o
                0x080077e0                uart_reinit_up
 .text.uart_send_up
                0x08007810       0x8c ./Core/Src/Drivers/uart_drv.o
                0x08007810                uart_send_up
 .text.uart_send_down
                0x0800789c       0x98 ./Core/Src/Drivers/uart_drv.o
                0x0800789c                uart_send_down
 .text.uart_rx_callback
                0x08007934       0x70 ./Core/Src/Drivers/uart_drv.o
                0x08007934                uart_rx_callback
 .text.uart_tx_callback
                0x080079a4       0x44 ./Core/Src/Drivers/uart_drv.o
                0x080079a4                uart_tx_callback
 .text.uart_error_callback
                0x080079e8       0x6c ./Core/Src/Drivers/uart_drv.o
                0x080079e8                uart_error_callback
 .text.clear_error_flags
                0x08007a54       0x24 ./Core/Src/Drivers/uart_drv.o
 .text.voltage_init
                0x08007a78       0x18 ./Core/Src/Drivers/voltage_drv.o
                0x08007a78                voltage_init
 .text.voltage_configure_power_rail
                0x08007a90      0x118 ./Core/Src/Drivers/voltage_drv.o
                0x08007a90                voltage_configure_power_rail
 .text.voltage_drv_get
                0x08007ba8       0x14 ./Core/Src/Drivers/voltage_drv.o
                0x08007ba8                voltage_drv_get
 .text.MX_ADC1_Init
                0x08007bbc       0x7c ./Core/Src/adc.o
                0x08007bbc                MX_ADC1_Init
 .text.HAL_ADC_MspInit
                0x08007c38       0x78 ./Core/Src/adc.o
                0x08007c38                HAL_ADC_MspInit
 .text.Read_ADC
                0x08007cb0       0x24 ./Core/Src/adc.o
                0x08007cb0                Read_ADC
 .text.app_init
                0x08007cd4       0x34 ./Core/Src/app.o
                0x08007cd4                app_init
 .text.app_update
                0x08007d08       0x38 ./Core/Src/app.o
                0x08007d08                app_update
 .text.HAL_SYSTICK_Callback
                0x08007d40       0x5c ./Core/Src/app.o
                0x08007d40                HAL_SYSTICK_Callback
 .text.HAL_UART_RxCpltCallback
                0x08007d9c       0x16 ./Core/Src/app.o
                0x08007d9c                HAL_UART_RxCpltCallback
 .text.HAL_UART_TxCpltCallback
                0x08007db2       0x16 ./Core/Src/app.o
                0x08007db2                HAL_UART_TxCpltCallback
 .text.HAL_UART_ErrorCallback
                0x08007dc8       0x16 ./Core/Src/app.o
                0x08007dc8                HAL_UART_ErrorCallback
 .text.HAL_TIM_IC_CaptureCallback
                0x08007dde       0x16 ./Core/Src/app.o
                0x08007dde                HAL_TIM_IC_CaptureCallback
 .text.HAL_TIM_PeriodElapsedCallback
                0x08007df4       0x16 ./Core/Src/app.o
                0x08007df4                HAL_TIM_PeriodElapsedCallback
 *fill*         0x08007e0a        0x2 
 .text.MX_DMA_Init
                0x08007e0c       0x4c ./Core/Src/dma.o
                0x08007e0c                MX_DMA_Init
 .text.ds18b20_init
                0x08007e58       0x26 ./Core/Src/ds18b20.o
                0x08007e58                ds18b20_init
 .text.ds18b20_is_busy
                0x08007e7e       0x1a ./Core/Src/ds18b20.o
                0x08007e7e                ds18b20_is_busy
 .text.ds18b20_update_rom_id
                0x08007e98       0x1a ./Core/Src/ds18b20.o
                0x08007e98                ds18b20_update_rom_id
 .text.ds18b20_cnv
                0x08007eb2       0x2c ./Core/Src/ds18b20.o
                0x08007eb2                ds18b20_cnv
 .text.ds18b20_conf
                0x08007ede       0xd8 ./Core/Src/ds18b20.o
                0x08007ede                ds18b20_conf
 .text.ds18b20_is_cnv_done
                0x08007fb6       0x2c ./Core/Src/ds18b20.o
                0x08007fb6                ds18b20_is_cnv_done
 .text.ds18b20_req_read
                0x08007fe2       0x2a ./Core/Src/ds18b20.o
                0x08007fe2                ds18b20_req_read
 .text.ds18b20_read_c
                0x0800800c      0x144 ./Core/Src/ds18b20.o
                0x0800800c                ds18b20_read_c
 .text.MX_GPIO_Init
                0x08008150      0x170 ./Core/Src/gpio.o
                0x08008150                MX_GPIO_Init
 .text.main     0x080082c0       0x42 ./Core/Src/main.o
                0x080082c0                main
 .text.SystemClock_Config
                0x08008302       0xb8 ./Core/Src/main.o
                0x08008302                SystemClock_Config
 .text.Error_Handler
                0x080083ba        0xc ./Core/Src/main.o
                0x080083ba                Error_Handler
 .text.ow_init  0x080083c6       0x82 ./Core/Src/ow.o
                0x080083c6                ow_init
 .text.ow_callback
                0x08008448      0xba8 ./Core/Src/ow.o
                0x08008448                ow_callback
 .text.ow_crc   0x08008ff0       0x6e ./Core/Src/ow.o
                0x08008ff0                ow_crc
 .text.ow_is_busy
                0x0800905e       0x22 ./Core/Src/ow.o
                0x0800905e                ow_is_busy
 .text.ow_update_rom_id
                0x08009080       0x6a ./Core/Src/ow.o
                0x08009080                ow_update_rom_id
 .text.ow_xfer  0x080090ea       0xd4 ./Core/Src/ow.o
                0x080090ea                ow_xfer
 .text.ow_xfer_by_id
                0x080091be      0x128 ./Core/Src/ow.o
                0x080091be                ow_xfer_by_id
 .text.ow_read_resp
                0x080092e6       0x7e ./Core/Src/ow.o
                0x080092e6                ow_read_resp
 .text.ow_start
                0x08009364       0xa8 ./Core/Src/ow.o
                0x08009364                ow_start
 .text.ow_stop  0x0800940c       0x58 ./Core/Src/ow.o
                0x0800940c                ow_stop
 .text.MX_RTC_Init
                0x08009464       0x94 ./Core/Src/rtc.o
                0x08009464                MX_RTC_Init
 .text.HAL_RTC_MspInit
                0x080094f8       0x48 ./Core/Src/rtc.o
                0x080094f8                HAL_RTC_MspInit
 .text.MX_SPI1_Init
                0x08009540       0x64 ./Core/Src/spi.o
                0x08009540                MX_SPI1_Init
 .text.HAL_SPI_MspInit
                0x080095a4       0xb4 ./Core/Src/spi.o
                0x080095a4                HAL_SPI_MspInit
 .text.HAL_MspInit
                0x08009658       0x64 ./Core/Src/stm32f1xx_hal_msp.o
                0x08009658                HAL_MspInit
 .text.__NVIC_SystemReset
                0x080096bc       0x2c ./Core/Src/stm32f1xx_it.o
 .text.NMI_Handler
                0x080096e8        0x8 ./Core/Src/stm32f1xx_it.o
                0x080096e8                NMI_Handler
 .text.HardFault_Handler
                0x080096f0       0x44 ./Core/Src/stm32f1xx_it.o
                0x080096f0                HardFault_Handler
 .text.MemManage_Handler
                0x08009734        0x8 ./Core/Src/stm32f1xx_it.o
                0x08009734                MemManage_Handler
 .text.BusFault_Handler
                0x0800973c        0x8 ./Core/Src/stm32f1xx_it.o
                0x0800973c                BusFault_Handler
 .text.UsageFault_Handler
                0x08009744        0x8 ./Core/Src/stm32f1xx_it.o
                0x08009744                UsageFault_Handler
 .text.SVC_Handler
                0x0800974c        0xc ./Core/Src/stm32f1xx_it.o
                0x0800974c                SVC_Handler
 .text.DebugMon_Handler
                0x08009758        0xc ./Core/Src/stm32f1xx_it.o
                0x08009758                DebugMon_Handler
 .text.PendSV_Handler
                0x08009764        0xc ./Core/Src/stm32f1xx_it.o
                0x08009764                PendSV_Handler
 .text.SysTick_Handler
                0x08009770       0x10 ./Core/Src/stm32f1xx_it.o
                0x08009770                SysTick_Handler
 .text.DMA1_Channel4_IRQHandler
                0x08009780       0x14 ./Core/Src/stm32f1xx_it.o
                0x08009780                DMA1_Channel4_IRQHandler
 .text.DMA1_Channel7_IRQHandler
                0x08009794       0x14 ./Core/Src/stm32f1xx_it.o
                0x08009794                DMA1_Channel7_IRQHandler
 .text.TIM2_IRQHandler
                0x080097a8       0x14 ./Core/Src/stm32f1xx_it.o
                0x080097a8                TIM2_IRQHandler
 .text.TIM4_IRQHandler
                0x080097bc       0x14 ./Core/Src/stm32f1xx_it.o
                0x080097bc                TIM4_IRQHandler
 .text.USART1_IRQHandler
                0x080097d0       0x14 ./Core/Src/stm32f1xx_it.o
                0x080097d0                USART1_IRQHandler
 .text.USART2_IRQHandler
                0x080097e4       0x14 ./Core/Src/stm32f1xx_it.o
                0x080097e4                USART2_IRQHandler
 .text.SystemInit
                0x080097f8       0x1c ./Core/Src/system_stm32f1xx.o
                0x080097f8                SystemInit
 .text.MX_TIM1_Init
                0x08009814      0x184 ./Core/Src/tim.o
                0x08009814                MX_TIM1_Init
 .text.MX_TIM2_Init
                0x08009998       0x98 ./Core/Src/tim.o
                0x08009998                MX_TIM2_Init
 .text.MX_TIM4_Init
                0x08009a30       0x9c ./Core/Src/tim.o
                0x08009a30                MX_TIM4_Init
 .text.HAL_TIM_Base_MspInit
                0x08009acc       0xa8 ./Core/Src/tim.o
                0x08009acc                HAL_TIM_Base_MspInit
 .text.HAL_TIM_MspPostInit
                0x08009b74       0x80 ./Core/Src/tim.o
                0x08009b74                HAL_TIM_MspPostInit
 .text.HAL_TIM_Base_MspDeInit
                0x08009bf4       0x70 ./Core/Src/tim.o
                0x08009bf4                HAL_TIM_Base_MspDeInit
 .text.MX_USART1_UART_Init
                0x08009c64       0x54 ./Core/Src/usart.o
                0x08009c64                MX_USART1_UART_Init
 .text.MX_USART2_UART_Init
                0x08009cb8       0x54 ./Core/Src/usart.o
                0x08009cb8                MX_USART2_UART_Init
 .text.HAL_UART_MspInit
                0x08009d0c      0x1f0 ./Core/Src/usart.o
                0x08009d0c                HAL_UART_MspInit
 .text.HAL_UART_MspDeInit
                0x08009efc       0x84 ./Core/Src/usart.o
                0x08009efc                HAL_UART_MspDeInit
 .text.Reset_Handler
                0x08009f80       0x48 ./Core/Startup/startup_stm32f103c8tx.o
                0x08009f80                Reset_Handler
 .text.Default_Handler
                0x08009fc8        0x2 ./Core/Startup/startup_stm32f103c8tx.o
                0x08009fc8                RTC_Alarm_IRQHandler
                0x08009fc8                EXTI2_IRQHandler
                0x08009fc8                TIM1_CC_IRQHandler
                0x08009fc8                PVD_IRQHandler
                0x08009fc8                EXTI3_IRQHandler
                0x08009fc8                EXTI0_IRQHandler
                0x08009fc8                I2C2_EV_IRQHandler
                0x08009fc8                ADC1_2_IRQHandler
                0x08009fc8                SPI1_IRQHandler
                0x08009fc8                TAMPER_IRQHandler
                0x08009fc8                USART3_IRQHandler
                0x08009fc8                RTC_IRQHandler
                0x08009fc8                CAN1_RX1_IRQHandler
                0x08009fc8                I2C1_EV_IRQHandler
                0x08009fc8                DMA1_Channel6_IRQHandler
                0x08009fc8                TIM3_IRQHandler
                0x08009fc8                RCC_IRQHandler
                0x08009fc8                TIM1_TRG_COM_IRQHandler
                0x08009fc8                DMA1_Channel1_IRQHandler
                0x08009fc8                Default_Handler
                0x08009fc8                EXTI15_10_IRQHandler
                0x08009fc8                EXTI9_5_IRQHandler
                0x08009fc8                SPI2_IRQHandler
                0x08009fc8                DMA1_Channel5_IRQHandler
                0x08009fc8                EXTI4_IRQHandler
                0x08009fc8                USB_LP_CAN1_RX0_IRQHandler
                0x08009fc8                USB_HP_CAN1_TX_IRQHandler
                0x08009fc8                DMA1_Channel3_IRQHandler
                0x08009fc8                TIM1_UP_IRQHandler
                0x08009fc8                WWDG_IRQHandler
                0x08009fc8                TIM1_BRK_IRQHandler
                0x08009fc8                EXTI1_IRQHandler
                0x08009fc8                I2C2_ER_IRQHandler
                0x08009fc8                DMA1_Channel2_IRQHandler
                0x08009fc8                CAN1_SCE_IRQHandler
                0x08009fc8                FLASH_IRQHandler
                0x08009fc8                I2C1_ER_IRQHandler
                0x08009fc8                USBWakeUp_IRQHandler
 *fill*         0x08009fca        0x2 
 .text.HAL_Init
                0x08009fcc       0x2c ./Drivers/STM32F1xx_HAL_Driver/Src/stm32f1xx_hal.o
                0x08009fcc                HAL_Init
 .text.HAL_InitTick
                0x08009ff8       0x60 ./Drivers/STM32F1xx_HAL_Driver/Src/stm32f1xx_hal.o
                0x08009ff8                HAL_InitTick
 .text.HAL_IncTick
                0x0800a058       0x24 ./Drivers/STM32F1xx_HAL_Driver/Src/stm32f1xx_hal.o
                0x0800a058                HAL_IncTick
 .text.HAL_GetTick
                0x0800a07c       0x14 ./Drivers/STM32F1xx_HAL_Driver/Src/stm32f1xx_hal.o
                0x0800a07c                HAL_GetTick
 .text.HAL_Delay
                0x0800a090       0x48 ./Drivers/STM32F1xx_HAL_Driver/Src/stm32f1xx_hal.o
                0x0800a090                HAL_Delay
 .text.HAL_ADC_Init
                0x0800a0d8      0x1b0 ./Drivers/STM32F1xx_HAL_Driver/Src/stm32f1xx_hal_adc.o
                0x0800a0d8                HAL_ADC_Init
 .text.HAL_ADC_Start
                0x0800a288      0x15c ./Drivers/STM32F1xx_HAL_Driver/Src/stm32f1xx_hal_adc.o
                0x0800a288                HAL_ADC_Start
 .text.HAL_ADC_PollForConversion
                0x0800a3e4      0x20c ./Drivers/STM32F1xx_HAL_Driver/Src/stm32f1xx_hal_adc.o
                0x0800a3e4                HAL_ADC_PollForConversion
 .text.HAL_ADC_GetValue
                0x0800a5f0       0x18 ./Drivers/STM32F1xx_HAL_Driver/Src/stm32f1xx_hal_adc.o
                0x0800a5f0                HAL_ADC_GetValue
 .text.HAL_ADC_ConfigChannel
                0x0800a608      0x1f0 ./Drivers/STM32F1xx_HAL_Driver/Src/stm32f1xx_hal_adc.o
                0x0800a608                HAL_ADC_ConfigChannel
 .text.ADC_Enable
                0x0800a7f8       0xb4 ./Drivers/STM32F1xx_HAL_Driver/Src/stm32f1xx_hal_adc.o
                0x0800a7f8                ADC_Enable
 .text.ADC_ConversionStop_Disable
                0x0800a8ac       0x82 ./Drivers/STM32F1xx_HAL_Driver/Src/stm32f1xx_hal_adc.o
                0x0800a8ac                ADC_ConversionStop_Disable
 *fill*         0x0800a92e        0x2 
 .text.__NVIC_SetPriorityGrouping
                0x0800a930       0x48 ./Drivers/STM32F1xx_HAL_Driver/Src/stm32f1xx_hal_cortex.o
 .text.__NVIC_GetPriorityGrouping
                0x0800a978       0x1c ./Drivers/STM32F1xx_HAL_Driver/Src/stm32f1xx_hal_cortex.o
 .text.__NVIC_EnableIRQ
                0x0800a994       0x38 ./Drivers/STM32F1xx_HAL_Driver/Src/stm32f1xx_hal_cortex.o
 .text.__NVIC_DisableIRQ
                0x0800a9cc       0x48 ./Drivers/STM32F1xx_HAL_Driver/Src/stm32f1xx_hal_cortex.o
 .text.__NVIC_SetPriority
                0x0800aa14       0x54 ./Drivers/STM32F1xx_HAL_Driver/Src/stm32f1xx_hal_cortex.o
 .text.NVIC_EncodePriority
                0x0800aa68       0x64 ./Drivers/STM32F1xx_HAL_Driver/Src/stm32f1xx_hal_cortex.o
 .text.SysTick_Config
                0x0800aacc       0x44 ./Drivers/STM32F1xx_HAL_Driver/Src/stm32f1xx_hal_cortex.o
 .text.HAL_NVIC_SetPriorityGrouping
                0x0800ab10       0x16 ./Drivers/STM32F1xx_HAL_Driver/Src/stm32f1xx_hal_cortex.o
                0x0800ab10                HAL_NVIC_SetPriorityGrouping
 .text.HAL_NVIC_SetPriority
                0x0800ab26       0x38 ./Drivers/STM32F1xx_HAL_Driver/Src/stm32f1xx_hal_cortex.o
                0x0800ab26                HAL_NVIC_SetPriority
 .text.HAL_NVIC_EnableIRQ
                0x0800ab5e       0x1c ./Drivers/STM32F1xx_HAL_Driver/Src/stm32f1xx_hal_cortex.o
                0x0800ab5e                HAL_NVIC_EnableIRQ
 .text.HAL_NVIC_DisableIRQ
                0x0800ab7a       0x1c ./Drivers/STM32F1xx_HAL_Driver/Src/stm32f1xx_hal_cortex.o
                0x0800ab7a                HAL_NVIC_DisableIRQ
 .text.HAL_SYSTICK_Config
                0x0800ab96       0x18 ./Drivers/STM32F1xx_HAL_Driver/Src/stm32f1xx_hal_cortex.o
                0x0800ab96                HAL_SYSTICK_Config
 .text.HAL_SYSTICK_IRQHandler
                0x0800abae        0xc ./Drivers/STM32F1xx_HAL_Driver/Src/stm32f1xx_hal_cortex.o
                0x0800abae                HAL_SYSTICK_IRQHandler
 *fill*         0x0800abba        0x2 
 .text.HAL_DMA_Init
                0x0800abbc       0xb4 ./Drivers/STM32F1xx_HAL_Driver/Src/stm32f1xx_hal_dma.o
                0x0800abbc                HAL_DMA_Init
 .text.HAL_DMA_DeInit
                0x0800ac70       0xb8 ./Drivers/STM32F1xx_HAL_Driver/Src/stm32f1xx_hal_dma.o
                0x0800ac70                HAL_DMA_DeInit
 .text.HAL_DMA_Start_IT
                0x0800ad28       0xc0 ./Drivers/STM32F1xx_HAL_Driver/Src/stm32f1xx_hal_dma.o
                0x0800ad28                HAL_DMA_Start_IT
 .text.HAL_DMA_Abort
                0x0800ade8       0x76 ./Drivers/STM32F1xx_HAL_Driver/Src/stm32f1xx_hal_dma.o
                0x0800ade8                HAL_DMA_Abort
 *fill*         0x0800ae5e        0x2 
 .text.HAL_DMA_Abort_IT
                0x0800ae60       0xf0 ./Drivers/STM32F1xx_HAL_Driver/Src/stm32f1xx_hal_dma.o
                0x0800ae60                HAL_DMA_Abort_IT
 .text.HAL_DMA_IRQHandler
                0x0800af50      0x20c ./Drivers/STM32F1xx_HAL_Driver/Src/stm32f1xx_hal_dma.o
                0x0800af50                HAL_DMA_IRQHandler
 .text.DMA_SetConfig
                0x0800b15c       0x5a ./Drivers/STM32F1xx_HAL_Driver/Src/stm32f1xx_hal_dma.o
 *fill*         0x0800b1b6        0x2 
 .text.HAL_FLASH_Program
                0x0800b1b8       0xe0 ./Drivers/STM32F1xx_HAL_Driver/Src/stm32f1xx_hal_flash.o
                0x0800b1b8                HAL_FLASH_Program
 .text.HAL_FLASH_Unlock
                0x0800b298       0x4c ./Drivers/STM32F1xx_HAL_Driver/Src/stm32f1xx_hal_flash.o
                0x0800b298                HAL_FLASH_Unlock
 .text.HAL_FLASH_Lock
                0x0800b2e4       0x20 ./Drivers/STM32F1xx_HAL_Driver/Src/stm32f1xx_hal_flash.o
                0x0800b2e4                HAL_FLASH_Lock
 .text.FLASH_Program_HalfWord
                0x0800b304       0x38 ./Drivers/STM32F1xx_HAL_Driver/Src/stm32f1xx_hal_flash.o
 .text.FLASH_WaitForLastOperation
                0x0800b33c       0x8c ./Drivers/STM32F1xx_HAL_Driver/Src/stm32f1xx_hal_flash.o
                0x0800b33c                FLASH_WaitForLastOperation
 .text.FLASH_SetErrorCode
                0x0800b3c8       0xa0 ./Drivers/STM32F1xx_HAL_Driver/Src/stm32f1xx_hal_flash.o
 .text.HAL_FLASHEx_Erase
                0x0800b468       0xd8 ./Drivers/STM32F1xx_HAL_Driver/Src/stm32f1xx_hal_flash_ex.o
                0x0800b468                HAL_FLASHEx_Erase
 .text.FLASH_MassErase
                0x0800b540       0x38 ./Drivers/STM32F1xx_HAL_Driver/Src/stm32f1xx_hal_flash_ex.o
 .text.FLASH_PageErase
                0x0800b578       0x40 ./Drivers/STM32F1xx_HAL_Driver/Src/stm32f1xx_hal_flash_ex.o
                0x0800b578                FLASH_PageErase
 .text.HAL_GPIO_Init
                0x0800b5b8      0x308 ./Drivers/STM32F1xx_HAL_Driver/Src/stm32f1xx_hal_gpio.o
                0x0800b5b8                HAL_GPIO_Init
 .text.HAL_GPIO_DeInit
                0x0800b8c0      0x178 ./Drivers/STM32F1xx_HAL_Driver/Src/stm32f1xx_hal_gpio.o
                0x0800b8c0                HAL_GPIO_DeInit
 .text.HAL_GPIO_ReadPin
                0x0800ba38       0x2e ./Drivers/STM32F1xx_HAL_Driver/Src/stm32f1xx_hal_gpio.o
                0x0800ba38                HAL_GPIO_ReadPin
 .text.HAL_GPIO_WritePin
                0x0800ba66       0x30 ./Drivers/STM32F1xx_HAL_Driver/Src/stm32f1xx_hal_gpio.o
                0x0800ba66                HAL_GPIO_WritePin
 .text.HAL_GPIO_TogglePin
                0x0800ba96       0x32 ./Drivers/STM32F1xx_HAL_Driver/Src/stm32f1xx_hal_gpio.o
                0x0800ba96                HAL_GPIO_TogglePin
 .text.HAL_PWR_EnableBkUpAccess
                0x0800bac8       0x18 ./Drivers/STM32F1xx_HAL_Driver/Src/stm32f1xx_hal_pwr.o
                0x0800bac8                HAL_PWR_EnableBkUpAccess
 .text.HAL_RCC_OscConfig
                0x0800bae0      0x504 ./Drivers/STM32F1xx_HAL_Driver/Src/stm32f1xx_hal_rcc.o
                0x0800bae0                HAL_RCC_OscConfig
 .text.HAL_RCC_ClockConfig
                0x0800bfe4      0x1d4 ./Drivers/STM32F1xx_HAL_Driver/Src/stm32f1xx_hal_rcc.o
                0x0800bfe4                HAL_RCC_ClockConfig
 .text.HAL_RCC_GetSysClockFreq
                0x0800c1b8       0xa8 ./Drivers/STM32F1xx_HAL_Driver/Src/stm32f1xx_hal_rcc.o
                0x0800c1b8                HAL_RCC_GetSysClockFreq
 .text.HAL_RCC_GetHCLKFreq
                0x0800c260       0x14 ./Drivers/STM32F1xx_HAL_Driver/Src/stm32f1xx_hal_rcc.o
                0x0800c260                HAL_RCC_GetHCLKFreq
 .text.HAL_RCC_GetPCLK1Freq
                0x0800c274       0x28 ./Drivers/STM32F1xx_HAL_Driver/Src/stm32f1xx_hal_rcc.o
                0x0800c274                HAL_RCC_GetPCLK1Freq
 .text.HAL_RCC_GetPCLK2Freq
                0x0800c29c       0x28 ./Drivers/STM32F1xx_HAL_Driver/Src/stm32f1xx_hal_rcc.o
                0x0800c29c                HAL_RCC_GetPCLK2Freq
 .text.RCC_Delay
                0x0800c2c4       0x3c ./Drivers/STM32F1xx_HAL_Driver/Src/stm32f1xx_hal_rcc.o
 .text.HAL_RCCEx_PeriphCLKConfig
                0x0800c300      0x16c ./Drivers/STM32F1xx_HAL_Driver/Src/stm32f1xx_hal_rcc_ex.o
                0x0800c300                HAL_RCCEx_PeriphCLKConfig
 .text.HAL_RCCEx_GetPeriphCLKFreq
                0x0800c46c      0x16c ./Drivers/STM32F1xx_HAL_Driver/Src/stm32f1xx_hal_rcc_ex.o
                0x0800c46c                HAL_RCCEx_GetPeriphCLKFreq
 .text.HAL_RTC_Init
                0x0800c5d8      0x118 ./Drivers/STM32F1xx_HAL_Driver/Src/stm32f1xx_hal_rtc.o
                0x0800c5d8                HAL_RTC_Init
 .text.HAL_RTC_SetTime
                0x0800c6f0      0x12e ./Drivers/STM32F1xx_HAL_Driver/Src/stm32f1xx_hal_rtc.o
                0x0800c6f0                HAL_RTC_SetTime
 *fill*         0x0800c81e        0x2 
 .text.HAL_RTC_SetDate
                0x0800c820      0x16c ./Drivers/STM32F1xx_HAL_Driver/Src/stm32f1xx_hal_rtc.o
                0x0800c820                HAL_RTC_SetDate
 .text.HAL_RTC_WaitForSynchro
                0x0800c98c       0x5a ./Drivers/STM32F1xx_HAL_Driver/Src/stm32f1xx_hal_rtc.o
                0x0800c98c                HAL_RTC_WaitForSynchro
 .text.RTC_ReadTimeCounter
                0x0800c9e6       0x60 ./Drivers/STM32F1xx_HAL_Driver/Src/stm32f1xx_hal_rtc.o
 .text.RTC_WriteTimeCounter
                0x0800ca46       0x4e ./Drivers/STM32F1xx_HAL_Driver/Src/stm32f1xx_hal_rtc.o
 .text.RTC_ReadAlarmCounter
                0x0800ca94       0x32 ./Drivers/STM32F1xx_HAL_Driver/Src/stm32f1xx_hal_rtc.o
 .text.RTC_WriteAlarmCounter
                0x0800cac6       0x4e ./Drivers/STM32F1xx_HAL_Driver/Src/stm32f1xx_hal_rtc.o
 .text.RTC_EnterInitMode
                0x0800cb14       0x50 ./Drivers/STM32F1xx_HAL_Driver/Src/stm32f1xx_hal_rtc.o
 .text.RTC_ExitInitMode
                0x0800cb64       0x50 ./Drivers/STM32F1xx_HAL_Driver/Src/stm32f1xx_hal_rtc.o
 .text.RTC_Bcd2ToByte
                0x0800cbb4       0x3a ./Drivers/STM32F1xx_HAL_Driver/Src/stm32f1xx_hal_rtc.o
 *fill*         0x0800cbee        0x2 
 .text.RTC_WeekDayNum
                0x0800cbf0       0xf0 ./Drivers/STM32F1xx_HAL_Driver/Src/stm32f1xx_hal_rtc.o
 .text.HAL_SPI_Init
                0x0800cce0      0x108 ./Drivers/STM32F1xx_HAL_Driver/Src/stm32f1xx_hal_spi.o
                0x0800cce0                HAL_SPI_Init
 .text.HAL_TIM_Base_Init
                0x0800cde8       0xb8 ./Drivers/STM32F1xx_HAL_Driver/Src/stm32f1xx_hal_tim.o
                0x0800cde8                HAL_TIM_Base_Init
 .text.HAL_TIM_Base_DeInit
                0x0800cea0       0xbc ./Drivers/STM32F1xx_HAL_Driver/Src/stm32f1xx_hal_tim.o
                0x0800cea0                HAL_TIM_Base_DeInit
 .text.HAL_TIM_Base_Start_IT
                0x0800cf5c       0xa4 ./Drivers/STM32F1xx_HAL_Driver/Src/stm32f1xx_hal_tim.o
                0x0800cf5c                HAL_TIM_Base_Start_IT
 .text.HAL_TIM_Base_Stop_IT
                0x0800d000       0x5c ./Drivers/STM32F1xx_HAL_Driver/Src/stm32f1xx_hal_tim.o
                0x0800d000                HAL_TIM_Base_Stop_IT
 .text.HAL_TIM_PWM_Init
                0x0800d05c       0xb8 ./Drivers/STM32F1xx_HAL_Driver/Src/stm32f1xx_hal_tim.o
                0x0800d05c                HAL_TIM_PWM_Init
 .text.HAL_TIM_PWM_MspInit
                0x0800d114       0x12 ./Drivers/STM32F1xx_HAL_Driver/Src/stm32f1xx_hal_tim.o
                0x0800d114                HAL_TIM_PWM_MspInit
 *fill*         0x0800d126        0x2 
 .text.HAL_TIM_PWM_Start
                0x0800d128      0x144 ./Drivers/STM32F1xx_HAL_Driver/Src/stm32f1xx_hal_tim.o
                0x0800d128                HAL_TIM_PWM_Start
 .text.HAL_TIM_PWM_Stop
                0x0800d26c       0xc8 ./Drivers/STM32F1xx_HAL_Driver/Src/stm32f1xx_hal_tim.o
                0x0800d26c                HAL_TIM_PWM_Stop
 .text.HAL_TIM_IC_Init
                0x0800d334       0xb8 ./Drivers/STM32F1xx_HAL_Driver/Src/stm32f1xx_hal_tim.o
                0x0800d334                HAL_TIM_IC_Init
 .text.HAL_TIM_IC_MspInit
                0x0800d3ec       0x12 ./Drivers/STM32F1xx_HAL_Driver/Src/stm32f1xx_hal_tim.o
                0x0800d3ec                HAL_TIM_IC_MspInit
 *fill*         0x0800d3fe        0x2 
 .text.HAL_TIM_IC_Start
                0x0800d400      0x180 ./Drivers/STM32F1xx_HAL_Driver/Src/stm32f1xx_hal_tim.o
                0x0800d400                HAL_TIM_IC_Start
 .text.HAL_TIM_IC_Start_IT
                0x0800d580      0x218 ./Drivers/STM32F1xx_HAL_Driver/Src/stm32f1xx_hal_tim.o
                0x0800d580                HAL_TIM_IC_Start_IT
 .text.HAL_TIM_IRQHandler
                0x0800d798      0x220 ./Drivers/STM32F1xx_HAL_Driver/Src/stm32f1xx_hal_tim.o
                0x0800d798                HAL_TIM_IRQHandler
 .text.HAL_TIM_IC_ConfigChannel
                0x0800d9b8      0x138 ./Drivers/STM32F1xx_HAL_Driver/Src/stm32f1xx_hal_tim.o
                0x0800d9b8                HAL_TIM_IC_ConfigChannel
 .text.HAL_TIM_PWM_ConfigChannel
                0x0800daf0      0x184 ./Drivers/STM32F1xx_HAL_Driver/Src/stm32f1xx_hal_tim.o
                0x0800daf0                HAL_TIM_PWM_ConfigChannel
 .text.HAL_TIM_ConfigClockSource
                0x0800dc74      0x18e ./Drivers/STM32F1xx_HAL_Driver/Src/stm32f1xx_hal_tim.o
                0x0800dc74                HAL_TIM_ConfigClockSource
 .text.HAL_TIM_SlaveConfigSynchro
                0x0800de02       0x84 ./Drivers/STM32F1xx_HAL_Driver/Src/stm32f1xx_hal_tim.o
                0x0800de02                HAL_TIM_SlaveConfigSynchro
 *fill*         0x0800de86        0x2 
 .text.HAL_TIM_ReadCapturedValue
                0x0800de88       0x88 ./Drivers/STM32F1xx_HAL_Driver/Src/stm32f1xx_hal_tim.o
                0x0800de88                HAL_TIM_ReadCapturedValue
 .text.HAL_TIM_PeriodElapsedHalfCpltCallback
                0x0800df10       0x12 ./Drivers/STM32F1xx_HAL_Driver/Src/stm32f1xx_hal_tim.o
                0x0800df10                HAL_TIM_PeriodElapsedHalfCpltCallback
 .text.HAL_TIM_OC_DelayElapsedCallback
                0x0800df22       0x12 ./Drivers/STM32F1xx_HAL_Driver/Src/stm32f1xx_hal_tim.o
                0x0800df22                HAL_TIM_OC_DelayElapsedCallback
 .text.HAL_TIM_IC_CaptureHalfCpltCallback
                0x0800df34       0x12 ./Drivers/STM32F1xx_HAL_Driver/Src/stm32f1xx_hal_tim.o
                0x0800df34                HAL_TIM_IC_CaptureHalfCpltCallback
 .text.HAL_TIM_PWM_PulseFinishedCallback
                0x0800df46       0x12 ./Drivers/STM32F1xx_HAL_Driver/Src/stm32f1xx_hal_tim.o
                0x0800df46                HAL_TIM_PWM_PulseFinishedCallback
 .text.HAL_TIM_PWM_PulseFinishedHalfCpltCallback
                0x0800df58       0x12 ./Drivers/STM32F1xx_HAL_Driver/Src/stm32f1xx_hal_tim.o
                0x0800df58                HAL_TIM_PWM_PulseFinishedHalfCpltCallback
 .text.HAL_TIM_TriggerCallback
                0x0800df6a       0x12 ./Drivers/STM32F1xx_HAL_Driver/Src/stm32f1xx_hal_tim.o
                0x0800df6a                HAL_TIM_TriggerCallback
 .text.HAL_TIM_TriggerHalfCpltCallback
                0x0800df7c       0x12 ./Drivers/STM32F1xx_HAL_Driver/Src/stm32f1xx_hal_tim.o
                0x0800df7c                HAL_TIM_TriggerHalfCpltCallback
 .text.HAL_TIM_ErrorCallback
                0x0800df8e       0x12 ./Drivers/STM32F1xx_HAL_Driver/Src/stm32f1xx_hal_tim.o
                0x0800df8e                HAL_TIM_ErrorCallback
 .text.HAL_TIM_RegisterCallback
                0x0800dfa0      0x274 ./Drivers/STM32F1xx_HAL_Driver/Src/stm32f1xx_hal_tim.o
                0x0800dfa0                HAL_TIM_RegisterCallback
 .text.TIM_Base_SetConfig
                0x0800e214       0xdc ./Drivers/STM32F1xx_HAL_Driver/Src/stm32f1xx_hal_tim.o
                0x0800e214                TIM_Base_SetConfig
 .text.TIM_OC1_SetConfig
                0x0800e2f0       0xcc ./Drivers/STM32F1xx_HAL_Driver/Src/stm32f1xx_hal_tim.o
 .text.TIM_OC2_SetConfig
                0x0800e3bc       0xd4 ./Drivers/STM32F1xx_HAL_Driver/Src/stm32f1xx_hal_tim.o
                0x0800e3bc                TIM_OC2_SetConfig
 .text.TIM_OC3_SetConfig
                0x0800e490       0xd4 ./Drivers/STM32F1xx_HAL_Driver/Src/stm32f1xx_hal_tim.o
 .text.TIM_OC4_SetConfig
                0x0800e564       0x9c ./Drivers/STM32F1xx_HAL_Driver/Src/stm32f1xx_hal_tim.o
 .text.TIM_SlaveTimer_SetConfig
                0x0800e600      0x122 ./Drivers/STM32F1xx_HAL_Driver/Src/stm32f1xx_hal_tim.o
 *fill*         0x0800e722        0x2 
 .text.TIM_TI1_SetConfig
                0x0800e724       0xb4 ./Drivers/STM32F1xx_HAL_Driver/Src/stm32f1xx_hal_tim.o
                0x0800e724                TIM_TI1_SetConfig
 .text.TIM_TI1_ConfigInputStage
                0x0800e7d8       0x5c ./Drivers/STM32F1xx_HAL_Driver/Src/stm32f1xx_hal_tim.o
 .text.TIM_TI2_SetConfig
                0x0800e834       0x78 ./Drivers/STM32F1xx_HAL_Driver/Src/stm32f1xx_hal_tim.o
 .text.TIM_TI2_ConfigInputStage
                0x0800e8ac       0x5e ./Drivers/STM32F1xx_HAL_Driver/Src/stm32f1xx_hal_tim.o
 .text.TIM_TI3_SetConfig
                0x0800e90a       0x76 ./Drivers/STM32F1xx_HAL_Driver/Src/stm32f1xx_hal_tim.o
 .text.TIM_TI4_SetConfig
                0x0800e980       0x78 ./Drivers/STM32F1xx_HAL_Driver/Src/stm32f1xx_hal_tim.o
 .text.TIM_ITRx_SetConfig
                0x0800e9f8       0x34 ./Drivers/STM32F1xx_HAL_Driver/Src/stm32f1xx_hal_tim.o
 .text.TIM_ETR_SetConfig
                0x0800ea2c       0x3e ./Drivers/STM32F1xx_HAL_Driver/Src/stm32f1xx_hal_tim.o
                0x0800ea2c                TIM_ETR_SetConfig
 .text.TIM_CCxChannelCmd
                0x0800ea6a       0x48 ./Drivers/STM32F1xx_HAL_Driver/Src/stm32f1xx_hal_tim.o
                0x0800ea6a                TIM_CCxChannelCmd
 *fill*         0x0800eab2        0x2 
 .text.TIM_ResetCallback
                0x0800eab4       0xb0 ./Drivers/STM32F1xx_HAL_Driver/Src/stm32f1xx_hal_tim.o
                0x0800eab4                TIM_ResetCallback
 .text.HAL_TIMEx_MasterConfigSynchronization
                0x0800eb64       0xbc ./Drivers/STM32F1xx_HAL_Driver/Src/stm32f1xx_hal_tim_ex.o
                0x0800eb64                HAL_TIMEx_MasterConfigSynchronization
 .text.HAL_TIMEx_ConfigBreakDeadTime
                0x0800ec20       0xa2 ./Drivers/STM32F1xx_HAL_Driver/Src/stm32f1xx_hal_tim_ex.o
                0x0800ec20                HAL_TIMEx_ConfigBreakDeadTime
 .text.HAL_TIMEx_CommutCallback
                0x0800ecc2       0x12 ./Drivers/STM32F1xx_HAL_Driver/Src/stm32f1xx_hal_tim_ex.o
                0x0800ecc2                HAL_TIMEx_CommutCallback
 .text.HAL_TIMEx_CommutHalfCpltCallback
                0x0800ecd4       0x12 ./Drivers/STM32F1xx_HAL_Driver/Src/stm32f1xx_hal_tim_ex.o
                0x0800ecd4                HAL_TIMEx_CommutHalfCpltCallback
 .text.HAL_TIMEx_BreakCallback
                0x0800ece6       0x12 ./Drivers/STM32F1xx_HAL_Driver/Src/stm32f1xx_hal_tim_ex.o
                0x0800ece6                HAL_TIMEx_BreakCallback
 .text.HAL_UART_Init
                0x0800ecf8       0xa0 ./Drivers/STM32F1xx_HAL_Driver/Src/stm32f1xx_hal_uart.o
                0x0800ecf8                HAL_UART_Init
 .text.HAL_UART_DeInit
                0x0800ed98       0x64 ./Drivers/STM32F1xx_HAL_Driver/Src/stm32f1xx_hal_uart.o
                0x0800ed98                HAL_UART_DeInit
 .text.HAL_UART_Transmit
                0x0800edfc      0x116 ./Drivers/STM32F1xx_HAL_Driver/Src/stm32f1xx_hal_uart.o
                0x0800edfc                HAL_UART_Transmit
 .text.HAL_UART_Transmit_IT
                0x0800ef12       0x6a ./Drivers/STM32F1xx_HAL_Driver/Src/stm32f1xx_hal_uart.o
                0x0800ef12                HAL_UART_Transmit_IT
 .text.HAL_UART_Receive_IT
                0x0800ef7c       0x4a ./Drivers/STM32F1xx_HAL_Driver/Src/stm32f1xx_hal_uart.o
                0x0800ef7c                HAL_UART_Receive_IT
 *fill*         0x0800efc6        0x2 
 .text.HAL_UART_Transmit_DMA
                0x0800efc8       0xe0 ./Drivers/STM32F1xx_HAL_Driver/Src/stm32f1xx_hal_uart.o
                0x0800efc8                HAL_UART_Transmit_DMA
 .text.HAL_UART_IRQHandler
                0x0800f0a8      0x524 ./Drivers/STM32F1xx_HAL_Driver/Src/stm32f1xx_hal_uart.o
                0x0800f0a8                HAL_UART_IRQHandler
 .text.HAL_UART_TxHalfCpltCallback
                0x0800f5cc       0x12 ./Drivers/STM32F1xx_HAL_Driver/Src/stm32f1xx_hal_uart.o
                0x0800f5cc                HAL_UART_TxHalfCpltCallback
 .text.HAL_UARTEx_RxEventCallback
                0x0800f5de       0x16 ./Drivers/STM32F1xx_HAL_Driver/Src/stm32f1xx_hal_uart.o
                0x0800f5de                HAL_UARTEx_RxEventCallback
 .text.UART_DMATransmitCplt
                0x0800f5f4       0x9a ./Drivers/STM32F1xx_HAL_Driver/Src/stm32f1xx_hal_uart.o
 .text.UART_DMATxHalfCplt
                0x0800f68e       0x1c ./Drivers/STM32F1xx_HAL_Driver/Src/stm32f1xx_hal_uart.o
 .text.UART_DMAError
                0x0800f6aa       0x94 ./Drivers/STM32F1xx_HAL_Driver/Src/stm32f1xx_hal_uart.o
 .text.UART_WaitOnFlagUntilTimeout
                0x0800f73e       0xb2 ./Drivers/STM32F1xx_HAL_Driver/Src/stm32f1xx_hal_uart.o
 .text.UART_Start_Receive_IT
                0x0800f7f0       0x72 ./Drivers/STM32F1xx_HAL_Driver/Src/stm32f1xx_hal_uart.o
                0x0800f7f0                UART_Start_Receive_IT
 .text.UART_EndTxTransfer
                0x0800f862       0x4e ./Drivers/STM32F1xx_HAL_Driver/Src/stm32f1xx_hal_uart.o
 .text.UART_EndRxTransfer
                0x0800f8b0       0xc4 ./Drivers/STM32F1xx_HAL_Driver/Src/stm32f1xx_hal_uart.o
 .text.UART_DMAAbortOnError
                0x0800f974       0x28 ./Drivers/STM32F1xx_HAL_Driver/Src/stm32f1xx_hal_uart.o
 .text.UART_Transmit_IT
                0x0800f99c       0x9e ./Drivers/STM32F1xx_HAL_Driver/Src/stm32f1xx_hal_uart.o
 .text.UART_EndTransmit_IT
                0x0800fa3a       0x30 ./Drivers/STM32F1xx_HAL_Driver/Src/stm32f1xx_hal_uart.o
 .text.UART_Receive_IT
                0x0800fa6a      0x17c ./Drivers/STM32F1xx_HAL_Driver/Src/stm32f1xx_hal_uart.o
 *fill*         0x0800fbe6        0x2 
 .text.UART_SetConfig
                0x0800fbe8      0x11c ./Drivers/STM32F1xx_HAL_Driver/Src/stm32f1xx_hal_uart.o
 .text.memcmp   0x0800fd04       0x20 C:/ST/STM32CubeIDE_2.1.1/STM32CubeIDE/plugins/com.st.stm32cube.ide.mcu.externaltools.gnu-tools-for-stm32.13.3.rel1.win32_1.0.100.202509120712/tools/bin/../lib/gcc/arm-none-eabi/13.3.1/../../../../arm-none-eabi/lib/thumb/v7-m/nofp\libc_nano.a(libc_a-memcmp.o)
                0x0800fd04                memcmp
 .text.memset   0x0800fd24       0x10 C:/ST/STM32CubeIDE_2.1.1/STM32CubeIDE/plugins/com.st.stm32cube.ide.mcu.externaltools.gnu-tools-for-stm32.13.3.rel1.win32_1.0.100.202509120712/tools/bin/../lib/gcc/arm-none-eabi/13.3.1/../../../../arm-none-eabi/lib/thumb/v7-m/nofp\libc_nano.a(libc_a-memset.o)
                0x0800fd24                memset
 .text.__libc_init_array
                0x0800fd34       0x48 C:/ST/STM32CubeIDE_2.1.1/STM32CubeIDE/plugins/com.st.stm32cube.ide.mcu.externaltools.gnu-tools-for-stm32.13.3.rel1.win32_1.0.100.202509120712/tools/bin/../lib/gcc/arm-none-eabi/13.3.1/../../../../arm-none-eabi/lib/thumb/v7-m/nofp\libc_nano.a(libc_a-init.o)
                0x0800fd34                __libc_init_array
 .text.memcpy   0x0800fd7c       0x1c C:/ST/STM32CubeIDE_2.1.1/STM32CubeIDE/plugins/com.st.stm32cube.ide.mcu.externaltools.gnu-tools-for-stm32.13.3.rel1.win32_1.0.100.202509120712/tools/bin/../lib/gcc/arm-none-eabi/13.3.1/../../../../arm-none-eabi/lib/thumb/v7-m/nofp\libc_nano.a(libc_a-memcpy-stub.o)
                0x0800fd7c                memcpy
 *(.glue_7)
 .glue_7        0x0800fd98        0x0 linker stubs
 *(.glue_7t)
 .glue_7t       0x0800fd98        0x0 linker stubs
 *(.eh_frame)
 .eh_frame      0x0800fd98        0x0 C:/ST/STM32CubeIDE_2.1.1/STM32CubeIDE/plugins/com.st.stm32cube.ide.mcu.externaltools.gnu-tools-for-stm32.13.3.rel1.win32_1.0.100.202509120712/tools/bin/../lib/gcc/arm-none-eabi/13.3.1/thumb/v7-m/nofp/crtbegin.o
 *(.init)
 .init          0x0800fd98        0x4 C:/ST/STM32CubeIDE_2.1.1/STM32CubeIDE/plugins/com.st.stm32cube.ide.mcu.externaltools.gnu-tools-for-stm32.13.3.rel1.win32_1.0.100.202509120712/tools/bin/../lib/gcc/arm-none-eabi/13.3.1/thumb/v7-m/nofp/crti.o
                0x0800fd98                _init
 .init          0x0800fd9c        0x8 C:/ST/STM32CubeIDE_2.1.1/STM32CubeIDE/plugins/com.st.stm32cube.ide.mcu.externaltools.gnu-tools-for-stm32.13.3.rel1.win32_1.0.100.202509120712/tools/bin/../lib/gcc/arm-none-eabi/13.3.1/thumb/v7-m/nofp/crtn.o
 *(.fini)
 .fini          0x0800fda4        0x4 C:/ST/STM32CubeIDE_2.1.1/STM32CubeIDE/plugins/com.st.stm32cube.ide.mcu.externaltools.gnu-tools-for-stm32.13.3.rel1.win32_1.0.100.202509120712/tools/bin/../lib/gcc/arm-none-eabi/13.3.1/thumb/v7-m/nofp/crti.o
                0x0800fda4                _fini
 .fini          0x0800fda8        0x8 C:/ST/STM32CubeIDE_2.1.1/STM32CubeIDE/plugins/com.st.stm32cube.ide.mcu.externaltools.gnu-tools-for-stm32.13.3.rel1.win32_1.0.100.202509120712/tools/bin/../lib/gcc/arm-none-eabi/13.3.1/thumb/v7-m/nofp/crtn.o
                0x0800fdb0                        . = ALIGN (0x4)
                0x0800fdb0                        _etext = .

.vfp11_veneer   0x0800fdb0        0x0
 .vfp11_veneer  0x0800fdb0        0x0 linker stubs

.v4_bx          0x0800fdb0        0x0
 .v4_bx         0x0800fdb0        0x0 linker stubs

.iplt           0x0800fdb0        0x0
 .iplt          0x0800fdb0        0x0 C:/ST/STM32CubeIDE_2.1.1/STM32CubeIDE/plugins/com.st.stm32cube.ide.mcu.externaltools.gnu-tools-for-stm32.13.3.rel1.win32_1.0.100.202509120712/tools/bin/../lib/gcc/arm-none-eabi/13.3.1/thumb/v7-m/nofp/crtbegin.o

.rodata         0x0800fdb0      0x1b0
                0x0800fdb0                        . = ALIGN (0x4)
 *(.rodata)
 .rodata        0x0800fdb0       0x1b ./Core/Src/Drivers/thermo_drv.o
 *(.rodata*)
 *fill*         0x0800fdcb        0x1 
 .rodata.mavlink_sha256_constant_256
                0x0800fdcc      0x100 ./Core/Src/App/comm.o
 .rodata.mavlink_message_crcs.1
                0x0800fecc       0x54 ./Core/Src/App/comm.o
 .rodata.AHBPrescTable
                0x0800ff20       0x10 ./Core/Src/system_stm32f1xx.o
                0x0800ff20                AHBPrescTable
 .rodata.APBPrescTable
                0x0800ff30        0x8 ./Core/Src/system_stm32f1xx.o
                0x0800ff30                APBPrescTable
 .rodata.aPLLMULFactorTable.1
                0x0800ff38       0x10 ./Drivers/STM32F1xx_HAL_Driver/Src/stm32f1xx_hal_rcc.o
 .rodata.aPredivFactorTable.0
                0x0800ff48        0x2 ./Drivers/STM32F1xx_HAL_Driver/Src/stm32f1xx_hal_rcc.o
 *fill*         0x0800ff4a        0x2 
 .rodata.aPLLMULFactorTable.1
                0x0800ff4c       0x10 ./Drivers/STM32F1xx_HAL_Driver/Src/stm32f1xx_hal_rcc_ex.o
 .rodata.aPredivFactorTable.0
                0x0800ff5c        0x2 ./Drivers/STM32F1xx_HAL_Driver/Src/stm32f1xx_hal_rcc_ex.o
                0x0800ff60                        . = ALIGN (0x4)
 *fill*         0x0800ff5e        0x2 

.ARM.extab      0x0800ff60        0x0
                0x0800ff60                        . = ALIGN (0x4)
 *(.ARM.extab* .gnu.linkonce.armextab.*)
                0x0800ff60                        . = ALIGN (0x4)

.ARM            0x0800ff60        0x0
                0x0800ff60                        . = ALIGN (0x4)
                0x0800ff60                        __exidx_start = .
 *(.ARM.exidx*)
                0x0800ff60                        __exidx_end = .
                0x0800ff60                        . = ALIGN (0x4)

.preinit_array  0x0800ff60        0x0
                0x0800ff60                        . = ALIGN (0x4)
                0x0800ff60                        PROVIDE (__preinit_array_start = .)
 *(.preinit_array*)
                0x0800ff60                        PROVIDE (__preinit_array_end = .)
                0x0800ff60                        . = ALIGN (0x4)

.init_array     0x0800ff60        0x4
                0x0800ff60                        . = ALIGN (0x4)
                0x0800ff60                        PROVIDE (__init_array_start = .)
 *(SORT_BY_NAME(.init_array.*))
 *(.init_array*)
 .init_array    0x0800ff60        0x4 C:/ST/STM32CubeIDE_2.1.1/STM32CubeIDE/plugins/com.st.stm32cube.ide.mcu.externaltools.gnu-tools-for-stm32.13.3.rel1.win32_1.0.100.202509120712/tools/bin/../lib/gcc/arm-none-eabi/13.3.1/thumb/v7-m/nofp/crtbegin.o
                0x0800ff64                        PROVIDE (__init_array_end = .)
                0x0800ff64                        . = ALIGN (0x4)

.fini_array     0x0800ff64        0x4
                0x0800ff64                        . = ALIGN (0x4)
                [!provide]                        PROVIDE (__fini_array_start = .)
 *(SORT_BY_NAME(.fini_array.*))
 *(.fini_array*)
 .fini_array    0x0800ff64        0x4 C:/ST/STM32CubeIDE_2.1.1/STM32CubeIDE/plugins/com.st.stm32cube.ide.mcu.externaltools.gnu-tools-for-stm32.13.3.rel1.win32_1.0.100.202509120712/tools/bin/../lib/gcc/arm-none-eabi/13.3.1/thumb/v7-m/nofp/crtbegin.o
                [!provide]                        PROVIDE (__fini_array_end = .)
                0x0800ff68                        . = ALIGN (0x4)
                0x0800ff68                        _sidata = LOADADDR (.data)

.data           0x20000000       0x1c load address 0x0800ff68
                0x20000000                        . = ALIGN (0x4)
                0x20000000                        _sdata = .
 *(.data)
 *(.data*)
 .data.s_seq_num
                0x20000000        0x1 ./Core/Src/App/comm.o
 *fill*         0x20000001        0x1 
 .data.s_slave_timeout
                0x20000002        0x2 ./Core/Src/App/comm.o
 .data.s_debug_timer
                0x20000004        0x2 ./Core/Src/App/comm.o
 .data.s_status_timer
                0x20000006        0x2 ./Core/Src/App/comm.o
 .data.s_config
                0x20000008        0x6 ./Core/Src/App/config.o
 .data.s_temp_x100
                0x2000000e        0x2 ./Core/Src/Drivers/thermo_drv.o
 .data.SystemCoreClock
                0x20000010        0x4 ./Core/Src/system_stm32f1xx.o
                0x20000010                SystemCoreClock
 .data.uwTickPrio
                0x20000014        0x4 ./Drivers/STM32F1xx_HAL_Driver/Src/stm32f1xx_hal.o
                0x20000014                uwTickPrio
 .data.uwTickFreq
                0x20000018        0x1 ./Drivers/STM32F1xx_HAL_Driver/Src/stm32f1xx_hal.o
                0x20000018                uwTickFreq
 *(.RamFunc)
 *(.RamFunc*)
                0x2000001c                        . = ALIGN (0x4)
 *fill*         0x20000019        0x3 
                0x2000001c                        _edata = .

.igot.plt       0x2000001c        0x0 load address 0x0800ff84
 .igot.plt      0x2000001c        0x0 C:/ST/STM32CubeIDE_2.1.1/STM32CubeIDE/plugins/com.st.stm32cube.ide.mcu.externaltools.gnu-tools-for-stm32.13.3.rel1.win32_1.0.100.202509120712/tools/bin/../lib/gcc/arm-none-eabi/13.3.1/thumb/v7-m/nofp/crtbegin.o
                0x2000001c                        . = ALIGN (0x4)

.bss            0x20000020      0xe90 load address 0x0800ff84
                0x20000020                        _sbss = .
                0x20000020                        __bss_start__ = _sbss
 *(.bss)
 .bss           0x20000020       0x1c C:/ST/STM32CubeIDE_2.1.1/STM32CubeIDE/plugins/com.st.stm32cube.ide.mcu.externaltools.gnu-tools-for-stm32.13.3.rel1.win32_1.0.100.202509120712/tools/bin/../lib/gcc/arm-none-eabi/13.3.1/thumb/v7-m/nofp/crtbegin.o
 *(.bss*)
 .bss.s_mode    0x2000003c        0x1 ./Core/Src/App/comm.o
 *fill*         0x2000003d        0x3 
 .bss.s_bitmask
                0x20000040        0x4 ./Core/Src/App/comm.o
 .bss.s_sm      0x20000044        0x4 ./Core/Src/App/comm.o
 .bss.s_msg_ready_up
                0x20000048        0x1 ./Core/Src/App/comm.o
 .bss.s_msg_ready_down
                0x20000049        0x1 ./Core/Src/App/comm.o
 *fill*         0x2000004a        0x2 
 .bss.s_msg_up  0x2000004c      0x123 ./Core/Src/App/comm.o
 *fill*         0x2000016f        0x1 
 .bss.s_msg_down
                0x20000170      0x123 ./Core/Src/App/comm.o
 *fill*         0x20000293        0x1 
 .bss.s_status_up
                0x20000294       0x18 ./Core/Src/App/comm.o
 .bss.s_status_down
                0x200002ac       0x18 ./Core/Src/App/comm.o
 .bss.s_send_heartbeat
                0x200002c4        0x1 ./Core/Src/App/comm.o
 .bss.s_send_status
                0x200002c5        0x1 ./Core/Src/App/comm.o
 .bss.s_send_debug
                0x200002c6        0x1 ./Core/Src/App/comm.o
 *fill*         0x200002c7        0x1 
 .bss.m_mavlink_status.2
                0x200002c8       0x60 ./Core/Src/App/comm.o
 .bss.m_mavlink_buffer.0
                0x20000328      0x48c ./Core/Src/App/comm.o
 .bss.s_phase   0x200007b4        0x1 ./Core/Src/App/input_proto.o
 *fill*         0x200007b5        0x3 
 .bss.s_ts      0x200007b8        0x4 ./Core/Src/App/input_proto.o
 .bss.entered.3
                0x200007bc        0x1 ./Core/Src/App/state_machine.o
 *fill*         0x200007bd        0x3 
 .bss.blink_ts.2
                0x200007c0        0x4 ./Core/Src/App/state_machine.o
 .bss.toggle.1  0x200007c4        0x1 ./Core/Src/App/state_machine.o
 .bss.counter_edge.0
                0x200007c5        0x1 ./Core/Src/App/state_machine.o
 .bss.s_reverse
                0x200007c6        0x1 ./Core/Src/Drivers/heater_drv.o
 *fill*         0x200007c7        0x1 
 .bss.s_switching
                0x200007c8        0x2 ./Core/Src/Drivers/heater_drv.o
 .bss.s_armed   0x200007ca        0x1 ./Core/Src/Drivers/pwm_drv.o
 .bss.s_detect_count.2
                0x200007cb        0x1 ./Core/Src/Drivers/pwm_drv.o
 .bss.s_last_pulse.1
                0x200007cc        0x4 ./Core/Src/Drivers/pwm_drv.o
 .bss.s_stable_count.0
                0x200007d0        0x1 ./Core/Src/Drivers/pwm_drv.o
 .bss.s_pusher_cmd
                0x200007d1        0x1 ./Core/Src/Drivers/servo_drv.o
 .bss.s_stoper_cmd
                0x200007d2        0x1 ./Core/Src/Drivers/servo_drv.o
 *fill*         0x200007d3        0x1 
 .bss.s_stoper_open
                0x200007d4        0x2 ./Core/Src/Drivers/servo_drv.o
 .bss.s_stoper_close
                0x200007d6        0x2 ./Core/Src/Drivers/servo_drv.o
 .bss.s_fixator_hist
                0x200007d8        0x1 ./Core/Src/Drivers/switches_drv.o
 .bss.s_counter_hist
                0x200007d9        0x1 ./Core/Src/Drivers/switches_drv.o
 .bss.s_finish_hist
                0x200007da        0x1 ./Core/Src/Drivers/switches_drv.o
 .bss.s_start_hist
                0x200007db        0x1 ./Core/Src/Drivers/switches_drv.o
 .bss.s_state   0x200007dc        0x4 ./Core/Src/Drivers/switches_drv.o
 .bss.s_ds18    0x200007e0       0x7c ./Core/Src/Drivers/thermo_drv.o
 .bss.s_state   0x2000085c        0x1 ./Core/Src/Drivers/thermo_drv.o
 *fill*         0x2000085d        0x3 
 .bss.s_ts      0x20000860        0x4 ./Core/Src/Drivers/thermo_drv.o
 .bss.s_last_start
                0x20000864        0x4 ./Core/Src/Drivers/thermo_drv.o
 .bss.isTicked  0x20000868        0x1 ./Core/Src/Drivers/thermo_drv.o
 .bss.s_rx_byte_up
                0x20000869        0x1 ./Core/Src/Drivers/uart_drv.o
 .bss.s_rx_byte_down
                0x2000086a        0x1 ./Core/Src/Drivers/uart_drv.o
 .bss.s_tx_busy_up
                0x2000086b        0x1 ./Core/Src/Drivers/uart_drv.o
 .bss.s_tx_busy_down
                0x2000086c        0x1 ./Core/Src/Drivers/uart_drv.o
 *fill*         0x2000086d        0x3 
 .bss.s_tx_buf_up
                0x20000870      0x118 ./Core/Src/Drivers/uart_drv.o
 .bss.s_tx_buf_down
                0x20000988      0x118 ./Core/Src/Drivers/uart_drv.o
 .bss.s_voltage
                0x20000aa0        0x4 ./Core/Src/Drivers/voltage_drv.o
 .bss.hadc1     0x20000aa4       0x30 ./Core/Src/adc.o
                0x20000aa4                hadc1
 .bss.g_sm      0x20000ad4       0x10 ./Core/Src/app.o
 .bss.g_tick_counter
                0x20000ae4        0x2 ./Core/Src/app.o
 *fill*         0x20000ae6        0x2 
 .bss.hrtc      0x20000ae8       0x14 ./Core/Src/rtc.o
                0x20000ae8                hrtc
 .bss.hspi1     0x20000afc       0x58 ./Core/Src/spi.o
                0x20000afc                hspi1
 .bss.htim1     0x20000b54       0xb4 ./Core/Src/tim.o
                0x20000b54                htim1
 .bss.htim2     0x20000c08       0xb4 ./Core/Src/tim.o
                0x20000c08                htim2
 .bss.htim4     0x20000cbc       0xb4 ./Core/Src/tim.o
                0x20000cbc                htim4
 .bss.huart1    0x20000d70       0x48 ./Core/Src/usart.o
                0x20000d70                huart1
 .bss.huart2    0x20000db8       0x48 ./Core/Src/usart.o
                0x20000db8                huart2
 .bss.hdma_usart1_tx
                0x20000e00       0x44 ./Core/Src/usart.o
                0x20000e00                hdma_usart1_tx
 .bss.hdma_usart2_tx
                0x20000e44       0x44 ./Core/Src/usart.o
                0x20000e44                hdma_usart2_tx
 .bss.uwTick    0x20000e88        0x4 ./Drivers/STM32F1xx_HAL_Driver/Src/stm32f1xx_hal.o
                0x20000e88                uwTick
 *fill*         0x20000e8c        0x4 
 .bss.pFlash    0x20000e90       0x20 ./Drivers/STM32F1xx_HAL_Driver/Src/stm32f1xx_hal_flash.o
                0x20000e90                pFlash
 *(COMMON)
                0x20000eb0                        . = ALIGN (0x4)
                0x20000eb0                        _ebss = .
                0x20000eb0                        __bss_end__ = _ebss

.fw_flag        0x08012000        0x4
 *(.fw_flag)
 .fw_flag       0x08012000        0x4 ./Core/Src/fw_flags.o
                0x08012000                firmware_valid_flag

.rel.dyn        0x08012004        0x0
 .rel.iplt      0x08012004        0x0 C:/ST/STM32CubeIDE_2.1.1/STM32CubeIDE/plugins/com.st.stm32cube.ide.mcu.externaltools.gnu-tools-for-stm32.13.3.rel1.win32_1.0.100.202509120712/tools/bin/../lib/gcc/arm-none-eabi/13.3.1/thumb/v7-m/nofp/crtbegin.o

._user_heap_stack
                0x20000eb0      0x600
                0x20000eb0                        . = ALIGN (0x8)
                [!provide]                        PROVIDE (end = .)
                0x20000eb0                        PROVIDE (_end = .)
                0x200010b0                        . = (. + _Min_Heap_Size)
 *fill*         0x20000eb0      0x200 
                0x200014b0                        . = (. + _Min_Stack_Size)
 *fill*         0x200010b0      0x400 
                0x200014b0                        . = ALIGN (0x8)

/DISCARD/
 libc.a(*)
 libm.a(*)
 libgcc.a(*)

.ARM.attributes
                0x00000000       0x29
 *(.ARM.attributes)
 .ARM.attributes
                0x00000000       0x1d C:/ST/STM32CubeIDE_2.1.1/STM32CubeIDE/plugins/com.st.stm32cube.ide.mcu.externaltools.gnu-tools-for-stm32.13.3.rel1.win32_1.0.100.202509120712/tools/bin/../lib/gcc/arm-none-eabi/13.3.1/thumb/v7-m/nofp/crti.o
 .ARM.attributes
                0x0000001d       0x2d C:/ST/STM32CubeIDE_2.1.1/STM32CubeIDE/plugins/com.st.stm32cube.ide.mcu.externaltools.gnu-tools-for-stm32.13.3.rel1.win32_1.0.100.202509120712/tools/bin/../lib/gcc/arm-none-eabi/13.3.1/thumb/v7-m/nofp/crtbegin.o
 .ARM.attributes
                0x0000004a       0x2d ./Core/Src/App/comm.o
 .ARM.attributes
                0x00000077       0x2d ./Core/Src/App/config.o
 .ARM.attributes
                0x000000a4       0x2d ./Core/Src/App/flasher.o
 .ARM.attributes
                0x000000d1       0x2d ./Core/Src/App/input_proto.o
 .ARM.attributes
                0x000000fe       0x2d ./Core/Src/App/state_machine.o
 .ARM.attributes
                0x0000012b       0x2d ./Core/Src/Drivers/flash_drv.o
 .ARM.attributes
                0x00000158       0x2d ./Core/Src/Drivers/heater_drv.o
 .ARM.attributes
                0x00000185       0x2d ./Core/Src/Drivers/pwm_drv.o
 .ARM.attributes
                0x000001b2       0x2d ./Core/Src/Drivers/servo_drv.o
 .ARM.attributes
                0x000001df       0x2d ./Core/Src/Drivers/switches_drv.o
 .ARM.attributes
                0x0000020c       0x2d ./Core/Src/Drivers/thermo_drv.o
 .ARM.attributes
                0x00000239       0x2d ./Core/Src/Drivers/uart_drv.o
 .ARM.attributes
                0x00000266       0x2d ./Core/Src/Drivers/voltage_drv.o
 .ARM.attributes
                0x00000293       0x2d ./Core/Src/adc.o
 .ARM.attributes
                0x000002c0       0x2d ./Core/Src/app.o
 .ARM.attributes
                0x000002ed       0x2d ./Core/Src/dma.o
 .ARM.attributes
                0x0000031a       0x2d ./Core/Src/ds18b20.o
 .ARM.attributes
                0x00000347       0x2d ./Core/Src/fw_flags.o
 .ARM.attributes
                0x00000374       0x2d ./Core/Src/gpio.o
 .ARM.attributes
                0x000003a1       0x2d ./Core/Src/main.o
 .ARM.attributes
                0x000003ce       0x2d ./Core/Src/ow.o
 .ARM.attributes
                0x000003fb       0x2d ./Core/Src/rtc.o
 .ARM.attributes
                0x00000428       0x2d ./Core/Src/spi.o
 .ARM.attributes
                0x00000455       0x2d ./Core/Src/stm32f1xx_hal_msp.o
 .ARM.attributes
                0x00000482       0x2d ./Core/Src/stm32f1xx_it.o
 .ARM.attributes
                0x000004af       0x2d ./Core/Src/system_stm32f1xx.o
 .ARM.attributes
                0x000004dc       0x2d ./Core/Src/tim.o
 .ARM.attributes
                0x00000509       0x2d ./Core/Src/usart.o
 .ARM.attributes
                0x00000536       0x21 ./Core/Startup/startup_stm32f103c8tx.o
 .ARM.attributes
                0x00000557       0x2d ./Drivers/STM32F1xx_HAL_Driver/Src/stm32f1xx_hal.o
 .ARM.attributes
                0x00000584       0x2d ./Drivers/STM32F1xx_HAL_Driver/Src/stm32f1xx_hal_adc.o
 .ARM.attributes
                0x000005b1       0x2d ./Drivers/STM32F1xx_HAL_Driver/Src/stm32f1xx_hal_cortex.o
 .ARM.attributes
                0x000005de       0x2d ./Drivers/STM32F1xx_HAL_Driver/Src/stm32f1xx_hal_dma.o
 .ARM.attributes
                0x0000060b       0x2d ./Drivers/STM32F1xx_HAL_Driver/Src/stm32f1xx_hal_flash.o
 .ARM.attributes
                0x00000638       0x2d ./Drivers/STM32F1xx_HAL_Driver/Src/stm32f1xx_hal_flash_ex.o
 .ARM.attributes
                0x00000665       0x2d ./Drivers/STM32F1xx_HAL_Driver/Src/stm32f1xx_hal_gpio.o
 .ARM.attributes
                0x00000692       0x2d ./Drivers/STM32F1xx_HAL_Driver/Src/stm32f1xx_hal_pwr.o
 .ARM.attributes
                0x000006bf       0x2d ./Drivers/STM32F1xx_HAL_Driver/Src/stm32f1xx_hal_rcc.o
 .ARM.attributes
                0x000006ec       0x2d ./Drivers/STM32F1xx_HAL_Driver/Src/stm32f1xx_hal_rcc_ex.o
 .ARM.attributes
                0x00000719       0x2d ./Drivers/STM32F1xx_HAL_Driver/Src/stm32f1xx_hal_rtc.o
 .ARM.attributes
                0x00000746       0x2d ./Drivers/STM32F1xx_HAL_Driver/Src/stm32f1xx_hal_spi.o
 .ARM.attributes
                0x00000773       0x2d ./Drivers/STM32F1xx_HAL_Driver/Src/stm32f1xx_hal_tim.o
 .ARM.attributes
                0x000007a0       0x2d ./Drivers/STM32F1xx_HAL_Driver/Src/stm32f1xx_hal_tim_ex.o
 .ARM.attributes
                0x000007cd       0x2d ./Drivers/STM32F1xx_HAL_Driver/Src/stm32f1xx_hal_uart.o
 .ARM.attributes
                0x000007fa       0x2d C:/ST/STM32CubeIDE_2.1.1/STM32CubeIDE/plugins/com.st.stm32cube.ide.mcu.externaltools.gnu-tools-for-stm32.13.3.rel1.win32_1.0.100.202509120712/tools/bin/../lib/gcc/arm-none-eabi/13.3.1/../../../../arm-none-eabi/lib/thumb/v7-m/nofp\libc_nano.a(libc_a-memcmp.o)
 .ARM.attributes
                0x00000827       0x2d C:/ST/STM32CubeIDE_2.1.1/STM32CubeIDE/plugins/com.st.stm32cube.ide.mcu.externaltools.gnu-tools-for-stm32.13.3.rel1.win32_1.0.100.202509120712/tools/bin/../lib/gcc/arm-none-eabi/13.3.1/../../../../arm-none-eabi/lib/thumb/v7-m/nofp\libc_nano.a(libc_a-memset.o)
 .ARM.attributes
                0x00000854       0x2d C:/ST/STM32CubeIDE_2.1.1/STM32CubeIDE/plugins/com.st.stm32cube.ide.mcu.externaltools.gnu-tools-for-stm32.13.3.rel1.win32_1.0.100.202509120712/tools/bin/../lib/gcc/arm-none-eabi/13.3.1/../../../../arm-none-eabi/lib/thumb/v7-m/nofp\libc_nano.a(libc_a-init.o)
 .ARM.attributes
                0x00000881       0x2d C:/ST/STM32CubeIDE_2.1.1/STM32CubeIDE/plugins/com.st.stm32cube.ide.mcu.externaltools.gnu-tools-for-stm32.13.3.rel1.win32_1.0.100.202509120712/tools/bin/../lib/gcc/arm-none-eabi/13.3.1/../../../../arm-none-eabi/lib/thumb/v7-m/nofp\libc_nano.a(libc_a-memcpy-stub.o)
 .ARM.attributes
                0x000008ae       0x1d C:/ST/STM32CubeIDE_2.1.1/STM32CubeIDE/plugins/com.st.stm32cube.ide.mcu.externaltools.gnu-tools-for-stm32.13.3.rel1.win32_1.0.100.202509120712/tools/bin/../lib/gcc/arm-none-eabi/13.3.1/thumb/v7-m/nofp\libgcc.a(_arm_addsubsf3.o)
 .ARM.attributes
                0x000008cb       0x1d C:/ST/STM32CubeIDE_2.1.1/STM32CubeIDE/plugins/com.st.stm32cube.ide.mcu.externaltools.gnu-tools-for-stm32.13.3.rel1.win32_1.0.100.202509120712/tools/bin/../lib/gcc/arm-none-eabi/13.3.1/thumb/v7-m/nofp\libgcc.a(_arm_muldivsf3.o)
 .ARM.attributes
                0x000008e8       0x1d C:/ST/STM32CubeIDE_2.1.1/STM32CubeIDE/plugins/com.st.stm32cube.ide.mcu.externaltools.gnu-tools-for-stm32.13.3.rel1.win32_1.0.100.202509120712/tools/bin/../lib/gcc/arm-none-eabi/13.3.1/thumb/v7-m/nofp\libgcc.a(_arm_cmpsf2.o)
 .ARM.attributes
                0x00000905       0x1d C:/ST/STM32CubeIDE_2.1.1/STM32CubeIDE/plugins/com.st.stm32cube.ide.mcu.externaltools.gnu-tools-for-stm32.13.3.rel1.win32_1.0.100.202509120712/tools/bin/../lib/gcc/arm-none-eabi/13.3.1/thumb/v7-m/nofp\libgcc.a(_arm_fixunssfsi.o)
 .ARM.attributes
                0x00000922       0x1d C:/ST/STM32CubeIDE_2.1.1/STM32CubeIDE/plugins/com.st.stm32cube.ide.mcu.externaltools.gnu-tools-for-stm32.13.3.rel1.win32_1.0.100.202509120712/tools/bin/../lib/gcc/arm-none-eabi/13.3.1/thumb/v7-m/nofp/crtn.o
OUTPUT(SKYD 3.0.2.elf elf32-littlearm)
LOAD linker stubs
LOAD C:/ST/STM32CubeIDE_2.1.1/STM32CubeIDE/plugins/com.st.stm32cube.ide.mcu.externaltools.gnu-tools-for-stm32.13.3.rel1.win32_1.0.100.202509120712/tools/bin/../lib/gcc/arm-none-eabi/13.3.1/../../../../arm-none-eabi/lib/thumb/v7-m/nofp\libc.a
LOAD C:/ST/STM32CubeIDE_2.1.1/STM32CubeIDE/plugins/com.st.stm32cube.ide.mcu.externaltools.gnu-tools-for-stm32.13.3.rel1.win32_1.0.100.202509120712/tools/bin/../lib/gcc/arm-none-eabi/13.3.1/../../../../arm-none-eabi/lib/thumb/v7-m/nofp\libm.a
LOAD C:/ST/STM32CubeIDE_2.1.1/STM32CubeIDE/plugins/com.st.stm32cube.ide.mcu.externaltools.gnu-tools-for-stm32.13.3.rel1.win32_1.0.100.202509120712/tools/bin/../lib/gcc/arm-none-eabi/13.3.1/thumb/v7-m/nofp\libgcc.a

.debug_info     0x00000000    0x1d890
 .debug_info    0x00000000     0x2868 ./Core/Src/App/comm.o
 .debug_info    0x00002868      0x211 ./Core/Src/App/config.o
 .debug_info    0x00002a79      0x44a ./Core/Src/App/flasher.o
 .debug_info    0x00002ec3      0x191 ./Core/Src/App/input_proto.o
 .debug_info    0x00003054      0x7ac ./Core/Src/App/state_machine.o
 .debug_info    0x00003800      0x2a5 ./Core/Src/Drivers/flash_drv.o
 .debug_info    0x00003aa5      0xb9c ./Core/Src/Drivers/heater_drv.o
 .debug_info    0x00004641     0x10ac ./Core/Src/Drivers/pwm_drv.o
 .debug_info    0x000056ed      0x977 ./Core/Src/Drivers/servo_drv.o
 .debug_info    0x00006064      0x233 ./Core/Src/Drivers/switches_drv.o
 .debug_info    0x00006297      0xf55 ./Core/Src/Drivers/thermo_drv.o
 .debug_info    0x000071ec      0x932 ./Core/Src/Drivers/uart_drv.o
 .debug_info    0x00007b1e      0x20b ./Core/Src/Drivers/voltage_drv.o
 .debug_info    0x00007d29      0x812 ./Core/Src/adc.o
 .debug_info    0x0000853b      0xdc9 ./Core/Src/app.o
 .debug_info    0x00009304      0x2cf ./Core/Src/dma.o
 .debug_info    0x000095d3     0x1049 ./Core/Src/ds18b20.o
 .debug_info    0x0000a61c       0x98 ./Core/Src/fw_flags.o
 .debug_info    0x0000a6b4      0x362 ./Core/Src/gpio.o
 .debug_info    0x0000aa16      0x35e ./Core/Src/main.o
 .debug_info    0x0000ad74     0x1522 ./Core/Src/ow.o
 .debug_info    0x0000c296      0x484 ./Core/Src/rtc.o
 .debug_info    0x0000c71a      0x853 ./Core/Src/spi.o
 .debug_info    0x0000cf6d      0x1f1 ./Core/Src/stm32f1xx_hal_msp.o
 .debug_info    0x0000d15e      0xe53 ./Core/Src/stm32f1xx_it.o
 .debug_info    0x0000dfb1      0x3ed ./Core/Src/system_stm32f1xx.o
 .debug_info    0x0000e39e      0xf7b ./Core/Src/tim.o
 .debug_info    0x0000f319      0xa61 ./Core/Src/usart.o
 .debug_info    0x0000fd7a       0x30 ./Core/Startup/startup_stm32f103c8tx.o
 .debug_info    0x0000fdaa      0x704 ./Drivers/STM32F1xx_HAL_Driver/Src/stm32f1xx_hal.o
 .debug_info    0x000104ae      0xc50 ./Drivers/STM32F1xx_HAL_Driver/Src/stm32f1xx_hal_adc.o
 .debug_info    0x000110fe      0xa87 ./Drivers/STM32F1xx_HAL_Driver/Src/stm32f1xx_hal_cortex.o
 .debug_info    0x00011b85      0x6d2 ./Drivers/STM32F1xx_HAL_Driver/Src/stm32f1xx_hal_dma.o
 .debug_info    0x00012257      0x4f8 ./Drivers/STM32F1xx_HAL_Driver/Src/stm32f1xx_hal_flash.o
 .debug_info    0x0001274f      0x777 ./Drivers/STM32F1xx_HAL_Driver/Src/stm32f1xx_hal_flash_ex.o
 .debug_info    0x00012ec6      0x5ab ./Drivers/STM32F1xx_HAL_Driver/Src/stm32f1xx_hal_gpio.o
 .debug_info    0x00013471      0x628 ./Drivers/STM32F1xx_HAL_Driver/Src/stm32f1xx_hal_pwr.o
 .debug_info    0x00013a99      0x7d5 ./Drivers/STM32F1xx_HAL_Driver/Src/stm32f1xx_hal_rcc.o
 .debug_info    0x0001426e      0x3c0 ./Drivers/STM32F1xx_HAL_Driver/Src/stm32f1xx_hal_rcc_ex.o
 .debug_info    0x0001462e      0xc73 ./Drivers/STM32F1xx_HAL_Driver/Src/stm32f1xx_hal_rtc.o
 .debug_info    0x000152a1     0x142d ./Drivers/STM32F1xx_HAL_Driver/Src/stm32f1xx_hal_spi.o
 .debug_info    0x000166ce     0x2cb7 ./Drivers/STM32F1xx_HAL_Driver/Src/stm32f1xx_hal_tim.o
 .debug_info    0x00019385     0x161e ./Drivers/STM32F1xx_HAL_Driver/Src/stm32f1xx_hal_tim_ex.o
 .debug_info    0x0001a9a3     0x2eed ./Drivers/STM32F1xx_HAL_Driver/Src/stm32f1xx_hal_uart.o

.debug_abbrev   0x00000000     0x5ad2
 .debug_abbrev  0x00000000      0x500 ./Core/Src/App/comm.o
 .debug_abbrev  0x00000500      0x140 ./Core/Src/App/config.o
 .debug_abbrev  0x00000640      0x12c ./Core/Src/App/flasher.o
 .debug_abbrev  0x0000076c      0x10a ./Core/Src/App/input_proto.o
 .debug_abbrev  0x00000876      0x29c ./Core/Src/App/state_machine.o
 .debug_abbrev  0x00000b12      0x146 ./Core/Src/Drivers/flash_drv.o
 .debug_abbrev  0x00000c58      0x28a ./Core/Src/Drivers/heater_drv.o
 .debug_abbrev  0x00000ee2      0x2bf ./Core/Src/Drivers/pwm_drv.o
 .debug_abbrev  0x000011a1      0x20b ./Core/Src/Drivers/servo_drv.o
 .debug_abbrev  0x000013ac      0x132 ./Core/Src/Drivers/switches_drv.o
 .debug_abbrev  0x000014de      0x313 ./Core/Src/Drivers/thermo_drv.o
 .debug_abbrev  0x000017f1      0x301 ./Core/Src/Drivers/uart_drv.o
 .debug_abbrev  0x00001af2      0x170 ./Core/Src/Drivers/voltage_drv.o
 .debug_abbrev  0x00001c62      0x1fc ./Core/Src/adc.o
 .debug_abbrev  0x00001e5e      0x1e7 ./Core/Src/app.o
 .debug_abbrev  0x00002045       0xfc ./Core/Src/dma.o
 .debug_abbrev  0x00002141      0x2c4 ./Core/Src/ds18b20.o
 .debug_abbrev  0x00002405       0x51 ./Core/Src/fw_flags.o
 .debug_abbrev  0x00002456      0x150 ./Core/Src/gpio.o
 .debug_abbrev  0x000025a6      0x19a ./Core/Src/main.o
 .debug_abbrev  0x00002740      0x404 ./Core/Src/ow.o
 .debug_abbrev  0x00002b44      0x1bb ./Core/Src/rtc.o
 .debug_abbrev  0x00002cff      0x1f8 ./Core/Src/spi.o
 .debug_abbrev  0x00002ef7       0xdb ./Core/Src/stm32f1xx_hal_msp.o
 .debug_abbrev  0x00002fd2      0x251 ./Core/Src/stm32f1xx_it.o
 .debug_abbrev  0x00003223      0x13d ./Core/Src/system_stm32f1xx.o
 .debug_abbrev  0x00003360      0x299 ./Core/Src/tim.o
 .debug_abbrev  0x000035f9      0x232 ./Core/Src/usart.o
 .debug_abbrev  0x0000382b       0x24 ./Core/Startup/startup_stm32f103c8tx.o
 .debug_abbrev  0x0000384f      0x201 ./Drivers/STM32F1xx_HAL_Driver/Src/stm32f1xx_hal.o
 .debug_abbrev  0x00003a50      0x225 ./Drivers/STM32F1xx_HAL_Driver/Src/stm32f1xx_hal_adc.o
 .debug_abbrev  0x00003c75      0x2f8 ./Drivers/STM32F1xx_HAL_Driver/Src/stm32f1xx_hal_cortex.o
 .debug_abbrev  0x00003f6d      0x20b ./Drivers/STM32F1xx_HAL_Driver/Src/stm32f1xx_hal_dma.o
 .debug_abbrev  0x00004178      0x250 ./Drivers/STM32F1xx_HAL_Driver/Src/stm32f1xx_hal_flash.o
 .debug_abbrev  0x000043c8      0x247 ./Drivers/STM32F1xx_HAL_Driver/Src/stm32f1xx_hal_flash_ex.o
 .debug_abbrev  0x0000460f      0x1ca ./Drivers/STM32F1xx_HAL_Driver/Src/stm32f1xx_hal_gpio.o
 .debug_abbrev  0x000047d9      0x1f6 ./Drivers/STM32F1xx_HAL_Driver/Src/stm32f1xx_hal_pwr.o
 .debug_abbrev  0x000049cf      0x2b3 ./Drivers/STM32F1xx_HAL_Driver/Src/stm32f1xx_hal_rcc.o
 .debug_abbrev  0x00004c82      0x188 ./Drivers/STM32F1xx_HAL_Driver/Src/stm32f1xx_hal_rcc_ex.o
 .debug_abbrev  0x00004e0a      0x23a ./Drivers/STM32F1xx_HAL_Driver/Src/stm32f1xx_hal_rtc.o
 .debug_abbrev  0x00005044      0x27a ./Drivers/STM32F1xx_HAL_Driver/Src/stm32f1xx_hal_spi.o
 .debug_abbrev  0x000052be      0x289 ./Drivers/STM32F1xx_HAL_Driver/Src/stm32f1xx_hal_tim.o
 .debug_abbrev  0x00005547      0x293 ./Drivers/STM32F1xx_HAL_Driver/Src/stm32f1xx_hal_tim_ex.o
 .debug_abbrev  0x000057da      0x2f8 ./Drivers/STM32F1xx_HAL_Driver/Src/stm32f1xx_hal_uart.o

.debug_aranges  0x00000000     0x19c8
 .debug_aranges
                0x00000000      0x228 ./Core/Src/App/comm.o
 .debug_aranges
                0x00000228       0x38 ./Core/Src/App/config.o
 .debug_aranges
                0x00000260       0x30 ./Core/Src/App/flasher.o
 .debug_aranges
                0x00000290       0x30 ./Core/Src/App/input_proto.o
 .debug_aranges
                0x000002c0       0xa8 ./Core/Src/App/state_machine.o
 .debug_aranges
                0x00000368       0x28 ./Core/Src/Drivers/flash_drv.o
 .debug_aranges
                0x00000390       0x50 ./Core/Src/Drivers/heater_drv.o
 .debug_aranges
                0x000003e0       0x48 ./Core/Src/Drivers/pwm_drv.o
 .debug_aranges
                0x00000428       0x48 ./Core/Src/Drivers/servo_drv.o
 .debug_aranges
                0x00000470       0x28 ./Core/Src/Drivers/switches_drv.o
 .debug_aranges
                0x00000498       0x68 ./Core/Src/Drivers/thermo_drv.o
 .debug_aranges
                0x00000500       0x58 ./Core/Src/Drivers/uart_drv.o
 .debug_aranges
                0x00000558       0x30 ./Core/Src/Drivers/voltage_drv.o
 .debug_aranges
                0x00000588       0x38 ./Core/Src/adc.o
 .debug_aranges
                0x000005c0       0x58 ./Core/Src/app.o
 .debug_aranges
                0x00000618       0x20 ./Core/Src/dma.o
 .debug_aranges
                0x00000638       0x70 ./Core/Src/ds18b20.o
 .debug_aranges
                0x000006a8       0x18 ./Core/Src/fw_flags.o
 .debug_aranges
                0x000006c0       0x20 ./Core/Src/gpio.o
 .debug_aranges
                0x000006e0       0x30 ./Core/Src/main.o
 .debug_aranges
                0x00000710       0x78 ./Core/Src/ow.o
 .debug_aranges
                0x00000788       0x30 ./Core/Src/rtc.o
 .debug_aranges
                0x000007b8       0x30 ./Core/Src/spi.o
 .debug_aranges
                0x000007e8       0x20 ./Core/Src/stm32f1xx_hal_msp.o
 .debug_aranges
                0x00000808       0x98 ./Core/Src/stm32f1xx_it.o
 .debug_aranges
                0x000008a0       0x28 ./Core/Src/system_stm32f1xx.o
 .debug_aranges
                0x000008c8       0x50 ./Core/Src/tim.o
 .debug_aranges
                0x00000918       0x38 ./Core/Src/usart.o
 .debug_aranges
                0x00000950       0x28 ./Core/Startup/startup_stm32f103c8tx.o
 .debug_aranges
                0x00000978       0xe0 ./Drivers/STM32F1xx_HAL_Driver/Src/stm32f1xx_hal.o
 .debug_aranges
                0x00000a58       0xf0 ./Drivers/STM32F1xx_HAL_Driver/Src/stm32f1xx_hal_adc.o
 .debug_aranges
                0x00000b48      0x100 ./Drivers/STM32F1xx_HAL_Driver/Src/stm32f1xx_hal_cortex.o
 .debug_aranges
                0x00000c48       0x80 ./Drivers/STM32F1xx_HAL_Driver/Src/stm32f1xx_hal_dma.o
 .debug_aranges
                0x00000cc8       0x88 ./Drivers/STM32F1xx_HAL_Driver/Src/stm32f1xx_hal_flash.o
 .debug_aranges