../Drivers/CMSIS/Include/core_cm3.h:1762:34:__NVIC_SystemReset	4	static,ignoring_inline_asm
../Core/Src/stm32f1xx_it.c:74:6:NMI_Handler	4	static
../Core/Src/stm32f1xx_it.c:89:6:HardFault_Handler	16	static
../Core/Src/stm32f1xx_it.c:109:6:MemManage_Handler	4	static
../Core/Src/stm32f1xx_it.c:124:6:BusFault_Handler	4	static
../Core/Src/stm32f1xx_it.c:139:6:UsageFault_Handler	4	static
../Core/Src/stm32f1xx_it.c:154:6:SVC_Handler	4	static
../Core/Src/stm32f1xx_it.c:167:6:DebugMon_Handler	4	static
../Core/Src/stm32f1xx_it.c:180:6:PendSV_Handler	4	static
../Core/Src/stm32f1xx_it.c:193:6:SysTick_Handler	8	static
../Core/Src/stm32f1xx_it.c:214:6:DMA1_Channel4_IRQHandler	8	static
../Core/Src/stm32f1xx_it.c:228:6:DMA1_Channel7_IRQHandler	8	static
../Core/Src/stm32f1xx_it.c:242:6:TIM2_IRQHandler	8	static
../Core/Src/stm32f1xx_it.c:256:6:TIM4_IRQHandler	8	static
../Core/Src/stm32f1xx_it.c:270:6:USART1_IRQHandler	8	static
../Core/Src/stm32f1xx_it.c:284:6:USART2_IRQHandler	8	static
